


53336 errors and 6664 correct classifications

53335 errors and 6665 correct classifications

53345 errors and 6655 correct classifications

53445 errors and 6555 correct classifications

53467 errors and 6533 correct classifications

53503 errors and 6497 correct classifications

53520 errors and 6480 correct classifications


53343 errors and 6657 correct classifications

53422 errors and 6578 correct classifications

53501 errors and 6499 correct classifications

53430 errors and 6570 correct classifications

53582 errors and 6418 correct classifications

53653 errors and 6347 correct classifications


53579 errors and 6421 correct classifications

53376 errors and 6624 correct classifications

53516 errors and 6484 correct classifications

53532 errors and 6468 correct classifications

53658 errors and 6342 correct classifications

53675 errors and 6325 correct classifications

53691 errors and 6309 correct classifications


53735 errors and 6265 correct classifications

53735 errors and 6265 correct classifications

53735 errors and 6265 correct classifications

53735 errors and 6265 correct classifications


53258 errors and 6742 correct classifications

53258 errors and 6742 correct classifications

53258 errors and 6742 correct classifications


53735 errors and 6265 correct classifications

53735 errors and 6265 correct classifications

53735 errors and 6265 correct classifications

53735 errors and 6265 correct classifications

53735 errors and 6265 correct classifications

53735 errors and 6265 correct classifications

53735 errors and 6265 correct classifications



51318 errors and 8682 correct classifications

45649 errors and 14351 correct classifications

42088 errors and 17912 correct classifications

37832 errors and 22168 correct classifications

34564 errors and 25436 correct classifications

33265 errors and 26735 correct classifications

32805 errors and 27195 correct classifications

32438 errors and 27562 correct classifications

32198 errors and 27802 correct classifications

31912 errors and 28088 correct classifications


51447 errors and 8553 correct classifications



51239 errors and 8761 correct classifications






51346 errors and 8654 correct classifications

45637 errors and 14363 correct classifications


51405 errors and 8595 correct classifications


51347 errors and 8653 correct classifications

45646 errors and 14354 correct classifications




48851 errors and 11149 correct classifications

40532 errors and 19468 correct classifications

32312 errors and 27688 correct classifications

24956 errors and 35044 correct classifications

22561 errors and 37439 correct classifications

19754 errors and 40246 correct classifications


16218 errors and 43782 correct classifications

15774 errors and 44226 correct classifications

14081 errors and 45919 correct classifications

14595 errors and 45405 correct classifications

14273 errors and 45727 correct classifications

14777 errors and 45223 correct classifications

16555 errors and 43445 correct classifications

17092 errors and 42908 correct classifications

18306 errors and 41694 correct classifications

19325 errors and 40675 correct classifications

16956 errors and 43044 correct classifications

18651 errors and 41349 correct classifications

17345 errors and 42655 correct classifications

18919 errors and 41081 correct classifications

19659 errors and 40341 correct classifications

26184 errors and 33816 correct classifications

30745 errors and 29255 correct classifications

24738 errors and 35262 correct classifications

24998 errors and 35002 correct classifications

27047 errors and 32953 correct classifications

31832 errors and 28168 correct classifications


54042 errors and 5958 correct classifications

54042 errors and 5958 correct classifications

54042 errors and 5958 correct classifications

54042 errors and 5958 correct classifications

54042 errors and 5958 correct classifications


53258 errors and 6742 correct classifications

53258 errors and 6742 correct classifications

53258 errors and 6742 correct classifications

53258 errors and 6742 correct classifications

53258 errors and 6742 correct classifications

53258 errors and 6742 correct classifications

53258 errors and 6742 correct classifications

53258 errors and 6742 correct classifications

53405 errors and 6595 correct classifications

53782 errors and 6218 correct classifications

53842 errors and 6158 correct classifications

53719 errors and 6281 correct classifications

53753 errors and 6247 correct classifications

53823 errors and 6177 correct classifications

53797 errors and 6203 correct classifications

53830 errors and 6170 correct classifications

53627 errors and 6373 correct classifications

53828 errors and 6172 correct classifications

53841 errors and 6159 correct classifications

53764 errors and 6236 correct classifications

53871 errors and 6129 correct classifications

53991 errors and 6009 correct classifications


53735 errors and 6265 correct classifications

53735 errors and 6265 correct classifications

53735 errors and 6265 correct classifications

53735 errors and 6265 correct classifications

53735 errors and 6265 correct classifications

53735 errors and 6265 correct classifications

53608 errors and 6392 correct classifications

53835 errors and 6165 correct classifications

53643 errors and 6357 correct classifications

53773 errors and 6227 correct classifications

53614 errors and 6386 correct classifications

53816 errors and 6184 correct classifications

53786 errors and 6214 correct classifications

53663 errors and 6337 correct classifications

53814 errors and 6186 correct classifications

53807 errors and 6193 correct classifications

53830 errors and 6170 correct classifications

53703 errors and 6297 correct classifications

53929 errors and 6071 correct classifications

53782 errors and 6218 correct classifications

53924 errors and 6076 correct classifications

53795 errors and 6205 correct classifications

53964 errors and 6036 correct classifications

53778 errors and 6222 correct classifications

53841 errors and 6159 correct classifications

53994 errors and 6006 correct classifications

53972 errors and 6028 correct classifications

53837 errors and 6163 correct classifications

53834 errors and 6166 correct classifications

53871 errors and 6129 correct classifications

53795 errors and 6205 correct classifications

53916 errors and 6084 correct classifications

53859 errors and 6141 correct classifications

53893 errors and 6107 correct classifications

53919 errors and 6081 correct classifications


48351 errors and 11649 correct classifications

40674 errors and 19326 correct classifications

32295 errors and 27705 correct classifications

25328 errors and 34672 correct classifications

21383 errors and 38617 correct classifications

19493 errors and 40507 correct classifications

19123 errors and 40877 correct classifications

20149 errors and 39851 correct classifications

20550 errors and 39450 correct classifications

21027 errors and 38973 correct classifications

20771 errors and 39229 correct classifications

21461 errors and 38539 correct classifications

20156 errors and 39844 correct classifications

18956 errors and 41044 correct classifications

22458 errors and 37542 correct classifications

23066 errors and 36934 correct classifications

20917 errors and 39083 correct classifications

22946 errors and 37054 correct classifications

28698 errors and 31302 correct classifications

29317 errors and 30683 correct classifications

24917 errors and 35083 correct classifications

23145 errors and 36855 correct classifications

26354 errors and 33646 correct classifications

24242 errors and 35758 correct classifications

24175 errors and 35825 correct classifications

22146 errors and 37854 correct classifications

25565 errors and 34435 correct classifications

25007 errors and 34993 correct classifications

22401 errors and 37599 correct classifications

28203 errors and 31797 correct classifications

29748 errors and 30252 correct classifications

28182 errors and 31818 correct classifications

29257 errors and 30743 correct classifications

27956 errors and 32044 correct classifications

27487 errors and 32513 correct classifications

26570 errors and 33430 correct classifications

29966 errors and 30034 correct classifications

26701 errors and 33299 correct classifications

28366 errors and 31634 correct classifications

31180 errors and 28820 correct classifications

29011 errors and 30989 correct classifications

30594 errors and 29406 correct classifications

31397 errors and 28603 correct classifications

32551 errors and 27449 correct classifications

32122 errors and 27878 correct classifications

29751 errors and 30249 correct classifications

30712 errors and 29288 correct classifications

32743 errors and 27257 correct classifications

30522 errors and 29478 correct classifications

29096 errors and 30904 correct classifications

30591 errors and 29409 correct classifications

29853 errors and 30147 correct classifications

28908 errors and 31092 correct classifications

28045 errors and 31955 correct classifications

29085 errors and 30915 correct classifications

31749 errors and 28251 correct classifications

29036 errors and 30964 correct classifications

29782 errors and 30218 correct classifications

29592 errors and 30408 correct classifications

27673 errors and 32327 correct classifications

27488 errors and 32512 correct classifications

28303 errors and 31697 correct classifications

27914 errors and 32086 correct classifications

29126 errors and 30874 correct classifications

28436 errors and 31564 correct classifications

32096 errors and 27904 correct classifications

31954 errors and 28046 correct classifications

31183 errors and 28817 correct classifications

28433 errors and 31567 correct classifications

32218 errors and 27782 correct classifications

34941 errors and 25059 correct classifications

33558 errors and 26442 correct classifications

35334 errors and 24666 correct classifications

37062 errors and 22938 correct classifications



53298 errors and 6702 correct classifications

53315 errors and 6685 correct classifications

53364 errors and 6636 correct classifications

53404 errors and 6596 correct classifications

53406 errors and 6594 correct classifications


53358 errors and 6642 correct classifications

53324 errors and 6676 correct classifications

53379 errors and 6621 correct classifications

53384 errors and 6616 correct classifications

53518 errors and 6482 correct classifications

53504 errors and 6496 correct classifications

53518 errors and 6482 correct classifications


54535 errors and 5465 correct classifications

54579 errors and 5421 correct classifications


53290 errors and 6710 correct classifications

53305 errors and 6695 correct classifications

53410 errors and 6590 correct classifications



47212 errors and 12788 correct classifications

36057 errors and 23943 correct classifications

28623 errors and 31377 correct classifications

23089 errors and 36911 correct classifications

18481 errors and 41519 correct classifications

16884 errors and 43116 correct classifications

17563 errors and 42437 correct classifications

18709 errors and 41291 correct classifications

16117 errors and 43883 correct classifications

18795 errors and 41205 correct classifications

19975 errors and 40025 correct classifications

17865 errors and 42135 correct classifications

18132 errors and 41868 correct classifications

18720 errors and 41280 correct classifications

21881 errors and 38119 correct classifications

21080 errors and 38920 correct classifications

17931 errors and 42069 correct classifications

17737 errors and 42263 correct classifications

18152 errors and 41848 correct classifications

18992 errors and 41008 correct classifications

18344 errors and 41656 correct classifications

19353 errors and 40647 correct classifications

17817 errors and 42183 correct classifications

20057 errors and 39943 correct classifications

23710 errors and 36290 correct classifications

24194 errors and 35806 correct classifications

23380 errors and 36620 correct classifications

22921 errors and 37079 correct classifications

25771 errors and 34229 correct classifications

26014 errors and 33986 correct classifications

26622 errors and 33378 correct classifications

25008 errors and 34992 correct classifications

23468 errors and 36532 correct classifications

30908 errors and 29092 correct classifications

28499 errors and 31501 correct classifications

26884 errors and 33116 correct classifications

22576 errors and 37424 correct classifications

22074 errors and 37926 correct classifications

22455 errors and 37545 correct classifications

21517 errors and 38483 correct classifications

23146 errors and 36854 correct classifications

27573 errors and 32427 correct classifications

26782 errors and 33218 correct classifications

25554 errors and 34446 correct classifications

27807 errors and 32193 correct classifications

32368 errors and 27632 correct classifications

33013 errors and 26987 correct classifications

29245 errors and 30755 correct classifications

31212 errors and 28788 correct classifications

30317 errors and 29683 correct classifications

32303 errors and 27697 correct classifications

28224 errors and 31776 correct classifications

26132 errors and 33868 correct classifications

26054 errors and 33946 correct classifications

28954 errors and 31046 correct classifications

28933 errors and 31067 correct classifications

33254 errors and 26746 correct classifications

32655 errors and 27345 correct classifications

32701 errors and 27299 correct classifications

34398 errors and 25602 correct classifications

36314 errors and 23686 correct classifications

37469 errors and 22531 correct classifications

33678 errors and 26322 correct classifications

32698 errors and 27302 correct classifications

31488 errors and 28512 correct classifications

30546 errors and 29454 correct classifications

33633 errors and 26367 correct classifications


38120 errors and 21880 correct classifications

23541 errors and 36459 correct classifications

20314 errors and 39686 correct classifications

19293 errors and 40707 correct classifications

18596 errors and 41404 correct classifications

15897 errors and 44103 correct classifications


14966 errors and 45034 correct classifications

15108 errors and 44892 correct classifications

14729 errors and 45271 correct classifications

16105 errors and 43895 correct classifications

15419 errors and 44581 correct classifications

15523 errors and 44477 correct classifications

15457 errors and 44543 correct classifications

15621 errors and 44379 correct classifications

15890 errors and 44110 correct classifications

12841 errors and 47159 correct classifications

13375 errors and 46625 correct classifications

14487 errors and 45513 correct classifications

14586 errors and 45414 correct classifications

14491 errors and 45509 correct classifications

14103 errors and 45897 correct classifications

13975 errors and 46025 correct classifications

14164 errors and 45836 correct classifications

15160 errors and 44840 correct classifications

14889 errors and 45111 correct classifications

14112 errors and 45888 correct classifications

15232 errors and 44768 correct classifications

15804 errors and 44196 correct classifications

14775 errors and 45225 correct classifications

13835 errors and 46165 correct classifications

13487 errors and 46513 correct classifications

12174 errors and 47826 correct classifications

12206 errors and 47794 correct classifications

12083 errors and 47917 correct classifications

13708 errors and 46292 correct classifications

15210 errors and 44790 correct classifications

13980 errors and 46020 correct classifications

12809 errors and 47191 correct classifications

12275 errors and 47725 correct classifications

11618 errors and 48382 correct classifications

12314 errors and 47686 correct classifications

11954 errors and 48046 correct classifications

12424 errors and 47576 correct classifications

11948 errors and 48052 correct classifications

11660 errors and 48340 correct classifications

11076 errors and 48924 correct classifications

11217 errors and 48783 correct classifications

10626 errors and 49374 correct classifications

10436 errors and 49564 correct classifications

10170 errors and 49830 correct classifications

10478 errors and 49522 correct classifications

10655 errors and 49345 correct classifications

9671 errors and 50329 correct classifications

9497 errors and 50503 correct classifications

10290 errors and 49710 correct classifications

9869 errors and 50131 correct classifications

9858 errors and 50142 correct classifications

9605 errors and 50395 correct classifications

8940 errors and 51060 correct classifications

9617 errors and 50383 correct classifications

10867 errors and 49133 correct classifications

9793 errors and 50207 correct classifications

9294 errors and 50706 correct classifications

9214 errors and 50786 correct classifications

10331 errors and 49669 correct classifications

9870 errors and 50130 correct classifications

9657 errors and 50343 correct classifications

9837 errors and 50163 correct classifications

9900 errors and 50100 correct classifications

10339 errors and 49661 correct classifications

9957 errors and 50043 correct classifications

10431 errors and 49569 correct classifications

10328 errors and 49672 correct classifications

10101 errors and 49899 correct classifications

9071 errors and 50929 correct classifications

9080 errors and 50920 correct classifications

9240 errors and 50760 correct classifications

9565 errors and 50435 correct classifications

10901 errors and 49099 correct classifications

10984 errors and 49016 correct classifications

9944 errors and 50056 correct classifications

9846 errors and 50154 correct classifications

10047 errors and 49953 correct classifications

9696 errors and 50304 correct classifications

9415 errors and 50585 correct classifications

11384 errors and 48616 correct classifications

10986 errors and 49014 correct classifications

11262 errors and 48738 correct classifications

11020 errors and 48980 correct classifications

10538 errors and 49462 correct classifications

9385 errors and 50615 correct classifications

9504 errors and 50496 correct classifications

9525 errors and 50475 correct classifications

9521 errors and 50479 correct classifications

9143 errors and 50857 correct classifications

8806 errors and 51194 correct classifications

8615 errors and 51385 correct classifications

9067 errors and 50933 correct classifications

9140 errors and 50860 correct classifications

8903 errors and 51097 correct classifications

9071 errors and 50929 correct classifications

9156 errors and 50844 correct classifications

8423 errors and 51577 correct classifications

8196 errors and 51804 correct classifications

8664 errors and 51336 correct classifications

8259 errors and 51741 correct classifications

7889 errors and 52111 correct classifications

7889 errors and 52111 correct classifications

7814 errors and 52186 correct classifications

7907 errors and 52093 correct classifications

8034 errors and 51966 correct classifications

7951 errors and 52049 correct classifications

7779 errors and 52221 correct classifications

7708 errors and 52292 correct classifications

7756 errors and 52244 correct classifications

7760 errors and 52240 correct classifications

7718 errors and 52282 correct classifications

7677 errors and 52323 correct classifications

7648 errors and 52352 correct classifications

7639 errors and 52361 correct classifications

7759 errors and 52241 correct classifications

7588 errors and 52412 correct classifications

7606 errors and 52394 correct classifications

7543 errors and 52457 correct classifications

7559 errors and 52441 correct classifications

7423 errors and 52577 correct classifications

7343 errors and 52657 correct classifications

7445 errors and 52555 correct classifications

7503 errors and 52497 correct classifications

7428 errors and 52572 correct classifications

7338 errors and 52662 correct classifications

7481 errors and 52519 correct classifications

7508 errors and 52492 correct classifications

7404 errors and 52596 correct classifications

7243 errors and 52757 correct classifications

7088 errors and 52912 correct classifications

7213 errors and 52787 correct classifications

7301 errors and 52699 correct classifications

7130 errors and 52870 correct classifications

7182 errors and 52818 correct classifications

7033 errors and 52967 correct classifications

7076 errors and 52924 correct classifications

7040 errors and 52960 correct classifications

7151 errors and 52849 correct classifications

7187 errors and 52813 correct classifications

7290 errors and 52710 correct classifications

7369 errors and 52631 correct classifications

7350 errors and 52650 correct classifications

7292 errors and 52708 correct classifications

7268 errors and 52732 correct classifications

7180 errors and 52820 correct classifications

7098 errors and 52902 correct classifications

7038 errors and 52962 correct classifications

7037 errors and 52963 correct classifications

7103 errors and 52897 correct classifications

7048 errors and 52952 correct classifications

7024 errors and 52976 correct classifications

6783 errors and 53217 correct classifications

6796 errors and 53204 correct classifications

6883 errors and 53117 correct classifications

6918 errors and 53082 correct classifications

6797 errors and 53203 correct classifications

6880 errors and 53120 correct classifications


7104 errors and 52896 correct classifications

7065 errors and 52935 correct classifications

7136 errors and 52864 correct classifications

7044 errors and 52956 correct classifications

7036 errors and 52964 correct classifications

6931 errors and 53069 correct classifications

6909 errors and 53091 correct classifications

6860 errors and 53140 correct classifications

6800 errors and 53200 correct classifications

6805 errors and 53195 correct classifications

6827 errors and 53173 correct classifications

6752 errors and 53248 correct classifications

6692 errors and 53308 correct classifications

6616 errors and 53384 correct classifications

6569 errors and 53431 correct classifications

6572 errors and 53428 correct classifications

6553 errors and 53447 correct classifications

6573 errors and 53427 correct classifications

6580 errors and 53420 correct classifications

6546 errors and 53454 correct classifications

6528 errors and 53472 correct classifications

6455 errors and 53545 correct classifications

6435 errors and 53565 correct classifications

6481 errors and 53519 correct classifications

6436 errors and 53564 correct classifications

6437 errors and 53563 correct classifications

6334 errors and 53666 correct classifications

6357 errors and 53643 correct classifications

6356 errors and 53644 correct classifications

6357 errors and 53643 correct classifications

6351 errors and 53649 correct classifications

6407 errors and 53593 correct classifications

6418 errors and 53582 correct classifications

6393 errors and 53607 correct classifications

6373 errors and 53627 correct classifications

6345 errors and 53655 correct classifications

6319 errors and 53681 correct classifications

6278 errors and 53722 correct classifications

6302 errors and 53698 correct classifications

6254 errors and 53746 correct classifications

6187 errors and 53813 correct classifications

6213 errors and 53787 correct classifications

6211 errors and 53789 correct classifications

6229 errors and 53771 correct classifications

6247 errors and 53753 correct classifications

6293 errors and 53707 correct classifications

6278 errors and 53722 correct classifications

6258 errors and 53742 correct classifications

6226 errors and 53774 correct classifications

6222 errors and 53778 correct classifications

6239 errors and 53761 correct classifications

6264 errors and 53736 correct classifications

6264 errors and 53736 correct classifications

6288 errors and 53712 correct classifications

6256 errors and 53744 correct classifications

6242 errors and 53758 correct classifications

6279 errors and 53721 correct classifications

6336 errors and 53664 correct classifications

6298 errors and 53702 correct classifications

6316 errors and 53684 correct classifications

6272 errors and 53728 correct classifications

6208 errors and 53792 correct classifications

6227 errors and 53773 correct classifications

6277 errors and 53723 correct classifications

6305 errors and 53695 correct classifications

6308 errors and 53692 correct classifications

6320 errors and 53680 correct classifications

6329 errors and 53671 correct classifications

6312 errors and 53688 correct classifications

6316 errors and 53684 correct classifications

6283 errors and 53717 correct classifications

6215 errors and 53785 correct classifications

6204 errors and 53796 correct classifications

6252 errors and 53748 correct classifications

6233 errors and 53767 correct classifications

6204 errors and 53796 correct classifications

6218 errors and 53782 correct classifications

6246 errors and 53754 correct classifications

6216 errors and 53784 correct classifications

6150 errors and 53850 correct classifications

6138 errors and 53862 correct classifications

6153 errors and 53847 correct classifications

6166 errors and 53834 correct classifications

6133 errors and 53867 correct classifications

6064 errors and 53936 correct classifications

6101 errors and 53899 correct classifications

6096 errors and 53904 correct classifications

6069 errors and 53931 correct classifications

6078 errors and 53922 correct classifications

6077 errors and 53923 correct classifications

6098 errors and 53902 correct classifications

6174 errors and 53826 correct classifications

6186 errors and 53814 correct classifications

6108 errors and 53892 correct classifications

6096 errors and 53904 correct classifications

6100 errors and 53900 correct classifications

6128 errors and 53872 correct classifications

6121 errors and 53879 correct classifications

6072 errors and 53928 correct classifications


6075 errors and 53925 correct classifications

6060 errors and 53940 correct classifications

6111 errors and 53889 correct classifications

6051 errors and 53949 correct classifications

6052 errors and 53948 correct classifications

6019 errors and 53981 correct classifications

5945 errors and 54055 correct classifications

5956 errors and 54044 correct classifications

5942 errors and 54058 correct classifications

5988 errors and 54012 correct classifications

5942 errors and 54058 correct classifications

5936 errors and 54064 correct classifications

5969 errors and 54031 correct classifications

5985 errors and 54015 correct classifications

6017 errors and 53983 correct classifications

6003 errors and 53997 correct classifications

5990 errors and 54010 correct classifications

6014 errors and 53986 correct classifications

6028 errors and 53972 correct classifications

6065 errors and 53935 correct classifications

6050 errors and 53950 correct classifications

5993 errors and 54007 correct classifications

5989 errors and 54011 correct classifications

5955 errors and 54045 correct classifications

5979 errors and 54021 correct classifications

6041 errors and 53959 correct classifications

6013 errors and 53987 correct classifications

6035 errors and 53965 correct classifications

6108 errors and 53892 correct classifications

6096 errors and 53904 correct classifications

6002 errors and 53998 correct classifications

6027 errors and 53973 correct classifications

6001 errors and 53999 correct classifications

6032 errors and 53968 correct classifications

6002 errors and 53998 correct classifications

6012 errors and 53988 correct classifications

6100 errors and 53900 correct classifications

6121 errors and 53879 correct classifications

6090 errors and 53910 correct classifications

6061 errors and 53939 correct classifications

5999 errors and 54001 correct classifications

6023 errors and 53977 correct classifications

5996 errors and 54004 correct classifications

5990 errors and 54010 correct classifications

6002 errors and 53998 correct classifications

5991 errors and 54009 correct classifications

5962 errors and 54038 correct classifications

5938 errors and 54062 correct classifications

5940 errors and 54060 correct classifications

5960 errors and 54040 correct classifications

5997 errors and 54003 correct classifications

5975 errors and 54025 correct classifications

5997 errors and 54003 correct classifications

5994 errors and 54006 correct classifications

6001 errors and 53999 correct classifications

5987 errors and 54013 correct classifications

5983 errors and 54017 correct classifications

5981 errors and 54019 correct classifications

5929 errors and 54071 correct classifications

5941 errors and 54059 correct classifications

5888 errors and 54112 correct classifications

5904 errors and 54096 correct classifications

5937 errors and 54063 correct classifications

5884 errors and 54116 correct classifications

5839 errors and 54161 correct classifications

5900 errors and 54100 correct classifications

5864 errors and 54136 correct classifications

5854 errors and 54146 correct classifications

5839 errors and 54161 correct classifications

5845 errors and 54155 correct classifications

5824 errors and 54176 correct classifications

5865 errors and 54135 correct classifications

5830 errors and 54170 correct classifications

5838 errors and 54162 correct classifications

5837 errors and 54163 correct classifications

5791 errors and 54209 correct classifications

5805 errors and 54195 correct classifications

5820 errors and 54180 correct classifications

5757 errors and 54243 correct classifications

5740 errors and 54260 correct classifications

5751 errors and 54249 correct classifications

5705 errors and 54295 correct classifications

5811 errors and 54189 correct classifications

5826 errors and 54174 correct classifications

5771 errors and 54229 correct classifications

5786 errors and 54214 correct classifications

5729 errors and 54271 correct classifications

5782 errors and 54218 correct classifications

5838 errors and 54162 correct classifications

5796 errors and 54204 correct classifications

5874 errors and 54126 correct classifications

5935 errors and 54065 correct classifications

5863 errors and 54137 correct classifications

5851 errors and 54149 correct classifications

5880 errors and 54120 correct classifications

5882 errors and 54118 correct classifications

5839 errors and 54161 correct classifications

5883 errors and 54117 correct classifications

5881 errors and 54119 correct classifications

5897 errors and 54103 correct classifications

5927 errors and 54073 correct classifications

5832 errors and 54168 correct classifications

5816 errors and 54184 correct classifications

5737 errors and 54263 correct classifications

5741 errors and 54259 correct classifications

5706 errors and 54294 correct classifications

5718 errors and 54282 correct classifications

5727 errors and 54273 correct classifications

5745 errors and 54255 correct classifications

5763 errors and 54237 correct classifications

5696 errors and 54304 correct classifications

5721 errors and 54279 correct classifications

5705 errors and 54295 correct classifications

5716 errors and 54284 correct classifications

5700 errors and 54300 correct classifications

5686 errors and 54314 correct classifications

5713 errors and 54287 correct classifications

5720 errors and 54280 correct classifications

5685 errors and 54315 correct classifications

5729 errors and 54271 correct classifications

5660 errors and 54340 correct classifications

5670 errors and 54330 correct classifications

5687 errors and 54313 correct classifications

5663 errors and 54337 correct classifications

5659 errors and 54341 correct classifications

5633 errors and 54367 correct classifications

5631 errors and 54369 correct classifications

5604 errors and 54396 correct classifications

5622 errors and 54378 correct classifications

5651 errors and 54349 correct classifications

5671 errors and 54329 correct classifications

5631 errors and 54369 correct classifications

5555 errors and 54445 correct classifications

5552 errors and 54448 correct classifications

5581 errors and 54419 correct classifications

5645 errors and 54355 correct classifications

5667 errors and 54333 correct classifications

5766 errors and 54234 correct classifications

5888 errors and 54112 correct classifications

5858 errors and 54142 correct classifications

5804 errors and 54196 correct classifications

5787 errors and 54213 correct classifications

5702 errors and 54298 correct classifications

5745 errors and 54255 correct classifications

5756 errors and 54244 correct classifications

5768 errors and 54232 correct classifications

5791 errors and 54209 correct classifications

5806 errors and 54194 correct classifications

5771 errors and 54229 correct classifications

5715 errors and 54285 correct classifications

5719 errors and 54281 correct classifications

5720 errors and 54280 correct classifications

5818 errors and 54182 correct classifications

5837 errors and 54163 correct classifications

5785 errors and 54215 correct classifications

5777 errors and 54223 correct classifications

5858 errors and 54142 correct classifications

5851 errors and 54149 correct classifications

5846 errors and 54154 correct classifications

5883 errors and 54117 correct classifications

5931 errors and 54069 correct classifications

5896 errors and 54104 correct classifications

5828 errors and 54172 correct classifications

5789 errors and 54211 correct classifications

5792 errors and 54208 correct classifications

5818 errors and 54182 correct classifications

5834 errors and 54166 correct classifications

5862 errors and 54138 correct classifications

5801 errors and 54199 correct classifications

5772 errors and 54228 correct classifications

5758 errors and 54242 correct classifications

5828 errors and 54172 correct classifications

5826 errors and 54174 correct classifications

5816 errors and 54184 correct classifications

5805 errors and 54195 correct classifications

5899 errors and 54101 correct classifications

5796 errors and 54204 correct classifications

5866 errors and 54134 correct classifications

5853 errors and 54147 correct classifications

5825 errors and 54175 correct classifications

5786 errors and 54214 correct classifications

5795 errors and 54205 correct classifications

5812 errors and 54188 correct classifications

5846 errors and 54154 correct classifications

5889 errors and 54111 correct classifications

5829 errors and 54171 correct classifications

5817 errors and 54183 correct classifications

5804 errors and 54196 correct classifications

5744 errors and 54256 correct classifications

5704 errors and 54296 correct classifications

5689 errors and 54311 correct classifications

5744 errors and 54256 correct classifications

5789 errors and 54211 correct classifications

5810 errors and 54190 correct classifications

5791 errors and 54209 correct classifications

5860 errors and 54140 correct classifications

5908 errors and 54092 correct classifications

5912 errors and 54088 correct classifications

5902 errors and 54098 correct classifications

5940 errors and 54060 correct classifications

5836 errors and 54164 correct classifications

5810 errors and 54190 correct classifications

5818 errors and 54182 correct classifications

5837 errors and 54163 correct classifications

5803 errors and 54197 correct classifications

5788 errors and 54212 correct classifications

5766 errors and 54234 correct classifications

5757 errors and 54243 correct classifications

5744 errors and 54256 correct classifications

5770 errors and 54230 correct classifications

5721 errors and 54279 correct classifications

5718 errors and 54282 correct classifications

5761 errors and 54239 correct classifications

5733 errors and 54267 correct classifications

5732 errors and 54268 correct classifications

5662 errors and 54338 correct classifications

5606 errors and 54394 correct classifications

5586 errors and 54414 correct classifications

5653 errors and 54347 correct classifications

5634 errors and 54366 correct classifications

5627 errors and 54373 correct classifications

5667 errors and 54333 correct classifications

5723 errors and 54277 correct classifications

5757 errors and 54243 correct classifications

5684 errors and 54316 correct classifications

5596 errors and 54404 correct classifications

5600 errors and 54400 correct classifications

5601 errors and 54399 correct classifications

5601 errors and 54399 correct classifications

5551 errors and 54449 correct classifications

5563 errors and 54437 correct classifications

5559 errors and 54441 correct classifications

5591 errors and 54409 correct classifications

5596 errors and 54404 correct classifications

5613 errors and 54387 correct classifications

5613 errors and 54387 correct classifications

5636 errors and 54364 correct classifications

5589 errors and 54411 correct classifications

5541 errors and 54459 correct classifications

5550 errors and 54450 correct classifications

5531 errors and 54469 correct classifications

5593 errors and 54407 correct classifications

5575 errors and 54425 correct classifications

5569 errors and 54431 correct classifications

5520 errors and 54480 correct classifications

5506 errors and 54494 correct classifications

5532 errors and 54468 correct classifications

5502 errors and 54498 correct classifications

5448 errors and 54552 correct classifications

5427 errors and 54573 correct classifications

5496 errors and 54504 correct classifications

5466 errors and 54534 correct classifications

5458 errors and 54542 correct classifications

5490 errors and 54510 correct classifications

5480 errors and 54520 correct classifications

5472 errors and 54528 correct classifications

5469 errors and 54531 correct classifications

5439 errors and 54561 correct classifications

5427 errors and 54573 correct classifications

5472 errors and 54528 correct classifications

5457 errors and 54543 correct classifications

5415 errors and 54585 correct classifications

5407 errors and 54593 correct classifications

5470 errors and 54530 correct classifications

5483 errors and 54517 correct classifications

5505 errors and 54495 correct classifications

5516 errors and 54484 correct classifications

5442 errors and 54558 correct classifications

5457 errors and 54543 correct classifications

5592 errors and 54408 correct classifications

5552 errors and 54448 correct classifications

5517 errors and 54483 correct classifications

5486 errors and 54514 correct classifications

5460 errors and 54540 correct classifications

5473 errors and 54527 correct classifications

5491 errors and 54509 correct classifications

5502 errors and 54498 correct classifications

5508 errors and 54492 correct classifications

5471 errors and 54529 correct classifications

5500 errors and 54500 correct classifications

5517 errors and 54483 correct classifications

5553 errors and 54447 correct classifications

5506 errors and 54494 correct classifications

5478 errors and 54522 correct classifications

5482 errors and 54518 correct classifications

5506 errors and 54494 correct classifications

5481 errors and 54519 correct classifications

5493 errors and 54507 correct classifications

5475 errors and 54525 correct classifications

5433 errors and 54567 correct classifications

5400 errors and 54600 correct classifications

5407 errors and 54593 correct classifications

5426 errors and 54574 correct classifications

5437 errors and 54563 correct classifications

5464 errors and 54536 correct classifications

5455 errors and 54545 correct classifications

5499 errors and 54501 correct classifications

5445 errors and 54555 correct classifications

5453 errors and 54547 correct classifications

5450 errors and 54550 correct classifications

5507 errors and 54493 correct classifications

5576 errors and 54424 correct classifications

5526 errors and 54474 correct classifications

5593 errors and 54407 correct classifications

5528 errors and 54472 correct classifications

5522 errors and 54478 correct classifications

5492 errors and 54508 correct classifications

5486 errors and 54514 correct classifications

5508 errors and 54492 correct classifications

5486 errors and 54514 correct classifications

5462 errors and 54538 correct classifications

5465 errors and 54535 correct classifications

5443 errors and 54557 correct classifications

5392 errors and 54608 correct classifications

5456 errors and 54544 correct classifications

5420 errors and 54580 correct classifications

5449 errors and 54551 correct classifications

5433 errors and 54567 correct classifications

5427 errors and 54573 correct classifications

5405 errors and 54595 correct classifications

5440 errors and 54560 correct classifications

5509 errors and 54491 correct classifications

5512 errors and 54488 correct classifications

5465 errors and 54535 correct classifications

5479 errors and 54521 correct classifications

5486 errors and 54514 correct classifications

5409 errors and 54591 correct classifications

5371 errors and 54629 correct classifications

5370 errors and 54630 correct classifications

5400 errors and 54600 correct classifications

5400 errors and 54600 correct classifications

5394 errors and 54606 correct classifications

5353 errors and 54647 correct classifications

5321 errors and 54679 correct classifications

5351 errors and 54649 correct classifications

5328 errors and 54672 correct classifications

5294 errors and 54706 correct classifications

5324 errors and 54676 correct classifications

5322 errors and 54678 correct classifications

5251 errors and 54749 correct classifications

5277 errors and 54723 correct classifications

5329 errors and 54671 correct classifications

5321 errors and 54679 correct classifications

5326 errors and 54674 correct classifications

5309 errors and 54691 correct classifications

5355 errors and 54645 correct classifications

5376 errors and 54624 correct classifications

5391 errors and 54609 correct classifications

5408 errors and 54592 correct classifications

5398 errors and 54602 correct classifications

5449 errors and 54551 correct classifications

5488 errors and 54512 correct classifications

5510 errors and 54490 correct classifications

5513 errors and 54487 correct classifications

5536 errors and 54464 correct classifications

5523 errors and 54477 correct classifications

5541 errors and 54459 correct classifications

5534 errors and 54466 correct classifications

5469 errors and 54531 correct classifications

5551 errors and 54449 correct classifications

5547 errors and 54453 correct classifications

5542 errors and 54458 correct classifications

5547 errors and 54453 correct classifications

5576 errors and 54424 correct classifications

5552 errors and 54448 correct classifications

5490 errors and 54510 correct classifications

5503 errors and 54497 correct classifications

5437 errors and 54563 correct classifications

5391 errors and 54609 correct classifications

5336 errors and 54664 correct classifications

5345 errors and 54655 correct classifications

5310 errors and 54690 correct classifications

5316 errors and 54684 correct classifications

5373 errors and 54627 correct classifications

5412 errors and 54588 correct classifications

5403 errors and 54597 correct classifications

5353 errors and 54647 correct classifications

5333 errors and 54667 correct classifications

5343 errors and 54657 correct classifications

5320 errors and 54680 correct classifications

5337 errors and 54663 correct classifications

5344 errors and 54656 correct classifications

5342 errors and 54658 correct classifications

5351 errors and 54649 correct classifications

5381 errors and 54619 correct classifications

5376 errors and 54624 correct classifications

5373 errors and 54627 correct classifications

5397 errors and 54603 correct classifications

5445 errors and 54555 correct classifications

5472 errors and 54528 correct classifications

5465 errors and 54535 correct classifications

5462 errors and 54538 correct classifications

5412 errors and 54588 correct classifications

5389 errors and 54611 correct classifications

5464 errors and 54536 correct classifications

5479 errors and 54521 correct classifications

5421 errors and 54579 correct classifications

5401 errors and 54599 correct classifications

5393 errors and 54607 correct classifications

5386 errors and 54614 correct classifications

5410 errors and 54590 correct classifications

5464 errors and 54536 correct classifications

5454 errors and 54546 correct classifications

5386 errors and 54614 correct classifications

5312 errors and 54688 correct classifications

5314 errors and 54686 correct classifications

5328 errors and 54672 correct classifications

5364 errors and 54636 correct classifications

5370 errors and 54630 correct classifications

5402 errors and 54598 correct classifications

5334 errors and 54666 correct classifications

5360 errors and 54640 correct classifications

5318 errors and 54682 correct classifications

5353 errors and 54647 correct classifications

5324 errors and 54676 correct classifications

5298 errors and 54702 correct classifications

5277 errors and 54723 correct classifications

5292 errors and 54708 correct classifications

5271 errors and 54729 correct classifications

5315 errors and 54685 correct classifications

5308 errors and 54692 correct classifications

5244 errors and 54756 correct classifications

5233 errors and 54767 correct classifications

5254 errors and 54746 correct classifications

5227 errors and 54773 correct classifications

5264 errors and 54736 correct classifications

5276 errors and 54724 correct classifications

5327 errors and 54673 correct classifications

5310 errors and 54690 correct classifications

5311 errors and 54689 correct classifications

5302 errors and 54698 correct classifications

5239 errors and 54761 correct classifications

5275 errors and 54725 correct classifications

5306 errors and 54694 correct classifications

5262 errors and 54738 correct classifications

5234 errors and 54766 correct classifications

5256 errors and 54744 correct classifications

5263 errors and 54737 correct classifications

5222 errors and 54778 correct classifications

5252 errors and 54748 correct classifications

5257 errors and 54743 correct classifications

5310 errors and 54690 correct classifications

5300 errors and 54700 correct classifications

5331 errors and 54669 correct classifications

5249 errors and 54751 correct classifications

5197 errors and 54803 correct classifications

5205 errors and 54795 correct classifications

5234 errors and 54766 correct classifications

5281 errors and 54719 correct classifications

5264 errors and 54736 correct classifications

5243 errors and 54757 correct classifications

5264 errors and 54736 correct classifications

5310 errors and 54690 correct classifications

5267 errors and 54733 correct classifications

5297 errors and 54703 correct classifications

5264 errors and 54736 correct classifications

5297 errors and 54703 correct classifications

5328 errors and 54672 correct classifications

5302 errors and 54698 correct classifications

5312 errors and 54688 correct classifications

5268 errors and 54732 correct classifications

5269 errors and 54731 correct classifications

5279 errors and 54721 correct classifications

5281 errors and 54719 correct classifications

5276 errors and 54724 correct classifications

5281 errors and 54719 correct classifications

5278 errors and 54722 correct classifications

5255 errors and 54745 correct classifications

5256 errors and 54744 correct classifications

5299 errors and 54701 correct classifications

5286 errors and 54714 correct classifications

5308 errors and 54692 correct classifications

5345 errors and 54655 correct classifications

5289 errors and 54711 correct classifications

5342 errors and 54658 correct classifications

5404 errors and 54596 correct classifications

5363 errors and 54637 correct classifications

5292 errors and 54708 correct classifications

5304 errors and 54696 correct classifications

5249 errors and 54751 correct classifications

5250 errors and 54750 correct classifications

5256 errors and 54744 correct classifications

5251 errors and 54749 correct classifications

5222 errors and 54778 correct classifications

5214 errors and 54786 correct classifications

5242 errors and 54758 correct classifications

5290 errors and 54710 correct classifications

5328 errors and 54672 correct classifications

5352 errors and 54648 correct classifications

5300 errors and 54700 correct classifications

5318 errors and 54682 correct classifications

5340 errors and 54660 correct classifications

5393 errors and 54607 correct classifications

5353 errors and 54647 correct classifications

5340 errors and 54660 correct classifications

5216 errors and 54784 correct classifications

5212 errors and 54788 correct classifications

5183 errors and 54817 correct classifications

5222 errors and 54778 correct classifications

5201 errors and 54799 correct classifications

5235 errors and 54765 correct classifications

5208 errors and 54792 correct classifications

5190 errors and 54810 correct classifications

5210 errors and 54790 correct classifications

5164 errors and 54836 correct classifications

5218 errors and 54782 correct classifications

5244 errors and 54756 correct classifications

5239 errors and 54761 correct classifications



5298 errors and 54702 correct classifications

5295 errors and 54705 correct classifications

5297 errors and 54703 correct classifications

5290 errors and 54710 correct classifications


5279 errors and 54721 correct classifications

5269 errors and 54731 correct classifications

5268 errors and 54732 correct classifications

5264 errors and 54736 correct classifications

5251 errors and 54749 correct classifications

5257 errors and 54743 correct classifications

5257 errors and 54743 correct classifications

5248 errors and 54752 correct classifications

5258 errors and 54742 correct classifications

5253 errors and 54747 correct classifications

5256 errors and 54744 correct classifications

5259 errors and 54741 correct classifications

5261 errors and 54739 correct classifications

5259 errors and 54741 correct classifications

5266 errors and 54734 correct classifications

5260 errors and 54740 correct classifications

5256 errors and 54744 correct classifications

5268 errors and 54732 correct classifications

5277 errors and 54723 correct classifications

5272 errors and 54728 correct classifications

5263 errors and 54737 correct classifications

5261 errors and 54739 correct classifications

5272 errors and 54728 correct classifications

5270 errors and 54730 correct classifications

5259 errors and 54741 correct classifications

5253 errors and 54747 correct classifications

5256 errors and 54744 correct classifications

5256 errors and 54744 correct classifications

5256 errors and 54744 correct classifications

5265 errors and 54735 correct classifications

5262 errors and 54738 correct classifications

5253 errors and 54747 correct classifications

5247 errors and 54753 correct classifications

5252 errors and 54748 correct classifications

5249 errors and 54751 correct classifications

5244 errors and 54756 correct classifications

5252 errors and 54748 correct classifications

5255 errors and 54745 correct classifications

5243 errors and 54757 correct classifications

5236 errors and 54764 correct classifications

5244 errors and 54756 correct classifications

5240 errors and 54760 correct classifications

5232 errors and 54768 correct classifications

5237 errors and 54763 correct classifications

5233 errors and 54767 correct classifications

5234 errors and 54766 correct classifications

5234 errors and 54766 correct classifications

5235 errors and 54765 correct classifications

5233 errors and 54767 correct classifications

5228 errors and 54772 correct classifications

5238 errors and 54762 correct classifications

5231 errors and 54769 correct classifications

5229 errors and 54771 correct classifications

5231 errors and 54769 correct classifications

5235 errors and 54765 correct classifications

5226 errors and 54774 correct classifications

5231 errors and 54769 correct classifications

5231 errors and 54769 correct classifications

5234 errors and 54766 correct classifications

5239 errors and 54761 correct classifications

5240 errors and 54760 correct classifications

5236 errors and 54764 correct classifications

5234 errors and 54766 correct classifications

5228 errors and 54772 correct classifications

5235 errors and 54765 correct classifications

5232 errors and 54768 correct classifications

5247 errors and 54753 correct classifications

5234 errors and 54766 correct classifications

5231 errors and 54769 correct classifications

5228 errors and 54772 correct classifications

5224 errors and 54776 correct classifications

5225 errors and 54775 correct classifications

5224 errors and 54776 correct classifications

5221 errors and 54779 correct classifications

5224 errors and 54776 correct classifications

5221 errors and 54779 correct classifications

5218 errors and 54782 correct classifications

5214 errors and 54786 correct classifications

5206 errors and 54794 correct classifications

5200 errors and 54800 correct classifications

5204 errors and 54796 correct classifications

5204 errors and 54796 correct classifications

5201 errors and 54799 correct classifications

5197 errors and 54803 correct classifications

5197 errors and 54803 correct classifications

5194 errors and 54806 correct classifications

5191 errors and 54809 correct classifications

5190 errors and 54810 correct classifications

5193 errors and 54807 correct classifications

5184 errors and 54816 correct classifications

5191 errors and 54809 correct classifications

5185 errors and 54815 correct classifications

5197 errors and 54803 correct classifications

5202 errors and 54798 correct classifications

5189 errors and 54811 correct classifications

5193 errors and 54807 correct classifications

5192 errors and 54808 correct classifications

5192 errors and 54808 correct classifications

5191 errors and 54809 correct classifications

5185 errors and 54815 correct classifications

5184 errors and 54816 correct classifications

5182 errors and 54818 correct classifications

5184 errors and 54816 correct classifications

5174 errors and 54826 correct classifications

5184 errors and 54816 correct classifications

5184 errors and 54816 correct classifications

5185 errors and 54815 correct classifications

5183 errors and 54817 correct classifications

5184 errors and 54816 correct classifications

5184 errors and 54816 correct classifications

5184 errors and 54816 correct classifications

5190 errors and 54810 correct classifications

5181 errors and 54819 correct classifications

5186 errors and 54814 correct classifications

5184 errors and 54816 correct classifications

5183 errors and 54817 correct classifications

5182 errors and 54818 correct classifications

5186 errors and 54814 correct classifications

5185 errors and 54815 correct classifications

5182 errors and 54818 correct classifications

5182 errors and 54818 correct classifications

5185 errors and 54815 correct classifications

5183 errors and 54817 correct classifications

5185 errors and 54815 correct classifications

5192 errors and 54808 correct classifications

5186 errors and 54814 correct classifications


5175 errors and 54825 correct classifications

5189 errors and 54811 correct classifications

5187 errors and 54813 correct classifications

5177 errors and 54823 correct classifications

5183 errors and 54817 correct classifications

5182 errors and 54818 correct classifications

5178 errors and 54822 correct classifications

5176 errors and 54824 correct classifications

5182 errors and 54818 correct classifications

5178 errors and 54822 correct classifications

5178 errors and 54822 correct classifications

5185 errors and 54815 correct classifications

5179 errors and 54821 correct classifications

5182 errors and 54818 correct classifications

5180 errors and 54820 correct classifications


5181 errors and 54819 correct classifications

5176 errors and 54824 correct classifications

5184 errors and 54816 correct classifications

5176 errors and 54824 correct classifications

5179 errors and 54821 correct classifications

5178 errors and 54822 correct classifications

5180 errors and 54820 correct classifications

5181 errors and 54819 correct classifications

5178 errors and 54822 correct classifications

5183 errors and 54817 correct classifications

5175 errors and 54825 correct classifications

5178 errors and 54822 correct classifications

5178 errors and 54822 correct classifications

5173 errors and 54827 correct classifications

5174 errors and 54826 correct classifications

5176 errors and 54824 correct classifications

5177 errors and 54823 correct classifications

5174 errors and 54826 correct classifications

5176 errors and 54824 correct classifications

5174 errors and 54826 correct classifications

5175 errors and 54825 correct classifications

5171 errors and 54829 correct classifications

5177 errors and 54823 correct classifications

5176 errors and 54824 correct classifications

5173 errors and 54827 correct classifications

5172 errors and 54828 correct classifications

5175 errors and 54825 correct classifications

5172 errors and 54828 correct classifications

5181 errors and 54819 correct classifications

5177 errors and 54823 correct classifications

5172 errors and 54828 correct classifications

5177 errors and 54823 correct classifications

5174 errors and 54826 correct classifications

5174 errors and 54826 correct classifications

5169 errors and 54831 correct classifications

5170 errors and 54830 correct classifications

5168 errors and 54832 correct classifications

5172 errors and 54828 correct classifications

5172 errors and 54828 correct classifications

5170 errors and 54830 correct classifications

5171 errors and 54829 correct classifications

5170 errors and 54830 correct classifications

5169 errors and 54831 correct classifications

5170 errors and 54830 correct classifications

5170 errors and 54830 correct classifications

5171 errors and 54829 correct classifications

5170 errors and 54830 correct classifications

5171 errors and 54829 correct classifications

5171 errors and 54829 correct classifications

5171 errors and 54829 correct classifications

5169 errors and 54831 correct classifications

5170 errors and 54830 correct classifications

5173 errors and 54827 correct classifications

5169 errors and 54831 correct classifications

5171 errors and 54829 correct classifications

5170 errors and 54830 correct classifications

5169 errors and 54831 correct classifications

5168 errors and 54832 correct classifications

5170 errors and 54830 correct classifications

5170 errors and 54830 correct classifications

5170 errors and 54830 correct classifications

5170 errors and 54830 correct classifications

5171 errors and 54829 correct classifications

5172 errors and 54828 correct classifications

5170 errors and 54830 correct classifications

5171 errors and 54829 correct classifications

5169 errors and 54831 correct classifications

5171 errors and 54829 correct classifications

5168 errors and 54832 correct classifications

5169 errors and 54831 correct classifications

5169 errors and 54831 correct classifications

5169 errors and 54831 correct classifications

5168 errors and 54832 correct classifications

5167 errors and 54833 correct classifications

5167 errors and 54833 correct classifications

5169 errors and 54831 correct classifications

5170 errors and 54830 correct classifications

5176 errors and 54824 correct classifications

5180 errors and 54820 correct classifications

5171 errors and 54829 correct classifications

5170 errors and 54830 correct classifications

5170 errors and 54830 correct classifications

5169 errors and 54831 correct classifications

5167 errors and 54833 correct classifications

5168 errors and 54832 correct classifications

5169 errors and 54831 correct classifications

5168 errors and 54832 correct classifications

5167 errors and 54833 correct classifications

5168 errors and 54832 correct classifications

5169 errors and 54831 correct classifications

5169 errors and 54831 correct classifications

5166 errors and 54834 correct classifications

5168 errors and 54832 correct classifications

5168 errors and 54832 correct classifications

5170 errors and 54830 correct classifications

5170 errors and 54830 correct classifications

5168 errors and 54832 correct classifications

5168 errors and 54832 correct classifications

5167 errors and 54833 correct classifications

5168 errors and 54832 correct classifications


5169 errors and 54831 correct classifications

5166 errors and 54834 correct classifications

5169 errors and 54831 correct classifications

5167 errors and 54833 correct classifications

5170 errors and 54830 correct classifications

5168 errors and 54832 correct classifications

5161 errors and 54839 correct classifications

5168 errors and 54832 correct classifications

5167 errors and 54833 correct classifications

5167 errors and 54833 correct classifications

5162 errors and 54838 correct classifications

5168 errors and 54832 correct classifications



44043 errors and 15957 correct classifications

28120 errors and 31880 correct classifications

21144 errors and 38856 correct classifications

17328 errors and 42672 correct classifications

15701 errors and 44299 correct classifications

14229 errors and 45771 correct classifications

13130 errors and 46870 correct classifications

12329 errors and 47671 correct classifications

12226 errors and 47774 correct classifications

49315 errors and 10685 correct classifications

38280 errors and 21720 correct classifications

30571 errors and 29429 correct classifications

24869 errors and 35131 correct classifications

21303 errors and 38697 correct classifications

19171 errors and 40829 correct classifications

16805 errors and 43195 correct classifications

14162 errors and 45838 correct classifications

12959 errors and 47041 correct classifications

50831 errors and 9169 correct classifications

47486 errors and 12514 correct classifications

40539 errors and 19461 correct classifications

34891 errors and 25109 correct classifications

31699 errors and 28301 correct classifications

28535 errors and 31465 correct classifications

25582 errors and 34418 correct classifications

23500 errors and 36500 correct classifications

21763 errors and 38237 correct classifications

20494 errors and 39506 correct classifications

18973 errors and 41027 correct classifications

17971 errors and 42029 correct classifications

16780 errors and 43220 correct classifications

15873 errors and 44127 correct classifications

14789 errors and 45211 correct classifications

13134 errors and 46866 correct classifications

12516 errors and 47484 correct classifications

11900 errors and 48100 correct classifications

10892 errors and 49108 correct classifications

10498 errors and 49502 correct classifications

10095 errors and 49905 correct classifications

9924 errors and 50076 correct classifications

9663 errors and 50337 correct classifications

9339 errors and 50661 correct classifications

9058 errors and 50942 correct classifications

9066 errors and 50934 correct classifications

8940 errors and 51060 correct classifications

8539 errors and 51461 correct classifications

8513 errors and 51487 correct classifications

8578 errors and 51422 correct classifications

8602 errors and 51398 correct classifications

8458 errors and 51542 correct classifications

8290 errors and 51710 correct classifications

8280 errors and 51720 correct classifications

7917 errors and 52083 correct classifications

8038 errors and 51962 correct classifications

7817 errors and 52183 correct classifications

7794 errors and 52206 correct classifications

7647 errors and 52353 correct classifications

7956 errors and 52044 correct classifications

7683 errors and 52317 correct classifications

7662 errors and 52338 correct classifications

7724 errors and 52276 correct classifications

7863 errors and 52137 correct classifications

7551 errors and 52449 correct classifications

7679 errors and 52321 correct classifications

7425 errors and 52575 correct classifications

7415 errors and 52585 correct classifications

7344 errors and 52656 correct classifications

7019 errors and 52981 correct classifications

6823 errors and 53177 correct classifications

6643 errors and 53357 correct classifications

6610 errors and 53390 correct classifications

6605 errors and 53395 correct classifications

6812 errors and 53188 correct classifications

6628 errors and 53372 correct classifications

6487 errors and 53513 correct classifications

6538 errors and 53462 correct classifications

6482 errors and 53518 correct classifications

6411 errors and 53589 correct classifications

6371 errors and 53629 correct classifications

6349 errors and 53651 correct classifications

6356 errors and 53644 correct classifications

6336 errors and 53664 correct classifications

6326 errors and 53674 correct classifications

6268 errors and 53732 correct classifications

6227 errors and 53773 correct classifications

6335 errors and 53665 correct classifications

6290 errors and 53710 correct classifications

6135 errors and 53865 correct classifications

6343 errors and 53657 correct classifications

6126 errors and 53874 correct classifications

6112 errors and 53888 correct classifications

6267 errors and 53733 correct classifications

6103 errors and 53897 correct classifications

6196 errors and 53804 correct classifications

6078 errors and 53922 correct classifications

6067 errors and 53933 correct classifications

6028 errors and 53972 correct classifications

5957 errors and 54043 correct classifications

5957 errors and 54043 correct classifications

5983 errors and 54017 correct classifications

5939 errors and 54061 correct classifications

5926 errors and 54074 correct classifications

5794 errors and 54206 correct classifications

6025 errors and 53975 correct classifications

6141 errors and 53859 correct classifications

5870 errors and 54130 correct classifications

5930 errors and 54070 correct classifications

5685 errors and 54315 correct classifications

5764 errors and 54236 correct classifications

5747 errors and 54253 correct classifications

5880 errors and 54120 correct classifications

5748 errors and 54252 correct classifications

5726 errors and 54274 correct classifications

5701 errors and 54299 correct classifications

5661 errors and 54339 correct classifications

5674 errors and 54326 correct classifications

5489 errors and 54511 correct classifications

5525 errors and 54475 correct classifications

5536 errors and 54464 correct classifications

5582 errors and 54418 correct classifications

5516 errors and 54484 correct classifications

5426 errors and 54574 correct classifications

5444 errors and 54556 correct classifications

5469 errors and 54531 correct classifications

5467 errors and 54533 correct classifications

5411 errors and 54589 correct classifications

5401 errors and 54599 correct classifications

5425 errors and 54575 correct classifications

5380 errors and 54620 correct classifications

5297 errors and 54703 correct classifications

5271 errors and 54729 correct classifications

5234 errors and 54766 correct classifications

5217 errors and 54783 correct classifications

5240 errors and 54760 correct classifications

5247 errors and 54753 correct classifications

5346 errors and 54654 correct classifications

5216 errors and 54784 correct classifications

5224 errors and 54776 correct classifications

5228 errors and 54772 correct classifications

5161 errors and 54839 correct classifications

5239 errors and 54761 correct classifications

5237 errors and 54763 correct classifications

5276 errors and 54724 correct classifications

5412 errors and 54588 correct classifications

5154 errors and 54846 correct classifications

5173 errors and 54827 correct classifications

5129 errors and 54871 correct classifications

5138 errors and 54862 correct classifications

5126 errors and 54874 correct classifications

5155 errors and 54845 correct classifications

5245 errors and 54755 correct classifications

5146 errors and 54854 correct classifications

5057 errors and 54943 correct classifications

5055 errors and 54945 correct classifications

5056 errors and 54944 correct classifications

5053 errors and 54947 correct classifications

5087 errors and 54913 correct classifications

5198 errors and 54802 correct classifications

5131 errors and 54869 correct classifications

5064 errors and 54936 correct classifications

5134 errors and 54866 correct classifications

5047 errors and 54953 correct classifications

5056 errors and 54944 correct classifications

4997 errors and 55003 correct classifications

4994 errors and 55006 correct classifications

4920 errors and 55080 correct classifications

5010 errors and 54990 correct classifications

4924 errors and 55076 correct classifications

4879 errors and 55121 correct classifications

4874 errors and 55126 correct classifications

4882 errors and 55118 correct classifications

4842 errors and 55158 correct classifications

4839 errors and 55161 correct classifications

4851 errors and 55149 correct classifications

4898 errors and 55102 correct classifications

4891 errors and 55109 correct classifications

4856 errors and 55144 correct classifications

4890 errors and 55110 correct classifications

4828 errors and 55172 correct classifications

4838 errors and 55162 correct classifications

4813 errors and 55187 correct classifications

4844 errors and 55156 correct classifications

4843 errors and 55157 correct classifications

4816 errors and 55184 correct classifications

4789 errors and 55211 correct classifications

4794 errors and 55206 correct classifications

4739 errors and 55261 correct classifications

4762 errors and 55238 correct classifications

4729 errors and 55271 correct classifications

4742 errors and 55258 correct classifications

4740 errors and 55260 correct classifications

4718 errors and 55282 correct classifications

4764 errors and 55236 correct classifications

4731 errors and 55269 correct classifications

4719 errors and 55281 correct classifications

4698 errors and 55302 correct classifications

4739 errors and 55261 correct classifications

4694 errors and 55306 correct classifications

4686 errors and 55314 correct classifications

4704 errors and 55296 correct classifications

4706 errors and 55294 correct classifications

4699 errors and 55301 correct classifications

4672 errors and 55328 correct classifications

4670 errors and 55330 correct classifications

4689 errors and 55311 correct classifications

4678 errors and 55322 correct classifications

4645 errors and 55355 correct classifications

4652 errors and 55348 correct classifications

4622 errors and 55378 correct classifications

4669 errors and 55331 correct classifications

4678 errors and 55322 correct classifications

4658 errors and 55342 correct classifications

4647 errors and 55353 correct classifications

4619 errors and 55381 correct classifications

4581 errors and 55419 correct classifications

4579 errors and 55421 correct classifications

4553 errors and 55447 correct classifications

4552 errors and 55448 correct classifications

4565 errors and 55435 correct classifications

4540 errors and 55460 correct classifications

4528 errors and 55472 correct classifications

4513 errors and 55487 correct classifications

4506 errors and 55494 correct classifications

4498 errors and 55502 correct classifications

4473 errors and 55527 correct classifications

4485 errors and 55515 correct classifications

4478 errors and 55522 correct classifications

4482 errors and 55518 correct classifications

4497 errors and 55503 correct classifications

4501 errors and 55499 correct classifications

4463 errors and 55537 correct classifications

4446 errors and 55554 correct classifications

4456 errors and 55544 correct classifications

4466 errors and 55534 correct classifications

4445 errors and 55555 correct classifications

4455 errors and 55545 correct classifications

4471 errors and 55529 correct classifications

4436 errors and 55564 correct classifications

4429 errors and 55571 correct classifications

4437 errors and 55563 correct classifications

4431 errors and 55569 correct classifications

4424 errors and 55576 correct classifications

4425 errors and 55575 correct classifications

4412 errors and 55588 correct classifications

4425 errors and 55575 correct classifications

4427 errors and 55573 correct classifications

4412 errors and 55588 correct classifications

4411 errors and 55589 correct classifications

4413 errors and 55587 correct classifications

4399 errors and 55601 correct classifications

4399 errors and 55601 correct classifications

4392 errors and 55608 correct classifications

4389 errors and 55611 correct classifications

4386 errors and 55614 correct classifications

4390 errors and 55610 correct classifications

4409 errors and 55591 correct classifications

4384 errors and 55616 correct classifications

4379 errors and 55621 correct classifications

4385 errors and 55615 correct classifications

4377 errors and 55623 correct classifications

4385 errors and 55615 correct classifications

4385 errors and 55615 correct classifications

4388 errors and 55612 correct classifications

4381 errors and 55619 correct classifications

4375 errors and 55625 correct classifications

4382 errors and 55618 correct classifications

4373 errors and 55627 correct classifications

4367 errors and 55633 correct classifications

4386 errors and 55614 correct classifications

4363 errors and 55637 correct classifications

4378 errors and 55622 correct classifications

4378 errors and 55622 correct classifications

4368 errors and 55632 correct classifications

4374 errors and 55626 correct classifications

4379 errors and 55621 correct classifications

4367 errors and 55633 correct classifications

4366 errors and 55634 correct classifications

4353 errors and 55647 correct classifications

4371 errors and 55629 correct classifications

4358 errors and 55642 correct classifications

4369 errors and 55631 correct classifications

4358 errors and 55642 correct classifications

4351 errors and 55649 correct classifications

4343 errors and 55657 correct classifications

4344 errors and 55656 correct classifications

4343 errors and 55657 correct classifications

4349 errors and 55651 correct classifications

4348 errors and 55652 correct classifications

4374 errors and 55626 correct classifications

4362 errors and 55638 correct classifications

4360 errors and 55640 correct classifications

4357 errors and 55643 correct classifications

4335 errors and 55665 correct classifications

4345 errors and 55655 correct classifications

4351 errors and 55649 correct classifications

4340 errors and 55660 correct classifications

4339 errors and 55661 correct classifications

4335 errors and 55665 correct classifications

4331 errors and 55669 correct classifications

4334 errors and 55666 correct classifications

4325 errors and 55675 correct classifications

4322 errors and 55678 correct classifications

4326 errors and 55674 correct classifications

4320 errors and 55680 correct classifications

4326 errors and 55674 correct classifications

4320 errors and 55680 correct classifications

4332 errors and 55668 correct classifications

4331 errors and 55669 correct classifications

4315 errors and 55685 correct classifications

4324 errors and 55676 correct classifications

4339 errors and 55661 correct classifications

4319 errors and 55681 correct classifications

4312 errors and 55688 correct classifications

4311 errors and 55689 correct classifications

4318 errors and 55682 correct classifications

4312 errors and 55688 correct classifications

4307 errors and 55693 correct classifications

4314 errors and 55686 correct classifications

4308 errors and 55692 correct classifications

4308 errors and 55692 correct classifications

4307 errors and 55693 correct classifications

4307 errors and 55693 correct classifications

4305 errors and 55695 correct classifications

4300 errors and 55700 correct classifications

4302 errors and 55698 correct classifications

4304 errors and 55696 correct classifications

4304 errors and 55696 correct classifications

4302 errors and 55698 correct classifications

4304 errors and 55696 correct classifications

4303 errors and 55697 correct classifications

4305 errors and 55695 correct classifications

4307 errors and 55693 correct classifications

4308 errors and 55692 correct classifications

4302 errors and 55698 correct classifications

4306 errors and 55694 correct classifications

4308 errors and 55692 correct classifications

4306 errors and 55694 correct classifications

4306 errors and 55694 correct classifications

4309 errors and 55691 correct classifications

4306 errors and 55694 correct classifications

4304 errors and 55696 correct classifications

4312 errors and 55688 correct classifications

4305 errors and 55695 correct classifications

4301 errors and 55699 correct classifications

4302 errors and 55698 correct classifications

4298 errors and 55702 correct classifications

4313 errors and 55687 correct classifications

4305 errors and 55695 correct classifications

4300 errors and 55700 correct classifications

4303 errors and 55697 correct classifications

4303 errors and 55697 correct classifications

4300 errors and 55700 correct classifications

4305 errors and 55695 correct classifications

4303 errors and 55697 correct classifications

4303 errors and 55697 correct classifications

4300 errors and 55700 correct classifications

4301 errors and 55699 correct classifications

4301 errors and 55699 correct classifications

4305 errors and 55695 correct classifications

4298 errors and 55702 correct classifications

4299 errors and 55701 correct classifications

4301 errors and 55699 correct classifications

4297 errors and 55703 correct classifications

4296 errors and 55704 correct classifications

4297 errors and 55703 correct classifications

4296 errors and 55704 correct classifications

4297 errors and 55703 correct classifications

4298 errors and 55702 correct classifications

4296 errors and 55704 correct classifications

4295 errors and 55705 correct classifications

4296 errors and 55704 correct classifications

4297 errors and 55703 correct classifications

4296 errors and 55704 correct classifications

4295 errors and 55705 correct classifications

4297 errors and 55703 correct classifications

4296 errors and 55704 correct classifications

4285 errors and 55715 correct classifications

4289 errors and 55711 correct classifications



4292 errors and 55708 correct classifications

4289 errors and 55711 correct classifications

4282 errors and 55718 correct classifications

4282 errors and 55718 correct classifications

4281 errors and 55719 correct classifications

4282 errors and 55718 correct classifications

4280 errors and 55720 correct classifications

4281 errors and 55719 correct classifications

4282 errors and 55718 correct classifications

4280 errors and 55720 correct classifications

4284 errors and 55716 correct classifications

4282 errors and 55718 correct classifications

4283 errors and 55717 correct classifications

4282 errors and 55718 correct classifications

4284 errors and 55716 correct classifications

4282 errors and 55718 correct classifications

4282 errors and 55718 correct classifications

4282 errors and 55718 correct classifications

4283 errors and 55717 correct classifications

4282 errors and 55718 correct classifications

4282 errors and 55718 correct classifications

4282 errors and 55718 correct classifications

4282 errors and 55718 correct classifications

4282 errors and 55718 correct classifications

4283 errors and 55717 correct classifications

4282 errors and 55718 correct classifications

4282 errors and 55718 correct classifications

4282 errors and 55718 correct classifications

4284 errors and 55716 correct classifications

4283 errors and 55717 correct classifications

4283 errors and 55717 correct classifications

4283 errors and 55717 correct classifications

4283 errors and 55717 correct classifications

4283 errors and 55717 correct classifications

4284 errors and 55716 correct classifications

4283 errors and 55717 correct classifications


4285 errors and 55715 correct classifications





55166 errors and 4834 correct classifications


54860 errors and 5140 correct classifications

53968 errors and 6032 correct classifications

52968 errors and 7032 correct classifications

52113 errors and 7887 correct classifications

51552 errors and 8448 correct classifications

51013 errors and 8987 correct classifications

50588 errors and 9412 correct classifications

50239 errors and 9761 correct classifications

49820 errors and 10180 correct classifications

49472 errors and 10528 correct classifications

49188 errors and 10812 correct classifications

49045 errors and 10955 correct classifications

48869 errors and 11131 correct classifications

48591 errors and 11409 correct classifications

48303 errors and 11697 correct classifications

48266 errors and 11734 correct classifications

48223 errors and 11777 correct classifications

48120 errors and 11880 correct classifications

48017 errors and 11983 correct classifications

47734 errors and 12266 correct classifications

47583 errors and 12417 correct classifications

47501 errors and 12499 correct classifications

47411 errors and 12589 correct classifications

47143 errors and 12857 correct classifications

46881 errors and 13119 correct classifications

46902 errors and 13098 correct classifications

46757 errors and 13243 correct classifications

46630 errors and 13370 correct classifications

46475 errors and 13525 correct classifications

46413 errors and 13587 correct classifications

46290 errors and 13710 correct classifications

46044 errors and 13956 correct classifications

46041 errors and 13959 correct classifications

45820 errors and 14180 correct classifications

45578 errors and 14422 correct classifications

45361 errors and 14639 correct classifications

45089 errors and 14911 correct classifications

44815 errors and 15185 correct classifications

44480 errors and 15520 correct classifications

44230 errors and 15770 correct classifications

43831 errors and 16169 correct classifications

43542 errors and 16458 correct classifications

43147 errors and 16853 correct classifications

42817 errors and 17183 correct classifications

42378 errors and 17622 correct classifications

41992 errors and 18008 correct classifications

41694 errors and 18306 correct classifications

41356 errors and 18644 correct classifications

41002 errors and 18998 correct classifications

40564 errors and 19436 correct classifications

40172 errors and 19828 correct classifications

39901 errors and 20099 correct classifications

39511 errors and 20489 correct classifications

39132 errors and 20868 correct classifications

38869 errors and 21131 correct classifications

38619 errors and 21381 correct classifications

38103 errors and 21897 correct classifications

37797 errors and 22203 correct classifications

37206 errors and 22794 correct classifications

36990 errors and 23010 correct classifications

36652 errors and 23348 correct classifications

36446 errors and 23554 correct classifications

36193 errors and 23807 correct classifications

35665 errors and 24335 correct classifications

35451 errors and 24549 correct classifications

35037 errors and 24963 correct classifications

34765 errors and 25235 correct classifications

34517 errors and 25483 correct classifications

34282 errors and 25718 correct classifications

33910 errors and 26090 correct classifications

33648 errors and 26352 correct classifications

33318 errors and 26682 correct classifications

33045 errors and 26955 correct classifications

32676 errors and 27324 correct classifications

32435 errors and 27565 correct classifications

32031 errors and 27969 correct classifications

31693 errors and 28307 correct classifications

31326 errors and 28674 correct classifications

31101 errors and 28899 correct classifications

30832 errors and 29168 correct classifications

30622 errors and 29378 correct classifications

30377 errors and 29623 correct classifications

30035 errors and 29965 correct classifications

29797 errors and 30203 correct classifications

29551 errors and 30449 correct classifications

29317 errors and 30683 correct classifications

29061 errors and 30939 correct classifications

28837 errors and 31163 correct classifications

28664 errors and 31336 correct classifications

28411 errors and 31589 correct classifications

28213 errors and 31787 correct classifications

27861 errors and 32139 correct classifications

27679 errors and 32321 correct classifications

27386 errors and 32614 correct classifications

27206 errors and 32794 correct classifications

27034 errors and 32966 correct classifications

26827 errors and 33173 correct classifications

26537 errors and 33463 correct classifications

26204 errors and 33796 correct classifications

25767 errors and 34233 correct classifications

25550 errors and 34450 correct classifications

25250 errors and 34750 correct classifications

25011 errors and 34989 correct classifications

24772 errors and 35228 correct classifications

24654 errors and 35346 correct classifications

24381 errors and 35619 correct classifications

24181 errors and 35819 correct classifications

24009 errors and 35991 correct classifications

23737 errors and 36263 correct classifications

23603 errors and 36397 correct classifications

23345 errors and 36655 correct classifications

23156 errors and 36844 correct classifications

22784 errors and 37216 correct classifications

22349 errors and 37651 correct classifications

21973 errors and 38027 correct classifications

21763 errors and 38237 correct classifications

21718 errors and 38282 correct classifications

21482 errors and 38518 correct classifications

21226 errors and 38774 correct classifications

21104 errors and 38896 correct classifications

20937 errors and 39063 correct classifications

20672 errors and 39328 correct classifications

20377 errors and 39623 correct classifications

20186 errors and 39814 correct classifications

20082 errors and 39918 correct classifications

19970 errors and 40030 correct classifications

19883 errors and 40117 correct classifications

19744 errors and 40256 correct classifications

19527 errors and 40473 correct classifications

19295 errors and 40705 correct classifications

19201 errors and 40799 correct classifications

19132 errors and 40868 correct classifications

19008 errors and 40992 correct classifications

18851 errors and 41149 correct classifications

18678 errors and 41322 correct classifications

18598 errors and 41402 correct classifications

18389 errors and 41611 correct classifications

18348 errors and 41652 correct classifications

18155 errors and 41845 correct classifications

18047 errors and 41953 correct classifications

17952 errors and 42048 correct classifications

17636 errors and 42364 correct classifications

17441 errors and 42559 correct classifications

17373 errors and 42627 correct classifications

17262 errors and 42738 correct classifications

17152 errors and 42848 correct classifications

17015 errors and 42985 correct classifications

16988 errors and 43012 correct classifications

16918 errors and 43082 correct classifications

16813 errors and 43187 correct classifications

16688 errors and 43312 correct classifications

16643 errors and 43357 correct classifications

16570 errors and 43430 correct classifications

16395 errors and 43605 correct classifications

16283 errors and 43717 correct classifications

16297 errors and 43703 correct classifications

16251 errors and 43749 correct classifications

16194 errors and 43806 correct classifications

16140 errors and 43860 correct classifications

15966 errors and 44034 correct classifications

15916 errors and 44084 correct classifications

15841 errors and 44159 correct classifications

15803 errors and 44197 correct classifications

15753 errors and 44247 correct classifications

15628 errors and 44372 correct classifications

15574 errors and 44426 correct classifications

15483 errors and 44517 correct classifications

15434 errors and 44566 correct classifications

15351 errors and 44649 correct classifications

15264 errors and 44736 correct classifications

15184 errors and 44816 correct classifications

15157 errors and 44843 correct classifications

15108 errors and 44892 correct classifications

15034 errors and 44966 correct classifications

14976 errors and 45024 correct classifications

14930 errors and 45070 correct classifications

14840 errors and 45160 correct classifications

14771 errors and 45229 correct classifications

14835 errors and 45165 correct classifications

14818 errors and 45182 correct classifications

14682 errors and 45318 correct classifications

14637 errors and 45363 correct classifications

14597 errors and 45403 correct classifications

14519 errors and 45481 correct classifications

14448 errors and 45552 correct classifications

14371 errors and 45629 correct classifications

14312 errors and 45688 correct classifications

14280 errors and 45720 correct classifications

14176 errors and 45824 correct classifications

14142 errors and 45858 correct classifications

14058 errors and 45942 correct classifications

14055 errors and 45945 correct classifications

14012 errors and 45988 correct classifications

13921 errors and 46079 correct classifications

13830 errors and 46170 correct classifications

13780 errors and 46220 correct classifications

13679 errors and 46321 correct classifications

13574 errors and 46426 correct classifications

13534 errors and 46466 correct classifications

13479 errors and 46521 correct classifications

13475 errors and 46525 correct classifications

13355 errors and 46645 correct classifications

13290 errors and 46710 correct classifications

13242 errors and 46758 correct classifications

13191 errors and 46809 correct classifications

13115 errors and 46885 correct classifications

13063 errors and 46937 correct classifications

13012 errors and 46988 correct classifications

12916 errors and 47084 correct classifications

12807 errors and 47193 correct classifications

12678 errors and 47322 correct classifications

12734 errors and 47266 correct classifications

12602 errors and 47398 correct classifications

12490 errors and 47510 correct classifications

12405 errors and 47595 correct classifications

12350 errors and 47650 correct classifications

12330 errors and 47670 correct classifications

12332 errors and 47668 correct classifications

12252 errors and 47748 correct classifications

12192 errors and 47808 correct classifications

12108 errors and 47892 correct classifications

12075 errors and 47925 correct classifications

11957 errors and 48043 correct classifications

11897 errors and 48103 correct classifications

11848 errors and 48152 correct classifications

11794 errors and 48206 correct classifications

11720 errors and 48280 correct classifications

11695 errors and 48305 correct classifications

11698 errors and 48302 correct classifications

11627 errors and 48373 correct classifications

11637 errors and 48363 correct classifications

11526 errors and 48474 correct classifications

11455 errors and 48545 correct classifications

11408 errors and 48592 correct classifications

11345 errors and 48655 correct classifications

11256 errors and 48744 correct classifications

11227 errors and 48773 correct classifications

11225 errors and 48775 correct classifications

11134 errors and 48866 correct classifications

11155 errors and 48845 correct classifications

11091 errors and 48909 correct classifications

11063 errors and 48937 correct classifications

11015 errors and 48985 correct classifications

11129 errors and 48871 correct classifications

10946 errors and 49054 correct classifications

53845 errors and 6155 correct classifications

53393 errors and 6607 correct classifications

53393 errors and 6607 correct classifications

53864 errors and 6136 correct classifications

52604 errors and 7396 correct classifications

51966 errors and 8034 correct classifications

50642 errors and 9358 correct classifications

49973 errors and 10027 correct classifications

48429 errors and 11571 correct classifications

48095 errors and 11905 correct classifications

48126 errors and 11874 correct classifications

48277 errors and 11723 correct classifications

48380 errors and 11620 correct classifications

46862 errors and 13138 correct classifications

43420 errors and 16580 correct classifications

42944 errors and 17056 correct classifications

42504 errors and 17496 correct classifications

42454 errors and 17546 correct classifications

42439 errors and 17561 correct classifications

42671 errors and 17329 correct classifications

42797 errors and 17203 correct classifications

42850 errors and 17150 correct classifications

43179 errors and 16821 correct classifications

43131 errors and 16869 correct classifications

43125 errors and 16875 correct classifications

43047 errors and 16953 correct classifications

43145 errors and 16855 correct classifications

43358 errors and 16642 correct classifications

43325 errors and 16675 correct classifications

43274 errors and 16726 correct classifications

43267 errors and 16733 correct classifications

43252 errors and 16748 correct classifications

43363 errors and 16637 correct classifications

43307 errors and 16693 correct classifications

43287 errors and 16713 correct classifications

43252 errors and 16748 correct classifications

43134 errors and 16866 correct classifications

42981 errors and 17019 correct classifications

42940 errors and 17060 correct classifications

42895 errors and 17105 correct classifications

42784 errors and 17216 correct classifications

42717 errors and 17283 correct classifications

42639 errors and 17361 correct classifications

42544 errors and 17456 correct classifications

42447 errors and 17553 correct classifications

42333 errors and 17667 correct classifications

42185 errors and 17815 correct classifications

41816 errors and 18184 correct classifications

41592 errors and 18408 correct classifications

41317 errors and 18683 correct classifications

41079 errors and 18921 correct classifications

40851 errors and 19149 correct classifications

40240 errors and 19760 correct classifications

39866 errors and 20134 correct classifications

39578 errors and 20422 correct classifications

39283 errors and 20717 correct classifications

38987 errors and 21013 correct classifications

38727 errors and 21273 correct classifications

38208 errors and 21792 correct classifications

37794 errors and 22206 correct classifications

37651 errors and 22349 correct classifications

37684 errors and 22316 correct classifications

37595 errors and 22405 correct classifications

37399 errors and 22601 correct classifications

37091 errors and 22909 correct classifications

36899 errors and 23101 correct classifications

36817 errors and 23183 correct classifications

36792 errors and 23208 correct classifications

36710 errors and 23290 correct classifications

36626 errors and 23374 correct classifications

36536 errors and 23464 correct classifications

36432 errors and 23568 correct classifications

36113 errors and 23887 correct classifications

35818 errors and 24182 correct classifications

35633 errors and 24367 correct classifications

35597 errors and 24403 correct classifications

35486 errors and 24514 correct classifications

35348 errors and 24652 correct classifications

35284 errors and 24716 correct classifications

35043 errors and 24957 correct classifications

34797 errors and 25203 correct classifications

34377 errors and 25623 correct classifications

34169 errors and 25831 correct classifications

34015 errors and 25985 correct classifications

33944 errors and 26056 correct classifications

33773 errors and 26227 correct classifications

33615 errors and 26385 correct classifications

33476 errors and 26524 correct classifications

33265 errors and 26735 correct classifications

33153 errors and 26847 correct classifications

33059 errors and 26941 correct classifications

32949 errors and 27051 correct classifications

32837 errors and 27163 correct classifications

32745 errors and 27255 correct classifications

32615 errors and 27385 correct classifications

32484 errors and 27516 correct classifications

32370 errors and 27630 correct classifications

32273 errors and 27727 correct classifications

32101 errors and 27899 correct classifications

32002 errors and 27998 correct classifications

31975 errors and 28025 correct classifications

32095 errors and 27905 correct classifications

31979 errors and 28021 correct classifications

32070 errors and 27930 correct classifications

31987 errors and 28013 correct classifications

31841 errors and 28159 correct classifications

31778 errors and 28222 correct classifications

31553 errors and 28447 correct classifications

31580 errors and 28420 correct classifications

31499 errors and 28501 correct classifications

31448 errors and 28552 correct classifications

31433 errors and 28567 correct classifications

31352 errors and 28648 correct classifications

31179 errors and 28821 correct classifications

30757 errors and 29243 correct classifications

30402 errors and 29598 correct classifications

30311 errors and 29689 correct classifications

30241 errors and 29759 correct classifications

30123 errors and 29877 correct classifications

30068 errors and 29932 correct classifications

29999 errors and 30001 correct classifications

29940 errors and 30060 correct classifications

29861 errors and 30139 correct classifications

28433 errors and 31567 correct classifications

27865 errors and 32135 correct classifications

27851 errors and 32149 correct classifications

27742 errors and 32258 correct classifications

27569 errors and 32431 correct classifications

27507 errors and 32493 correct classifications

27415 errors and 32585 correct classifications

27447 errors and 32553 correct classifications

27279 errors and 32721 correct classifications

27315 errors and 32685 correct classifications

27279 errors and 32721 correct classifications

27182 errors and 32818 correct classifications

27145 errors and 32855 correct classifications

27109 errors and 32891 correct classifications

27045 errors and 32955 correct classifications

26992 errors and 33008 correct classifications

26907 errors and 33093 correct classifications

26827 errors and 33173 correct classifications

26762 errors and 33238 correct classifications

26730 errors and 33270 correct classifications

26645 errors and 33355 correct classifications

26595 errors and 33405 correct classifications

26476 errors and 33524 correct classifications

26415 errors and 33585 correct classifications

26371 errors and 33629 correct classifications

26311 errors and 33689 correct classifications

26271 errors and 33729 correct classifications

25542 errors and 34458 correct classifications

26289 errors and 33711 correct classifications

25575 errors and 34425 correct classifications

26120 errors and 33880 correct classifications

26944 errors and 33056 correct classifications

26978 errors and 33022 correct classifications

26929 errors and 33071 correct classifications

26889 errors and 33111 correct classifications

26829 errors and 33171 correct classifications

26782 errors and 33218 correct classifications

26742 errors and 33258 correct classifications

26649 errors and 33351 correct classifications

26576 errors and 33424 correct classifications

26504 errors and 33496 correct classifications

26404 errors and 33596 correct classifications

26291 errors and 33709 correct classifications

26229 errors and 33771 correct classifications

26118 errors and 33882 correct classifications

26054 errors and 33946 correct classifications

25999 errors and 34001 correct classifications

25852 errors and 34148 correct classifications

25757 errors and 34243 correct classifications

25580 errors and 34420 correct classifications

25553 errors and 34447 correct classifications

25405 errors and 34595 correct classifications

25331 errors and 34669 correct classifications

25249 errors and 34751 correct classifications

25171 errors and 34829 correct classifications

25142 errors and 34858 correct classifications

25033 errors and 34967 correct classifications

24935 errors and 35065 correct classifications

24787 errors and 35213 correct classifications

24688 errors and 35312 correct classifications

24166 errors and 35834 correct classifications

24123 errors and 35877 correct classifications

23526 errors and 36474 correct classifications

23371 errors and 36629 correct classifications

23374 errors and 36626 correct classifications

23296 errors and 36704 correct classifications

23122 errors and 36878 correct classifications

22567 errors and 37433 correct classifications

22469 errors and 37531 correct classifications

22320 errors and 37680 correct classifications

22273 errors and 37727 correct classifications

22147 errors and 37853 correct classifications

21934 errors and 38066 correct classifications

21826 errors and 38174 correct classifications

21753 errors and 38247 correct classifications

21699 errors and 38301 correct classifications

21677 errors and 38323 correct classifications

21630 errors and 38370 correct classifications

21611 errors and 38389 correct classifications

21511 errors and 38489 correct classifications

21438 errors and 38562 correct classifications

21389 errors and 38611 correct classifications

21320 errors and 38680 correct classifications

21250 errors and 38750 correct classifications

21209 errors and 38791 correct classifications

21091 errors and 38909 correct classifications

21007 errors and 38993 correct classifications

20824 errors and 39176 correct classifications

20606 errors and 39394 correct classifications

20585 errors and 39415 correct classifications

20524 errors and 39476 correct classifications

20456 errors and 39544 correct classifications

20448 errors and 39552 correct classifications

20424 errors and 39576 correct classifications

20327 errors and 39673 correct classifications

20264 errors and 39736 correct classifications

20231 errors and 39769 correct classifications

20154 errors and 39846 correct classifications

19740 errors and 40260 correct classifications

19582 errors and 40418 correct classifications

19533 errors and 40467 correct classifications

19430 errors and 40570 correct classifications

19366 errors and 40634 correct classifications

19299 errors and 40701 correct classifications

19241 errors and 40759 correct classifications

19169 errors and 40831 correct classifications

19111 errors and 40889 correct classifications

18959 errors and 41041 correct classifications

18822 errors and 41178 correct classifications

18544 errors and 41456 correct classifications

18353 errors and 41647 correct classifications

18258 errors and 41742 correct classifications

18100 errors and 41900 correct classifications

17864 errors and 42136 correct classifications

17820 errors and 42180 correct classifications

17781 errors and 42219 correct classifications

17703 errors and 42297 correct classifications

17664 errors and 42336 correct classifications

17591 errors and 42409 correct classifications

17528 errors and 42472 correct classifications

17450 errors and 42550 correct classifications

17355 errors and 42645 correct classifications

17354 errors and 42646 correct classifications

17295 errors and 42705 correct classifications

17223 errors and 42777 correct classifications

17175 errors and 42825 correct classifications

17018 errors and 42982 correct classifications

16942 errors and 43058 correct classifications

16820 errors and 43180 correct classifications

16786 errors and 43214 correct classifications

16744 errors and 43256 correct classifications

16673 errors and 43327 correct classifications

16638 errors and 43362 correct classifications

16578 errors and 43422 correct classifications

16437 errors and 43563 correct classifications

16340 errors and 43660 correct classifications

16304 errors and 43696 correct classifications

16273 errors and 43727 correct classifications

16253 errors and 43747 correct classifications

16194 errors and 43806 correct classifications

16174 errors and 43826 correct classifications

16163 errors and 43837 correct classifications

16077 errors and 43923 correct classifications

16017 errors and 43983 correct classifications

15929 errors and 44071 correct classifications

15909 errors and 44091 correct classifications

15868 errors and 44132 correct classifications

15819 errors and 44181 correct classifications

15782 errors and 44218 correct classifications

15627 errors and 44373 correct classifications

14864 errors and 45136 correct classifications

13574 errors and 46426 correct classifications

13503 errors and 46497 correct classifications

13475 errors and 46525 correct classifications

13425 errors and 46575 correct classifications

13400 errors and 46600 correct classifications

13369 errors and 46631 correct classifications

13263 errors and 46737 correct classifications

13229 errors and 46771 correct classifications

13154 errors and 46846 correct classifications

13130 errors and 46870 correct classifications

13105 errors and 46895 correct classifications

13062 errors and 46938 correct classifications

13037 errors and 46963 correct classifications

13010 errors and 46990 correct classifications

12951 errors and 47049 correct classifications

12942 errors and 47058 correct classifications

12892 errors and 47108 correct classifications

12851 errors and 47149 correct classifications

12825 errors and 47175 correct classifications

12777 errors and 47223 correct classifications

12725 errors and 47275 correct classifications

12698 errors and 47302 correct classifications

12680 errors and 47320 correct classifications

12642 errors and 47358 correct classifications

12599 errors and 47401 correct classifications

12561 errors and 47439 correct classifications

12517 errors and 47483 correct classifications

12454 errors and 47546 correct classifications

12418 errors and 47582 correct classifications

12381 errors and 47619 correct classifications

12342 errors and 47658 correct classifications

12289 errors and 47711 correct classifications

12211 errors and 47789 correct classifications

12207 errors and 47793 correct classifications

12178 errors and 47822 correct classifications

12113 errors and 47887 correct classifications

12064 errors and 47936 correct classifications

12030 errors and 47970 correct classifications

11962 errors and 48038 correct classifications

11916 errors and 48084 correct classifications

11822 errors and 48178 correct classifications

11788 errors and 48212 correct classifications

11689 errors and 48311 correct classifications

11555 errors and 48445 correct classifications

11472 errors and 48528 correct classifications

11374 errors and 48626 correct classifications

11328 errors and 48672 correct classifications

11286 errors and 48714 correct classifications

11251 errors and 48749 correct classifications

11205 errors and 48795 correct classifications

11001 errors and 48999 correct classifications

10798 errors and 49202 correct classifications

10732 errors and 49268 correct classifications

10702 errors and 49298 correct classifications

10664 errors and 49336 correct classifications

10594 errors and 49406 correct classifications

10543 errors and 49457 correct classifications

10533 errors and 49467 correct classifications

10501 errors and 49499 correct classifications

10459 errors and 49541 correct classifications

10409 errors and 49591 correct classifications

10312 errors and 49688 correct classifications

10091 errors and 49909 correct classifications

10034 errors and 49966 correct classifications

9983 errors and 50017 correct classifications

9980 errors and 50020 correct classifications

9927 errors and 50073 correct classifications

9906 errors and 50094 correct classifications

9898 errors and 50102 correct classifications

9815 errors and 50185 correct classifications

9802 errors and 50198 correct classifications

9762 errors and 50238 correct classifications

9743 errors and 50257 correct classifications

9741 errors and 50259 correct classifications

9703 errors and 50297 correct classifications

9669 errors and 50331 correct classifications

9646 errors and 50354 correct classifications

9633 errors and 50367 correct classifications

9583 errors and 50417 correct classifications

9557 errors and 50443 correct classifications

9518 errors and 50482 correct classifications

9497 errors and 50503 correct classifications

9477 errors and 50523 correct classifications

9410 errors and 50590 correct classifications

9389 errors and 50611 correct classifications

9350 errors and 50650 correct classifications

9312 errors and 50688 correct classifications

9300 errors and 50700 correct classifications

9253 errors and 50747 correct classifications

9212 errors and 50788 correct classifications

9175 errors and 50825 correct classifications

9137 errors and 50863 correct classifications

9123 errors and 50877 correct classifications

9103 errors and 50897 correct classifications

9055 errors and 50945 correct classifications

9072 errors and 50928 correct classifications

9045 errors and 50955 correct classifications

9000 errors and 51000 correct classifications

8977 errors and 51023 correct classifications

8958 errors and 51042 correct classifications

8913 errors and 51087 correct classifications

8904 errors and 51096 correct classifications

8880 errors and 51120 correct classifications

8835 errors and 51165 correct classifications

8843 errors and 51157 correct classifications

8821 errors and 51179 correct classifications

8769 errors and 51231 correct classifications

8761 errors and 51239 correct classifications

8740 errors and 51260 correct classifications

8712 errors and 51288 correct classifications

8652 errors and 51348 correct classifications

8598 errors and 51402 correct classifications

8555 errors and 51445 correct classifications

8531 errors and 51469 correct classifications

8495 errors and 51505 correct classifications

8479 errors and 51521 correct classifications

8450 errors and 51550 correct classifications

8443 errors and 51557 correct classifications

8412 errors and 51588 correct classifications

8363 errors and 51637 correct classifications

8311 errors and 51689 correct classifications

8290 errors and 51710 correct classifications

8266 errors and 51734 correct classifications

8247 errors and 51753 correct classifications

8188 errors and 51812 correct classifications

8197 errors and 51803 correct classifications

8141 errors and 51859 correct classifications

8113 errors and 51887 correct classifications

8096 errors and 51904 correct classifications

8078 errors and 51922 correct classifications

8049 errors and 51951 correct classifications

8040 errors and 51960 correct classifications

8027 errors and 51973 correct classifications

8018 errors and 51982 correct classifications

7975 errors and 52025 correct classifications

7983 errors and 52017 correct classifications

7937 errors and 52063 correct classifications

7931 errors and 52069 correct classifications

7912 errors and 52088 correct classifications

7909 errors and 52091 correct classifications

7871 errors and 52129 correct classifications

7838 errors and 52162 correct classifications

7811 errors and 52189 correct classifications

7801 errors and 52199 correct classifications

7752 errors and 52248 correct classifications

7726 errors and 52274 correct classifications

7724 errors and 52276 correct classifications

7724 errors and 52276 correct classifications

7699 errors and 52301 correct classifications

7657 errors and 52343 correct classifications

7633 errors and 52367 correct classifications

7613 errors and 52387 correct classifications

7576 errors and 52424 correct classifications

7557 errors and 52443 correct classifications

7533 errors and 52467 correct classifications

7478 errors and 52522 correct classifications

7464 errors and 52536 correct classifications

7460 errors and 52540 correct classifications

7457 errors and 52543 correct classifications

7412 errors and 52588 correct classifications

7396 errors and 52604 correct classifications

7382 errors and 52618 correct classifications

7373 errors and 52627 correct classifications

7335 errors and 52665 correct classifications

7322 errors and 52678 correct classifications

7311 errors and 52689 correct classifications

7299 errors and 52701 correct classifications

7272 errors and 52728 correct classifications

7251 errors and 52749 correct classifications

7224 errors and 52776 correct classifications

7223 errors and 52777 correct classifications

7208 errors and 52792 correct classifications

7186 errors and 52814 correct classifications

7172 errors and 52828 correct classifications

7156 errors and 52844 correct classifications

7163 errors and 52837 correct classifications

7135 errors and 52865 correct classifications

7147 errors and 52853 correct classifications

7126 errors and 52874 correct classifications

7096 errors and 52904 correct classifications

7092 errors and 52908 correct classifications

7064 errors and 52936 correct classifications

7050 errors and 52950 correct classifications

7048 errors and 52952 correct classifications

7024 errors and 52976 correct classifications

7028 errors and 52972 correct classifications

7026 errors and 52974 correct classifications

7004 errors and 52996 correct classifications

6988 errors and 53012 correct classifications

6967 errors and 53033 correct classifications

6965 errors and 53035 correct classifications

6964 errors and 53036 correct classifications

6953 errors and 53047 correct classifications

6931 errors and 53069 correct classifications

6930 errors and 53070 correct classifications

6920 errors and 53080 correct classifications

6939 errors and 53061 correct classifications

6901 errors and 53099 correct classifications

6892 errors and 53108 correct classifications

6902 errors and 53098 correct classifications

6885 errors and 53115 correct classifications

6893 errors and 53107 correct classifications

6870 errors and 53130 correct classifications

6851 errors and 53149 correct classifications

6833 errors and 53167 correct classifications

6842 errors and 53158 correct classifications

6817 errors and 53183 correct classifications

6801 errors and 53199 correct classifications

6798 errors and 53202 correct classifications

6779 errors and 53221 correct classifications

6782 errors and 53218 correct classifications

6787 errors and 53213 correct classifications

6775 errors and 53225 correct classifications

6772 errors and 53228 correct classifications

6728 errors and 53272 correct classifications

6752 errors and 53248 correct classifications

6710 errors and 53290 correct classifications

6731 errors and 53269 correct classifications

6718 errors and 53282 correct classifications

6712 errors and 53288 correct classifications

6687 errors and 53313 correct classifications

6677 errors and 53323 correct classifications

6673 errors and 53327 correct classifications

6690 errors and 53310 correct classifications

6655 errors and 53345 correct classifications

6646 errors and 53354 correct classifications

6628 errors and 53372 correct classifications

6629 errors and 53371 correct classifications

6629 errors and 53371 correct classifications

6619 errors and 53381 correct classifications

6627 errors and 53373 correct classifications

6608 errors and 53392 correct classifications

6606 errors and 53394 correct classifications

6592 errors and 53408 correct classifications

6583 errors and 53417 correct classifications

6560 errors and 53440 correct classifications

6553 errors and 53447 correct classifications

6551 errors and 53449 correct classifications

6523 errors and 53477 correct classifications

6542 errors and 53458 correct classifications

6509 errors and 53491 correct classifications

6520 errors and 53480 correct classifications

6500 errors and 53500 correct classifications

6497 errors and 53503 correct classifications

6476 errors and 53524 correct classifications

6462 errors and 53538 correct classifications

6458 errors and 53542 correct classifications

6458 errors and 53542 correct classifications

6453 errors and 53547 correct classifications

6454 errors and 53546 correct classifications

6466 errors and 53534 correct classifications

6443 errors and 53557 correct classifications

6436 errors and 53564 correct classifications

6428 errors and 53572 correct classifications

6394 errors and 53606 correct classifications

6381 errors and 53619 correct classifications

6396 errors and 53604 correct classifications

6361 errors and 53639 correct classifications

6330 errors and 53670 correct classifications

6305 errors and 53695 correct classifications

6331 errors and 53669 correct classifications

6338 errors and 53662 correct classifications

6308 errors and 53692 correct classifications

6316 errors and 53684 correct classifications

6318 errors and 53682 correct classifications

6314 errors and 53686 correct classifications

6298 errors and 53702 correct classifications

6276 errors and 53724 correct classifications

6278 errors and 53722 correct classifications

6272 errors and 53728 correct classifications

6284 errors and 53716 correct classifications

6259 errors and 53741 correct classifications

6259 errors and 53741 correct classifications

6242 errors and 53758 correct classifications

6232 errors and 53768 correct classifications

6213 errors and 53787 correct classifications

6226 errors and 53774 correct classifications

6217 errors and 53783 correct classifications

6219 errors and 53781 correct classifications

6220 errors and 53780 correct classifications

6210 errors and 53790 correct classifications

6207 errors and 53793 correct classifications

6212 errors and 53788 correct classifications

6175 errors and 53825 correct classifications

6192 errors and 53808 correct classifications

6162 errors and 53838 correct classifications

6150 errors and 53850 correct classifications

6136 errors and 53864 correct classifications

6136 errors and 53864 correct classifications

6117 errors and 53883 correct classifications

6115 errors and 53885 correct classifications

6110 errors and 53890 correct classifications

6088 errors and 53912 correct classifications

6091 errors and 53909 correct classifications

6077 errors and 53923 correct classifications

6082 errors and 53918 correct classifications

6067 errors and 53933 correct classifications

6046 errors and 53954 correct classifications

6070 errors and 53930 correct classifications

6066 errors and 53934 correct classifications

6058 errors and 53942 correct classifications

6031 errors and 53969 correct classifications

6039 errors and 53961 correct classifications

6039 errors and 53961 correct classifications

6011 errors and 53989 correct classifications

5997 errors and 54003 correct classifications

5977 errors and 54023 correct classifications

5971 errors and 54029 correct classifications

5990 errors and 54010 correct classifications

5967 errors and 54033 correct classifications

5955 errors and 54045 correct classifications

5952 errors and 54048 correct classifications

5938 errors and 54062 correct classifications

5931 errors and 54069 correct classifications

5946 errors and 54054 correct classifications

5942 errors and 54058 correct classifications

5931 errors and 54069 correct classifications

5930 errors and 54070 correct classifications

5931 errors and 54069 correct classifications

5925 errors and 54075 correct classifications

5923 errors and 54077 correct classifications

5918 errors and 54082 correct classifications

5893 errors and 54107 correct classifications

5898 errors and 54102 correct classifications

5895 errors and 54105 correct classifications

5890 errors and 54110 correct classifications

5875 errors and 54125 correct classifications

5854 errors and 54146 correct classifications

5863 errors and 54137 correct classifications

5878 errors and 54122 correct classifications

5859 errors and 54141 correct classifications

5861 errors and 54139 correct classifications

5845 errors and 54155 correct classifications

5853 errors and 54147 correct classifications

5838 errors and 54162 correct classifications

5842 errors and 54158 correct classifications

5813 errors and 54187 correct classifications

5825 errors and 54175 correct classifications

5834 errors and 54166 correct classifications

5832 errors and 54168 correct classifications

5805 errors and 54195 correct classifications

5808 errors and 54192 correct classifications

5797 errors and 54203 correct classifications

5800 errors and 54200 correct classifications

5798 errors and 54202 correct classifications

5792 errors and 54208 correct classifications

5785 errors and 54215 correct classifications

5797 errors and 54203 correct classifications

5763 errors and 54237 correct classifications

5764 errors and 54236 correct classifications

5781 errors and 54219 correct classifications

5757 errors and 54243 correct classifications

5765 errors and 54235 correct classifications

5760 errors and 54240 correct classifications

5753 errors and 54247 correct classifications

5756 errors and 54244 correct classifications

5747 errors and 54253 correct classifications

5743 errors and 54257 correct classifications

5760 errors and 54240 correct classifications

5735 errors and 54265 correct classifications

5708 errors and 54292 correct classifications

5700 errors and 54300 correct classifications

5722 errors and 54278 correct classifications

5720 errors and 54280 correct classifications

5709 errors and 54291 correct classifications

5715 errors and 54285 correct classifications

5707 errors and 54293 correct classifications

5710 errors and 54290 correct classifications

5702 errors and 54298 correct classifications

5706 errors and 54294 correct classifications

5711 errors and 54289 correct classifications

5685 errors and 54315 correct classifications

5691 errors and 54309 correct classifications

5695 errors and 54305 correct classifications

5692 errors and 54308 correct classifications

5659 errors and 54341 correct classifications

5651 errors and 54349 correct classifications

5666 errors and 54334 correct classifications

5660 errors and 54340 correct classifications

5667 errors and 54333 correct classifications

5658 errors and 54342 correct classifications

5656 errors and 54344 correct classifications

5650 errors and 54350 correct classifications

5628 errors and 54372 correct classifications

5642 errors and 54358 correct classifications

5638 errors and 54362 correct classifications

5637 errors and 54363 correct classifications

5640 errors and 54360 correct classifications

5643 errors and 54357 correct classifications

5629 errors and 54371 correct classifications

5618 errors and 54382 correct classifications

5628 errors and 54372 correct classifications

5621 errors and 54379 correct classifications

5644 errors and 54356 correct classifications

5632 errors and 54368 correct classifications

5654 errors and 54346 correct classifications

5618 errors and 54382 correct classifications

5619 errors and 54381 correct classifications

5601 errors and 54399 correct classifications

5608 errors and 54392 correct classifications

5596 errors and 54404 correct classifications

5583 errors and 54417 correct classifications

5565 errors and 54435 correct classifications

5582 errors and 54418 correct classifications

5573 errors and 54427 correct classifications

5578 errors and 54422 correct classifications

5579 errors and 54421 correct classifications

5568 errors and 54432 correct classifications

5561 errors and 54439 correct classifications

5534 errors and 54466 correct classifications

5563 errors and 54437 correct classifications

5566 errors and 54434 correct classifications

5563 errors and 54437 correct classifications

5545 errors and 54455 correct classifications

5565 errors and 54435 correct classifications

5552 errors and 54448 correct classifications

5545 errors and 54455 correct classifications

5522 errors and 54478 correct classifications

5535 errors and 54465 correct classifications

5546 errors and 54454 correct classifications

5521 errors and 54479 correct classifications

5519 errors and 54481 correct classifications

5521 errors and 54479 correct classifications

5543 errors and 54457 correct classifications

5528 errors and 54472 correct classifications

5500 errors and 54500 correct classifications

5510 errors and 54490 correct classifications

5512 errors and 54488 correct classifications

5500 errors and 54500 correct classifications

5492 errors and 54508 correct classifications

5478 errors and 54522 correct classifications

5495 errors and 54505 correct classifications

5497 errors and 54503 correct classifications

5506 errors and 54494 correct classifications

5482 errors and 54518 correct classifications

5480 errors and 54520 correct classifications

5483 errors and 54517 correct classifications

5454 errors and 54546 correct classifications

5479 errors and 54521 correct classifications

5461 errors and 54539 correct classifications

5483 errors and 54517 correct classifications

5444 errors and 54556 correct classifications

5454 errors and 54546 correct classifications

5457 errors and 54543 correct classifications

5450 errors and 54550 correct classifications

5468 errors and 54532 correct classifications

5486 errors and 54514 correct classifications

5454 errors and 54546 correct classifications

5461 errors and 54539 correct classifications

5463 errors and 54537 correct classifications

5437 errors and 54563 correct classifications

5454 errors and 54546 correct classifications

5447 errors and 54553 correct classifications

5453 errors and 54547 correct classifications

5419 errors and 54581 correct classifications

5460 errors and 54540 correct classifications

5443 errors and 54557 correct classifications

5419 errors and 54581 correct classifications

5414 errors and 54586 correct classifications

5429 errors and 54571 correct classifications

5433 errors and 54567 correct classifications

5416 errors and 54584 correct classifications

5422 errors and 54578 correct classifications

5447 errors and 54553 correct classifications

5435 errors and 54565 correct classifications

5402 errors and 54598 correct classifications

5410 errors and 54590 correct classifications

5442 errors and 54558 correct classifications

5418 errors and 54582 correct classifications

5384 errors and 54616 correct classifications

5413 errors and 54587 correct classifications

5400 errors and 54600 correct classifications

5405 errors and 54595 correct classifications

5366 errors and 54634 correct classifications

5409 errors and 54591 correct classifications

5380 errors and 54620 correct classifications

5379 errors and 54621 correct classifications

5372 errors and 54628 correct classifications

5395 errors and 54605 correct classifications

5386 errors and 54614 correct classifications

5370 errors and 54630 correct classifications

5369 errors and 54631 correct classifications

5405 errors and 54595 correct classifications

5389 errors and 54611 correct classifications

5361 errors and 54639 correct classifications

5366 errors and 54634 correct classifications

5340 errors and 54660 correct classifications

5361 errors and 54639 correct classifications

5355 errors and 54645 correct classifications

5372 errors and 54628 correct classifications

5348 errors and 54652 correct classifications

5350 errors and 54650 correct classifications

5355 errors and 54645 correct classifications

5359 errors and 54641 correct classifications

5354 errors and 54646 correct classifications

5351 errors and 54649 correct classifications

5346 errors and 54654 correct classifications

5334 errors and 54666 correct classifications

5349 errors and 54651 correct classifications

5340 errors and 54660 correct classifications

5338 errors and 54662 correct classifications

5318 errors and 54682 correct classifications

5324 errors and 54676 correct classifications

5325 errors and 54675 correct classifications

5330 errors and 54670 correct classifications

5331 errors and 54669 correct classifications

5314 errors and 54686 correct classifications

5318 errors and 54682 correct classifications

5326 errors and 54674 correct classifications

5328 errors and 54672 correct classifications

5313 errors and 54687 correct classifications

5309 errors and 54691 correct classifications

5302 errors and 54698 correct classifications

5307 errors and 54693 correct classifications

5301 errors and 54699 correct classifications

5288 errors and 54712 correct classifications

5298 errors and 54702 correct classifications

5280 errors and 54720 correct classifications

5283 errors and 54717 correct classifications

5286 errors and 54714 correct classifications

5267 errors and 54733 correct classifications

5303 errors and 54697 correct classifications

5294 errors and 54706 correct classifications

5281 errors and 54719 correct classifications

5262 errors and 54738 correct classifications

5261 errors and 54739 correct classifications

5262 errors and 54738 correct classifications

5249 errors and 54751 correct classifications

5260 errors and 54740 correct classifications

5248 errors and 54752 correct classifications

5279 errors and 54721 correct classifications

5265 errors and 54735 correct classifications

5258 errors and 54742 correct classifications

5266 errors and 54734 correct classifications

5251 errors and 54749 correct classifications

5215 errors and 54785 correct classifications

5238 errors and 54762 correct classifications

5251 errors and 54749 correct classifications

5219 errors and 54781 correct classifications

5243 errors and 54757 correct classifications

5230 errors and 54770 correct classifications

5251 errors and 54749 correct classifications

5214 errors and 54786 correct classifications

5212 errors and 54788 correct classifications

5223 errors and 54777 correct classifications

5224 errors and 54776 correct classifications

5228 errors and 54772 correct classifications

5221 errors and 54779 correct classifications

5219 errors and 54781 correct classifications

5215 errors and 54785 correct classifications

5213 errors and 54787 correct classifications

5219 errors and 54781 correct classifications

5224 errors and 54776 correct classifications

5213 errors and 54787 correct classifications

5205 errors and 54795 correct classifications

5199 errors and 54801 correct classifications

5197 errors and 54803 correct classifications

5208 errors and 54792 correct classifications

5213 errors and 54787 correct classifications

5200 errors and 54800 correct classifications

5191 errors and 54809 correct classifications

5205 errors and 54795 correct classifications

5189 errors and 54811 correct classifications

5201 errors and 54799 correct classifications

5186 errors and 54814 correct classifications

5180 errors and 54820 correct classifications

5189 errors and 54811 correct classifications

5186 errors and 54814 correct classifications

5188 errors and 54812 correct classifications

5184 errors and 54816 correct classifications

5171 errors and 54829 correct classifications

5185 errors and 54815 correct classifications

5188 errors and 54812 correct classifications

5174 errors and 54826 correct classifications

5197 errors and 54803 correct classifications

5193 errors and 54807 correct classifications

5177 errors and 54823 correct classifications

5177 errors and 54823 correct classifications

5149 errors and 54851 correct classifications

5176 errors and 54824 correct classifications

5177 errors and 54823 correct classifications

5168 errors and 54832 correct classifications

5176 errors and 54824 correct classifications

5161 errors and 54839 correct classifications

5174 errors and 54826 correct classifications

5158 errors and 54842 correct classifications

5145 errors and 54855 correct classifications

5171 errors and 54829 correct classifications

5158 errors and 54842 correct classifications

5159 errors and 54841 correct classifications

5164 errors and 54836 correct classifications

5144 errors and 54856 correct classifications

5134 errors and 54866 correct classifications

5145 errors and 54855 correct classifications

5188 errors and 54812 correct classifications

5140 errors and 54860 correct classifications

5150 errors and 54850 correct classifications

5140 errors and 54860 correct classifications

5132 errors and 54868 correct classifications

5142 errors and 54858 correct classifications

5142 errors and 54858 correct classifications

5145 errors and 54855 correct classifications

5136 errors and 54864 correct classifications

5129 errors and 54871 correct classifications

5129 errors and 54871 correct classifications

5131 errors and 54869 correct classifications

5118 errors and 54882 correct classifications

5109 errors and 54891 correct classifications

5102 errors and 54898 correct classifications

5125 errors and 54875 correct classifications

5122 errors and 54878 correct classifications

5114 errors and 54886 correct classifications

5096 errors and 54904 correct classifications

5124 errors and 54876 correct classifications

5100 errors and 54900 correct classifications

5108 errors and 54892 correct classifications

5102 errors and 54898 correct classifications

5116 errors and 54884 correct classifications

5112 errors and 54888 correct classifications

5123 errors and 54877 correct classifications

5117 errors and 54883 correct classifications

5111 errors and 54889 correct classifications

5095 errors and 54905 correct classifications

5104 errors and 54896 correct classifications

5091 errors and 54909 correct classifications

5101 errors and 54899 correct classifications

5100 errors and 54900 correct classifications

5087 errors and 54913 correct classifications

5089 errors and 54911 correct classifications

5104 errors and 54896 correct classifications

5104 errors and 54896 correct classifications

5114 errors and 54886 correct classifications

5111 errors and 54889 correct classifications

5079 errors and 54921 correct classifications

5122 errors and 54878 correct classifications

5094 errors and 54906 correct classifications

5082 errors and 54918 correct classifications

5093 errors and 54907 correct classifications

5090 errors and 54910 correct classifications

5059 errors and 54941 correct classifications

5101 errors and 54899 correct classifications

5056 errors and 54944 correct classifications

5069 errors and 54931 correct classifications

5083 errors and 54917 correct classifications

5086 errors and 54914 correct classifications

5071 errors and 54929 correct classifications

5074 errors and 54926 correct classifications

5076 errors and 54924 correct classifications

5056 errors and 54944 correct classifications

5063 errors and 54937 correct classifications

5080 errors and 54920 correct classifications

5066 errors and 54934 correct classifications

5062 errors and 54938 correct classifications

5061 errors and 54939 correct classifications

5050 errors and 54950 correct classifications

5078 errors and 54922 correct classifications

5055 errors and 54945 correct classifications

5056 errors and 54944 correct classifications

5055 errors and 54945 correct classifications

5061 errors and 54939 correct classifications

5075 errors and 54925 correct classifications

5062 errors and 54938 correct classifications

5039 errors and 54961 correct classifications

5048 errors and 54952 correct classifications

5050 errors and 54950 correct classifications

5052 errors and 54948 correct classifications

5067 errors and 54933 correct classifications

5043 errors and 54957 correct classifications

5060 errors and 54940 correct classifications

5053 errors and 54947 correct classifications

5036 errors and 54964 correct classifications

5042 errors and 54958 correct classifications

5030 errors and 54970 correct classifications

5062 errors and 54938 correct classifications

5066 errors and 54934 correct classifications

5048 errors and 54952 correct classifications

5042 errors and 54958 correct classifications

5039 errors and 54961 correct classifications

5039 errors and 54961 correct classifications

5020 errors and 54980 correct classifications

5033 errors and 54967 correct classifications

5036 errors and 54964 correct classifications

5006 errors and 54994 correct classifications

5042 errors and 54958 correct classifications

5036 errors and 54964 correct classifications

5013 errors and 54987 correct classifications

5025 errors and 54975 correct classifications

5041 errors and 54959 correct classifications

5028 errors and 54972 correct classifications

5025 errors and 54975 correct classifications

5020 errors and 54980 correct classifications

5001 errors and 54999 correct classifications

4998 errors and 55002 correct classifications

5015 errors and 54985 correct classifications

5005 errors and 54995 correct classifications

5006 errors and 54994 correct classifications

5006 errors and 54994 correct classifications

4993 errors and 55007 correct classifications

4984 errors and 55016 correct classifications

4994 errors and 55006 correct classifications

4980 errors and 55020 correct classifications

4976 errors and 55024 correct classifications

4987 errors and 55013 correct classifications

4993 errors and 55007 correct classifications

4993 errors and 55007 correct classifications

4965 errors and 55035 correct classifications

4969 errors and 55031 correct classifications

4956 errors and 55044 correct classifications

4983 errors and 55017 correct classifications

4973 errors and 55027 correct classifications

4986 errors and 55014 correct classifications

5000 errors and 55000 correct classifications

4967 errors and 55033 correct classifications

4966 errors and 55034 correct classifications

4971 errors and 55029 correct classifications

4929 errors and 55071 correct classifications

4947 errors and 55053 correct classifications

4963 errors and 55037 correct classifications

4970 errors and 55030 correct classifications

4938 errors and 55062 correct classifications

4959 errors and 55041 correct classifications

4940 errors and 55060 correct classifications

4963 errors and 55037 correct classifications

4944 errors and 55056 correct classifications

4972 errors and 55028 correct classifications

4966 errors and 55034 correct classifications

4956 errors and 55044 correct classifications

4947 errors and 55053 correct classifications

4950 errors and 55050 correct classifications

4935 errors and 55065 correct classifications

4944 errors and 55056 correct classifications

4944 errors and 55056 correct classifications

4940 errors and 55060 correct classifications

4927 errors and 55073 correct classifications

4924 errors and 55076 correct classifications

4947 errors and 55053 correct classifications

4926 errors and 55074 correct classifications

4930 errors and 55070 correct classifications

4924 errors and 55076 correct classifications

4951 errors and 55049 correct classifications

4934 errors and 55066 correct classifications

4972 errors and 55028 correct classifications

4953 errors and 55047 correct classifications

4943 errors and 55057 correct classifications

4938 errors and 55062 correct classifications

4937 errors and 55063 correct classifications

4976 errors and 55024 correct classifications

4947 errors and 55053 correct classifications

4949 errors and 55051 correct classifications

4932 errors and 55068 correct classifications

4930 errors and 55070 correct classifications

4936 errors and 55064 correct classifications

4920 errors and 55080 correct classifications

4940 errors and 55060 correct classifications

4926 errors and 55074 correct classifications

4948 errors and 55052 correct classifications

4907 errors and 55093 correct classifications

4934 errors and 55066 correct classifications

4925 errors and 55075 correct classifications

4953 errors and 55047 correct classifications

4958 errors and 55042 correct classifications

4906 errors and 55094 correct classifications

4912 errors and 55088 correct classifications

4910 errors and 55090 correct classifications

4908 errors and 55092 correct classifications

4914 errors and 55086 correct classifications

4888 errors and 55112 correct classifications

4911 errors and 55089 correct classifications

4893 errors and 55107 correct classifications

4917 errors and 55083 correct classifications

4939 errors and 55061 correct classifications

4906 errors and 55094 correct classifications

4913 errors and 55087 correct classifications

4901 errors and 55099 correct classifications

4897 errors and 55103 correct classifications

4909 errors and 55091 correct classifications

4927 errors and 55073 correct classifications

4882 errors and 55118 correct classifications

4915 errors and 55085 correct classifications

4910 errors and 55090 correct classifications

4902 errors and 55098 correct classifications

4926 errors and 55074 correct classifications

4929 errors and 55071 correct classifications

4918 errors and 55082 correct classifications

4894 errors and 55106 correct classifications

4881 errors and 55119 correct classifications

4886 errors and 55114 correct classifications

4887 errors and 55113 correct classifications

4870 errors and 55130 correct classifications

4877 errors and 55123 correct classifications

4888 errors and 55112 correct classifications

4908 errors and 55092 correct classifications

4901 errors and 55099 correct classifications

4910 errors and 55090 correct classifications

4876 errors and 55124 correct classifications

4884 errors and 55116 correct classifications

4891 errors and 55109 correct classifications

4917 errors and 55083 correct classifications

4879 errors and 55121 correct classifications

4881 errors and 55119 correct classifications

4872 errors and 55128 correct classifications

4869 errors and 55131 correct classifications

4886 errors and 55114 correct classifications

4906 errors and 55094 correct classifications

4888 errors and 55112 correct classifications

4871 errors and 55129 correct classifications

4886 errors and 55114 correct classifications

4874 errors and 55126 correct classifications

4867 errors and 55133 correct classifications

4877 errors and 55123 correct classifications

4889 errors and 55111 correct classifications

4881 errors and 55119 correct classifications

4876 errors and 55124 correct classifications

4896 errors and 55104 correct classifications

4880 errors and 55120 correct classifications

4884 errors and 55116 correct classifications

4900 errors and 55100 correct classifications

4848 errors and 55152 correct classifications

4865 errors and 55135 correct classifications

4861 errors and 55139 correct classifications

4891 errors and 55109 correct classifications

4870 errors and 55130 correct classifications

4879 errors and 55121 correct classifications

4864 errors and 55136 correct classifications

4879 errors and 55121 correct classifications

4866 errors and 55134 correct classifications

4872 errors and 55128 correct classifications

4872 errors and 55128 correct classifications

4840 errors and 55160 correct classifications

4849 errors and 55151 correct classifications

4855 errors and 55145 correct classifications

4869 errors and 55131 correct classifications

4866 errors and 55134 correct classifications

4864 errors and 55136 correct classifications

4874 errors and 55126 correct classifications

4860 errors and 55140 correct classifications

4871 errors and 55129 correct classifications

4863 errors and 55137 correct classifications

4842 errors and 55158 correct classifications

4874 errors and 55126 correct classifications

4861 errors and 55139 correct classifications

4850 errors and 55150 correct classifications

4888 errors and 55112 correct classifications

4853 errors and 55147 correct classifications

4842 errors and 55158 correct classifications

4824 errors and 55176 correct classifications

4858 errors and 55142 correct classifications

4847 errors and 55153 correct classifications

4888 errors and 55112 correct classifications

4842 errors and 55158 correct classifications

4842 errors and 55158 correct classifications

4859 errors and 55141 correct classifications

4832 errors and 55168 correct classifications

4828 errors and 55172 correct classifications

4843 errors and 55157 correct classifications

4844 errors and 55156 correct classifications

4844 errors and 55156 correct classifications

4818 errors and 55182 correct classifications

4841 errors and 55159 correct classifications

4838 errors and 55162 correct classifications

4838 errors and 55162 correct classifications

4847 errors and 55153 correct classifications

4842 errors and 55158 correct classifications

4822 errors and 55178 correct classifications

4832 errors and 55168 correct classifications

4822 errors and 55178 correct classifications

4852 errors and 55148 correct classifications

4855 errors and 55145 correct classifications

4846 errors and 55154 correct classifications

4829 errors and 55171 correct classifications

4834 errors and 55166 correct classifications

4842 errors and 55158 correct classifications


10882 errors and 49118 correct classifications

10847 errors and 49153 correct classifications

54704 errors and 5296 correct classifications

34345 errors and 25655 correct classifications

28794 errors and 31206 correct classifications

28857 errors and 31143 correct classifications

28680 errors and 31320 correct classifications

28514 errors and 31486 correct classifications

28383 errors and 31617 correct classifications

28223 errors and 31777 correct classifications

28086 errors and 31914 correct classifications

27955 errors and 32045 correct classifications

27856 errors and 32144 correct classifications

27689 errors and 32311 correct classifications

27631 errors and 32369 correct classifications

27533 errors and 32467 correct classifications

27428 errors and 32572 correct classifications

27366 errors and 32634 correct classifications

27268 errors and 32732 correct classifications

27242 errors and 32758 correct classifications

27233 errors and 32767 correct classifications

27131 errors and 32869 correct classifications

27076 errors and 32924 correct classifications

26968 errors and 33032 correct classifications

26868 errors and 33132 correct classifications

26817 errors and 33183 correct classifications

26743 errors and 33257 correct classifications

26676 errors and 33324 correct classifications

26627 errors and 33373 correct classifications

26519 errors and 33481 correct classifications

26460 errors and 33540 correct classifications

26390 errors and 33610 correct classifications

26334 errors and 33666 correct classifications

26274 errors and 33726 correct classifications

26269 errors and 33731 correct classifications

26217 errors and 33783 correct classifications

26169 errors and 33831 correct classifications

26144 errors and 33856 correct classifications

26135 errors and 33865 correct classifications

26052 errors and 33948 correct classifications

25987 errors and 34013 correct classifications

25960 errors and 34040 correct classifications

25927 errors and 34073 correct classifications

25841 errors and 34159 correct classifications

25799 errors and 34201 correct classifications

25746 errors and 34254 correct classifications

25706 errors and 34294 correct classifications

25668 errors and 34332 correct classifications

25651 errors and 34349 correct classifications

25596 errors and 34404 correct classifications

25522 errors and 34478 correct classifications

25487 errors and 34513 correct classifications

25407 errors and 34593 correct classifications

25374 errors and 34626 correct classifications

25316 errors and 34684 correct classifications

25263 errors and 34737 correct classifications

25220 errors and 34780 correct classifications

25197 errors and 34803 correct classifications

25142 errors and 34858 correct classifications

25089 errors and 34911 correct classifications

25067 errors and 34933 correct classifications

25047 errors and 34953 correct classifications

24989 errors and 35011 correct classifications

24953 errors and 35047 correct classifications

24940 errors and 35060 correct classifications

24907 errors and 35093 correct classifications

24891 errors and 35109 correct classifications

24857 errors and 35143 correct classifications

24835 errors and 35165 correct classifications

24749 errors and 35251 correct classifications

24744 errors and 35256 correct classifications

24726 errors and 35274 correct classifications

24708 errors and 35292 correct classifications

24678 errors and 35322 correct classifications

24656 errors and 35344 correct classifications

24604 errors and 35396 correct classifications

24617 errors and 35383 correct classifications

24599 errors and 35401 correct classifications

24557 errors and 35443 correct classifications

24543 errors and 35457 correct classifications

24534 errors and 35466 correct classifications

24510 errors and 35490 correct classifications

24482 errors and 35518 correct classifications

24443 errors and 35557 correct classifications

24439 errors and 35561 correct classifications

24409 errors and 35591 correct classifications

24390 errors and 35610 correct classifications

24365 errors and 35635 correct classifications

24341 errors and 35659 correct classifications

24347 errors and 35653 correct classifications

24320 errors and 35680 correct classifications

24283 errors and 35717 correct classifications

24303 errors and 35697 correct classifications

24254 errors and 35746 correct classifications

24267 errors and 35733 correct classifications

24254 errors and 35746 correct classifications

24227 errors and 35773 correct classifications

24207 errors and 35793 correct classifications

24184 errors and 35816 correct classifications

24177 errors and 35823 correct classifications

24160 errors and 35840 correct classifications

24149 errors and 35851 correct classifications

24141 errors and 35859 correct classifications

24154 errors and 35846 correct classifications

24100 errors and 35900 correct classifications

24086 errors and 35914 correct classifications

24078 errors and 35922 correct classifications

24022 errors and 35978 correct classifications

23953 errors and 36047 correct classifications

23917 errors and 36083 correct classifications

23768 errors and 36232 correct classifications

23701 errors and 36299 correct classifications

23637 errors and 36363 correct classifications

23573 errors and 36427 correct classifications

23547 errors and 36453 correct classifications

23446 errors and 36554 correct classifications

23304 errors and 36696 correct classifications

23236 errors and 36764 correct classifications

23140 errors and 36860 correct classifications

23029 errors and 36971 correct classifications

22986 errors and 37014 correct classifications

22983 errors and 37017 correct classifications

22926 errors and 37074 correct classifications

22774 errors and 37226 correct classifications

22707 errors and 37293 correct classifications

22680 errors and 37320 correct classifications

22582 errors and 37418 correct classifications

22492 errors and 37508 correct classifications

22400 errors and 37600 correct classifications

22300 errors and 37700 correct classifications

22249 errors and 37751 correct classifications

22146 errors and 37854 correct classifications

22122 errors and 37878 correct classifications

22106 errors and 37894 correct classifications

22012 errors and 37988 correct classifications

21951 errors and 38049 correct classifications

21859 errors and 38141 correct classifications

21873 errors and 38127 correct classifications

21796 errors and 38204 correct classifications

21671 errors and 38329 correct classifications

21601 errors and 38399 correct classifications

21541 errors and 38459 correct classifications

21503 errors and 38497 correct classifications

21472 errors and 38528 correct classifications

21367 errors and 38633 correct classifications

21336 errors and 38664 correct classifications

21218 errors and 38782 correct classifications

21186 errors and 38814 correct classifications

21136 errors and 38864 correct classifications

21061 errors and 38939 correct classifications

21013 errors and 38987 correct classifications

20979 errors and 39021 correct classifications

21002 errors and 38998 correct classifications

20995 errors and 39005 correct classifications

20865 errors and 39135 correct classifications

20838 errors and 39162 correct classifications

20773 errors and 39227 correct classifications

20712 errors and 39288 correct classifications

20615 errors and 39385 correct classifications

20646 errors and 39354 correct classifications

20638 errors and 39362 correct classifications

20624 errors and 39376 correct classifications

20504 errors and 39496 correct classifications

20464 errors and 39536 correct classifications

20422 errors and 39578 correct classifications

20355 errors and 39645 correct classifications

20275 errors and 39725 correct classifications

20248 errors and 39752 correct classifications

20204 errors and 39796 correct classifications

20132 errors and 39868 correct classifications

20099 errors and 39901 correct classifications

20064 errors and 39936 correct classifications

20039 errors and 39961 correct classifications

19994 errors and 40006 correct classifications

19966 errors and 40034 correct classifications

19909 errors and 40091 correct classifications

19916 errors and 40084 correct classifications

19873 errors and 40127 correct classifications

19813 errors and 40187 correct classifications

19765 errors and 40235 correct classifications

19743 errors and 40257 correct classifications

19713 errors and 40287 correct classifications

19654 errors and 40346 correct classifications

19639 errors and 40361 correct classifications

19621 errors and 40379 correct classifications

19551 errors and 40449 correct classifications

19457 errors and 40543 correct classifications

19556 errors and 40444 correct classifications

19504 errors and 40496 correct classifications

19564 errors and 40436 correct classifications

19534 errors and 40466 correct classifications

19506 errors and 40494 correct classifications

19475 errors and 40525 correct classifications

19378 errors and 40622 correct classifications

19326 errors and 40674 correct classifications

19278 errors and 40722 correct classifications

19247 errors and 40753 correct classifications

19184 errors and 40816 correct classifications

19145 errors and 40855 correct classifications

19159 errors and 40841 correct classifications

19108 errors and 40892 correct classifications

19037 errors and 40963 correct classifications

18977 errors and 41023 correct classifications

18955 errors and 41045 correct classifications

18948 errors and 41052 correct classifications

18921 errors and 41079 correct classifications

18869 errors and 41131 correct classifications

18853 errors and 41147 correct classifications

18813 errors and 41187 correct classifications

18772 errors and 41228 correct classifications

18687 errors and 41313 correct classifications

18688 errors and 41312 correct classifications

18677 errors and 41323 correct classifications

18600 errors and 41400 correct classifications

18593 errors and 41407 correct classifications

18567 errors and 41433 correct classifications

18486 errors and 41514 correct classifications

18485 errors and 41515 correct classifications

18489 errors and 41511 correct classifications

18401 errors and 41599 correct classifications

18387 errors and 41613 correct classifications

18370 errors and 41630 correct classifications

18367 errors and 41633 correct classifications

18332 errors and 41668 correct classifications

18301 errors and 41699 correct classifications

18313 errors and 41687 correct classifications

18239 errors and 41761 correct classifications

18235 errors and 41765 correct classifications

18220 errors and 41780 correct classifications

18247 errors and 41753 correct classifications

18197 errors and 41803 correct classifications

18166 errors and 41834 correct classifications

18109 errors and 41891 correct classifications

18155 errors and 41845 correct classifications

18099 errors and 41901 correct classifications

18082 errors and 41918 correct classifications

18113 errors and 41887 correct classifications

18077 errors and 41923 correct classifications

18114 errors and 41886 correct classifications

17996 errors and 42004 correct classifications

17942 errors and 42058 correct classifications

17909 errors and 42091 correct classifications

17857 errors and 42143 correct classifications

17803 errors and 42197 correct classifications

17816 errors and 42184 correct classifications

17830 errors and 42170 correct classifications

17820 errors and 42180 correct classifications

17766 errors and 42234 correct classifications

17746 errors and 42254 correct classifications

17709 errors and 42291 correct classifications

17689 errors and 42311 correct classifications

17664 errors and 42336 correct classifications

17642 errors and 42358 correct classifications

17602 errors and 42398 correct classifications

17593 errors and 42407 correct classifications

17571 errors and 42429 correct classifications

17542 errors and 42458 correct classifications

17546 errors and 42454 correct classifications

17513 errors and 42487 correct classifications

17489 errors and 42511 correct classifications

17495 errors and 42505 correct classifications

17499 errors and 42501 correct classifications

17414 errors and 42586 correct classifications

17381 errors and 42619 correct classifications

17388 errors and 42612 correct classifications

17388 errors and 42612 correct classifications

17394 errors and 42606 correct classifications

17379 errors and 42621 correct classifications

17349 errors and 42651 correct classifications

17222 errors and 42778 correct classifications

17214 errors and 42786 correct classifications

17220 errors and 42780 correct classifications

17206 errors and 42794 correct classifications

17245 errors and 42755 correct classifications

17246 errors and 42754 correct classifications

17247 errors and 42753 correct classifications

17172 errors and 42828 correct classifications

17210 errors and 42790 correct classifications

17173 errors and 42827 correct classifications

17096 errors and 42904 correct classifications

17053 errors and 42947 correct classifications

17057 errors and 42943 correct classifications

17021 errors and 42979 correct classifications

17000 errors and 43000 correct classifications

16955 errors and 43045 correct classifications

16968 errors and 43032 correct classifications

16965 errors and 43035 correct classifications

16930 errors and 43070 correct classifications

16930 errors and 43070 correct classifications

16920 errors and 43080 correct classifications

16913 errors and 43087 correct classifications

16882 errors and 43118 correct classifications

16865 errors and 43135 correct classifications

16855 errors and 43145 correct classifications

16826 errors and 43174 correct classifications

16837 errors and 43163 correct classifications

16833 errors and 43167 correct classifications

16898 errors and 43102 correct classifications

16906 errors and 43094 correct classifications

16882 errors and 43118 correct classifications

16851 errors and 43149 correct classifications

16836 errors and 43164 correct classifications

16856 errors and 43144 correct classifications

16864 errors and 43136 correct classifications

16852 errors and 43148 correct classifications

16762 errors and 43238 correct classifications

16778 errors and 43222 correct classifications

16781 errors and 43219 correct classifications

16747 errors and 43253 correct classifications

16731 errors and 43269 correct classifications

16684 errors and 43316 correct classifications

16666 errors and 43334 correct classifications

16660 errors and 43340 correct classifications

16640 errors and 43360 correct classifications

16650 errors and 43350 correct classifications

16654 errors and 43346 correct classifications

16652 errors and 43348 correct classifications

16614 errors and 43386 correct classifications

16668 errors and 43332 correct classifications

16690 errors and 43310 correct classifications

16662 errors and 43338 correct classifications

16610 errors and 43390 correct classifications

16603 errors and 43397 correct classifications

16534 errors and 43466 correct classifications

16510 errors and 43490 correct classifications

16516 errors and 43484 correct classifications

16509 errors and 43491 correct classifications

16462 errors and 43538 correct classifications

16447 errors and 43553 correct classifications

16433 errors and 43567 correct classifications

16409 errors and 43591 correct classifications

16404 errors and 43596 correct classifications

16374 errors and 43626 correct classifications

16346 errors and 43654 correct classifications

16325 errors and 43675 correct classifications

16371 errors and 43629 correct classifications

16287 errors and 43713 correct classifications

16261 errors and 43739 correct classifications

16317 errors and 43683 correct classifications

16221 errors and 43779 correct classifications

16251 errors and 43749 correct classifications

16208 errors and 43792 correct classifications

16173 errors and 43827 correct classifications

16132 errors and 43868 correct classifications

16108 errors and 43892 correct classifications

16091 errors and 43909 correct classifications

16075 errors and 43925 correct classifications

16093 errors and 43907 correct classifications

16097 errors and 43903 correct classifications

16037 errors and 43963 correct classifications

16028 errors and 43972 correct classifications

16004 errors and 43996 correct classifications

16024 errors and 43976 correct classifications

16014 errors and 43986 correct classifications

16010 errors and 43990 correct classifications

16019 errors and 43981 correct classifications

16009 errors and 43991 correct classifications

15998 errors and 44002 correct classifications

15994 errors and 44006 correct classifications

15947 errors and 44053 correct classifications

15996 errors and 44004 correct classifications

15991 errors and 44009 correct classifications

15978 errors and 44022 correct classifications

15966 errors and 44034 correct classifications

15964 errors and 44036 correct classifications

15965 errors and 44035 correct classifications

15888 errors and 44112 correct classifications

15901 errors and 44099 correct classifications

15898 errors and 44102 correct classifications

15865 errors and 44135 correct classifications

15861 errors and 44139 correct classifications

15855 errors and 44145 correct classifications

15833 errors and 44167 correct classifications

15881 errors and 44119 correct classifications

15924 errors and 44076 correct classifications

15865 errors and 44135 correct classifications

15813 errors and 44187 correct classifications

15756 errors and 44244 correct classifications

15775 errors and 44225 correct classifications

15747 errors and 44253 correct classifications

15751 errors and 44249 correct classifications

15816 errors and 44184 correct classifications

15835 errors and 44165 correct classifications

15818 errors and 44182 correct classifications

15792 errors and 44208 correct classifications

15746 errors and 44254 correct classifications

15746 errors and 44254 correct classifications

15729 errors and 44271 correct classifications

15754 errors and 44246 correct classifications

15686 errors and 44314 correct classifications

15646 errors and 44354 correct classifications

15649 errors and 44351 correct classifications

15619 errors and 44381 correct classifications

15641 errors and 44359 correct classifications

15609 errors and 44391 correct classifications

15612 errors and 44388 correct classifications

15581 errors and 44419 correct classifications

15575 errors and 44425 correct classifications

15558 errors and 44442 correct classifications

15564 errors and 44436 correct classifications

15547 errors and 44453 correct classifications

15547 errors and 44453 correct classifications

15545 errors and 44455 correct classifications

15514 errors and 44486 correct classifications

15521 errors and 44479 correct classifications

15518 errors and 44482 correct classifications


53327 errors and 6673 correct classifications

53735 errors and 6265 correct classifications

53735 errors and 6265 correct classifications

53735 errors and 6265 correct classifications

53735 errors and 6265 correct classifications

53735 errors and 6265 correct classifications

53735 errors and 6265 correct classifications

41971 errors and 18029 correct classifications

53829 errors and 6171 correct classifications

54158 errors and 5842 correct classifications

54158 errors and 5842 correct classifications

42582 errors and 17418 correct classifications

41745 errors and 18255 correct classifications

36423 errors and 23577 correct classifications

33644 errors and 26356 correct classifications

26872 errors and 33128 correct classifications

17604 errors and 42396 correct classifications

14474 errors and 45526 correct classifications

13787 errors and 46213 correct classifications

13346 errors and 46654 correct classifications

13059 errors and 46941 correct classifications

12295 errors and 47705 correct classifications

11556 errors and 48444 correct classifications

11168 errors and 48832 correct classifications

32039 errors and 27961 correct classifications

52405 errors and 7595 correct classifications

52193 errors and 7807 correct classifications

49793 errors and 10207 correct classifications

45720 errors and 14280 correct classifications

38212 errors and 21788 correct classifications

28184 errors and 31816 correct classifications

24361 errors and 35639 correct classifications

21306 errors and 38694 correct classifications

19340 errors and 40660 correct classifications

17916 errors and 42084 correct classifications

16136 errors and 43864 correct classifications

15273 errors and 44727 correct classifications

14506 errors and 45494 correct classifications

14527 errors and 45473 correct classifications

13654 errors and 46346 correct classifications

13383 errors and 46617 correct classifications

12067 errors and 47933 correct classifications

11742 errors and 48258 correct classifications

11643 errors and 48357 correct classifications

10973 errors and 49027 correct classifications

10832 errors and 49168 correct classifications

10437 errors and 49563 correct classifications

10335 errors and 49665 correct classifications

11051 errors and 48949 correct classifications


11070 errors and 48930 correct classifications

13687 errors and 46313 correct classifications

12926 errors and 47074 correct classifications

11745 errors and 48255 correct classifications

11355 errors and 48645 correct classifications

10762 errors and 49238 correct classifications

11169 errors and 48831 correct classifications

11680 errors and 48320 correct classifications


10805 errors and 49195 correct classifications

9600 errors and 50400 correct classifications

9122 errors and 50878 correct classifications

9091 errors and 50909 correct classifications

8796 errors and 51204 correct classifications

9290 errors and 50710 correct classifications

8820 errors and 51180 correct classifications

8603 errors and 51397 correct classifications

8821 errors and 51179 correct classifications

8028 errors and 51972 correct classifications

7717 errors and 52283 correct classifications

7751 errors and 52249 correct classifications

7648 errors and 52352 correct classifications

7431 errors and 52569 correct classifications

7225 errors and 52775 correct classifications

7334 errors and 52666 correct classifications

6985 errors and 53015 correct classifications

6960 errors and 53040 correct classifications

7077 errors and 52923 correct classifications

7110 errors and 52890 correct classifications


6978 errors and 53022 correct classifications

6962 errors and 53038 correct classifications

6948 errors and 53052 correct classifications

6695 errors and 53305 correct classifications

6701 errors and 53299 correct classifications

6682 errors and 53318 correct classifications

6688 errors and 53312 correct classifications

6588 errors and 53412 correct classifications

6470 errors and 53530 correct classifications

6464 errors and 53536 correct classifications

6366 errors and 53634 correct classifications

6298 errors and 53702 correct classifications

6295 errors and 53705 correct classifications

6367 errors and 53633 correct classifications

6302 errors and 53698 correct classifications

6216 errors and 53784 correct classifications

6149 errors and 53851 correct classifications

6262 errors and 53738 correct classifications

6244 errors and 53756 correct classifications

6246 errors and 53754 correct classifications

6113 errors and 53887 correct classifications

6058 errors and 53942 correct classifications

6082 errors and 53918 correct classifications

6042 errors and 53958 correct classifications

5947 errors and 54053 correct classifications

5892 errors and 54108 correct classifications

5897 errors and 54103 correct classifications

5831 errors and 54169 correct classifications

5812 errors and 54188 correct classifications

5766 errors and 54234 correct classifications

5768 errors and 54232 correct classifications

5749 errors and 54251 correct classifications

5732 errors and 54268 correct classifications

5752 errors and 54248 correct classifications

5726 errors and 54274 correct classifications

5721 errors and 54279 correct classifications

5653 errors and 54347 correct classifications

5728 errors and 54272 correct classifications

5736 errors and 54264 correct classifications

5670 errors and 54330 correct classifications

5595 errors and 54405 correct classifications

5637 errors and 54363 correct classifications

5549 errors and 54451 correct classifications

5591 errors and 54409 correct classifications

5668 errors and 54332 correct classifications

5667 errors and 54333 correct classifications

5595 errors and 54405 correct classifications

5569 errors and 54431 correct classifications

5634 errors and 54366 correct classifications

5636 errors and 54364 correct classifications

5617 errors and 54383 correct classifications

5642 errors and 54358 correct classifications

5647 errors and 54353 correct classifications

5609 errors and 54391 correct classifications

5521 errors and 54479 correct classifications

5493 errors and 54507 correct classifications

5533 errors and 54467 correct classifications

5501 errors and 54499 correct classifications

5465 errors and 54535 correct classifications

5523 errors and 54477 correct classifications

5481 errors and 54519 correct classifications

5463 errors and 54537 correct classifications

5457 errors and 54543 correct classifications

5462 errors and 54538 correct classifications

5389 errors and 54611 correct classifications

5373 errors and 54627 correct classifications

5405 errors and 54595 correct classifications

5424 errors and 54576 correct classifications

5414 errors and 54586 correct classifications

5394 errors and 54606 correct classifications

5401 errors and 54599 correct classifications

5360 errors and 54640 correct classifications

5386 errors and 54614 correct classifications

5349 errors and 54651 correct classifications

5394 errors and 54606 correct classifications

5383 errors and 54617 correct classifications

5436 errors and 54564 correct classifications

5276 errors and 54724 correct classifications

5283 errors and 54717 correct classifications

5329 errors and 54671 correct classifications

5295 errors and 54705 correct classifications

5281 errors and 54719 correct classifications

5307 errors and 54693 correct classifications

5315 errors and 54685 correct classifications

5428 errors and 54572 correct classifications

5525 errors and 54475 correct classifications

5404 errors and 54596 correct classifications

5390 errors and 54610 correct classifications

5325 errors and 54675 correct classifications

5229 errors and 54771 correct classifications

5270 errors and 54730 correct classifications

5261 errors and 54739 correct classifications

5241 errors and 54759 correct classifications

5257 errors and 54743 correct classifications

5273 errors and 54727 correct classifications

5305 errors and 54695 correct classifications

5210 errors and 54790 correct classifications

5179 errors and 54821 correct classifications

5152 errors and 54848 correct classifications

5143 errors and 54857 correct classifications

5230 errors and 54770 correct classifications

5246 errors and 54754 correct classifications

5180 errors and 54820 correct classifications

5162 errors and 54838 correct classifications

5159 errors and 54841 correct classifications

5152 errors and 54848 correct classifications

5197 errors and 54803 correct classifications

5166 errors and 54834 correct classifications

5075 errors and 54925 correct classifications

5119 errors and 54881 correct classifications

5102 errors and 54898 correct classifications

5179 errors and 54821 correct classifications

5141 errors and 54859 correct classifications

5101 errors and 54899 correct classifications

5094 errors and 54906 correct classifications

5103 errors and 54897 correct classifications

5085 errors and 54915 correct classifications

5053 errors and 54947 correct classifications

5130 errors and 54870 correct classifications

5074 errors and 54926 correct classifications

5014 errors and 54986 correct classifications

5022 errors and 54978 correct classifications

4983 errors and 55017 correct classifications

5009 errors and 54991 correct classifications

5023 errors and 54977 correct classifications

5006 errors and 54994 correct classifications

5038 errors and 54962 correct classifications

4996 errors and 55004 correct classifications

4955 errors and 55045 correct classifications

4974 errors and 55026 correct classifications

4945 errors and 55055 correct classifications

4930 errors and 55070 correct classifications

4973 errors and 55027 correct classifications

4973 errors and 55027 correct classifications

4998 errors and 55002 correct classifications

4943 errors and 55057 correct classifications

4948 errors and 55052 correct classifications

4946 errors and 55054 correct classifications

4947 errors and 55053 correct classifications

5002 errors and 54998 correct classifications

4990 errors and 55010 correct classifications

4944 errors and 55056 correct classifications

4944 errors and 55056 correct classifications

5000 errors and 55000 correct classifications

5042 errors and 54958 correct classifications

4998 errors and 55002 correct classifications

4928 errors and 55072 correct classifications

4914 errors and 55086 correct classifications

4904 errors and 55096 correct classifications

4933 errors and 55067 correct classifications

4938 errors and 55062 correct classifications

4914 errors and 55086 correct classifications

4876 errors and 55124 correct classifications

4901 errors and 55099 correct classifications

4880 errors and 55120 correct classifications

4864 errors and 55136 correct classifications

4938 errors and 55062 correct classifications

4943 errors and 55057 correct classifications

4908 errors and 55092 correct classifications

4892 errors and 55108 correct classifications

4881 errors and 55119 correct classifications

4860 errors and 55140 correct classifications

4847 errors and 55153 correct classifications

4830 errors and 55170 correct classifications

4839 errors and 55161 correct classifications

4861 errors and 55139 correct classifications

4781 errors and 55219 correct classifications

4732 errors and 55268 correct classifications

4834 errors and 55166 correct classifications

4785 errors and 55215 correct classifications

4781 errors and 55219 correct classifications

4814 errors and 55186 correct classifications

4791 errors and 55209 correct classifications

4811 errors and 55189 correct classifications

4815 errors and 55185 correct classifications

4807 errors and 55193 correct classifications

4802 errors and 55198 correct classifications

4777 errors and 55223 correct classifications

4758 errors and 55242 correct classifications

4799 errors and 55201 correct classifications

4740 errors and 55260 correct classifications

4793 errors and 55207 correct classifications

4758 errors and 55242 correct classifications

4745 errors and 55255 correct classifications

4702 errors and 55298 correct classifications

4686 errors and 55314 correct classifications

4700 errors and 55300 correct classifications

4679 errors and 55321 correct classifications

4678 errors and 55322 correct classifications

4697 errors and 55303 correct classifications

4690 errors and 55310 correct classifications

4675 errors and 55325 correct classifications

4682 errors and 55318 correct classifications

4688 errors and 55312 correct classifications

4734 errors and 55266 correct classifications

4701 errors and 55299 correct classifications

4703 errors and 55297 correct classifications

4715 errors and 55285 correct classifications

4706 errors and 55294 correct classifications

4695 errors and 55305 correct classifications

4761 errors and 55239 correct classifications

4723 errors and 55277 correct classifications

4804 errors and 55196 correct classifications

4693 errors and 55307 correct classifications

4642 errors and 55358 correct classifications

4684 errors and 55316 correct classifications

4659 errors and 55341 correct classifications

4673 errors and 55327 correct classifications

4705 errors and 55295 correct classifications

4659 errors and 55341 correct classifications

4715 errors and 55285 correct classifications

4711 errors and 55289 correct classifications

4691 errors and 55309 correct classifications

4663 errors and 55337 correct classifications

4742 errors and 55258 correct classifications

4679 errors and 55321 correct classifications

4683 errors and 55317 correct classifications

4636 errors and 55364 correct classifications

4632 errors and 55368 correct classifications

4646 errors and 55354 correct classifications

52771 errors and 7229 correct classifications

53258 errors and 6742 correct classifications

53258 errors and 6742 correct classifications

53258 errors and 6742 correct classifications

53258 errors and 6742 correct classifications

53258 errors and 6742 correct classifications

53258 errors and 6742 correct classifications

54087 errors and 5913 correct classifications

54077 errors and 5923 correct classifications

54077 errors and 5923 correct classifications


48703 errors and 11297 correct classifications

44281 errors and 15719 correct classifications

40249 errors and 19751 correct classifications

41624 errors and 18376 correct classifications

37014 errors and 22986 correct classifications

37996 errors and 22004 correct classifications

34269 errors and 25731 correct classifications

31569 errors and 28431 correct classifications

33789 errors and 26211 correct classifications

32741 errors and 27259 correct classifications

31957 errors and 28043 correct classifications

28847 errors and 31153 correct classifications

28476 errors and 31524 correct classifications

29373 errors and 30627 correct classifications

27112 errors and 32888 correct classifications

28731 errors and 31269 correct classifications

24916 errors and 35084 correct classifications

24375 errors and 35625 correct classifications

25318 errors and 34682 correct classifications

26108 errors and 33892 correct classifications

31940 errors and 28060 correct classifications

26795 errors and 33205 correct classifications

26382 errors and 33618 correct classifications

31363 errors and 28637 correct classifications

30523 errors and 29477 correct classifications

28278 errors and 31722 correct classifications

29026 errors and 30974 correct classifications

28604 errors and 31396 correct classifications

31223 errors and 28777 correct classifications

28900 errors and 31100 correct classifications

24020 errors and 35980 correct classifications

24190 errors and 35810 correct classifications

23359 errors and 36641 correct classifications

24354 errors and 35646 correct classifications

23716 errors and 36284 correct classifications

23420 errors and 36580 correct classifications

22750 errors and 37250 correct classifications

23910 errors and 36090 correct classifications

24296 errors and 35704 correct classifications

24575 errors and 35425 correct classifications

23165 errors and 36835 correct classifications

22198 errors and 37802 correct classifications

22093 errors and 37907 correct classifications

23552 errors and 36448 correct classifications

23522 errors and 36478 correct classifications

23077 errors and 36923 correct classifications

22786 errors and 37214 correct classifications

23588 errors and 36412 correct classifications

23205 errors and 36795 correct classifications

24919 errors and 35081 correct classifications

23175 errors and 36825 correct classifications

24966 errors and 35034 correct classifications

23664 errors and 36336 correct classifications

21602 errors and 38398 correct classifications

21059 errors and 38941 correct classifications

20850 errors and 39150 correct classifications

21642 errors and 38358 correct classifications

21114 errors and 38886 correct classifications

20898 errors and 39102 correct classifications

20415 errors and 39585 correct classifications

19881 errors and 40119 correct classifications


22040 errors and 37960 correct classifications

22446 errors and 37554 correct classifications

20646 errors and 39354 correct classifications

20533 errors and 39467 correct classifications

20945 errors and 39055 correct classifications

20328 errors and 39672 correct classifications

19906 errors and 40094 correct classifications

20575 errors and 39425 correct classifications

21379 errors and 38621 correct classifications

20615 errors and 39385 correct classifications

20156 errors and 39844 correct classifications

19938 errors and 40062 correct classifications

19244 errors and 40756 correct classifications

19414 errors and 40586 correct classifications

19491 errors and 40509 correct classifications

19801 errors and 40199 correct classifications

21304 errors and 38696 correct classifications


42042 errors and 17958 correct classifications

31437 errors and 28563 correct classifications

27532 errors and 32468 correct classifications

25590 errors and 34410 correct classifications

26159 errors and 33841 correct classifications

26880 errors and 33120 correct classifications

22804 errors and 37196 correct classifications

22923 errors and 37077 correct classifications

21105 errors and 38895 correct classifications

20900 errors and 39100 correct classifications

20225 errors and 39775 correct classifications

19195 errors and 40805 correct classifications

19391 errors and 40609 correct classifications

20691 errors and 39309 correct classifications

18799 errors and 41201 correct classifications

19118 errors and 40882 correct classifications

17586 errors and 42414 correct classifications

21513 errors and 38487 correct classifications

20501 errors and 39499 correct classifications

17679 errors and 42321 correct classifications

16771 errors and 43229 correct classifications

17035 errors and 42965 correct classifications

16191 errors and 43809 correct classifications

14793 errors and 45207 correct classifications

13625 errors and 46375 correct classifications

15224 errors and 44776 correct classifications

19877 errors and 40123 correct classifications

22075 errors and 37925 correct classifications

20691 errors and 39309 correct classifications

19519 errors and 40481 correct classifications

15632 errors and 44368 correct classifications

17200 errors and 42800 correct classifications

19272 errors and 40728 correct classifications

16654 errors and 43346 correct classifications

16453 errors and 43547 correct classifications

15363 errors and 44637 correct classifications

14236 errors and 45764 correct classifications

14735 errors and 45265 correct classifications

15213 errors and 44787 correct classifications

15051 errors and 44949 correct classifications

16660 errors and 43340 correct classifications

15620 errors and 44380 correct classifications

14362 errors and 45638 correct classifications

14213 errors and 45787 correct classifications

15570 errors and 44430 correct classifications

14178 errors and 45822 correct classifications

14195 errors and 45805 correct classifications

14002 errors and 45998 correct classifications

13961 errors and 46039 correct classifications

12572 errors and 47428 correct classifications

12622 errors and 47378 correct classifications

14012 errors and 45988 correct classifications

14143 errors and 45857 correct classifications

12785 errors and 47215 correct classifications

12458 errors and 47542 correct classifications

11776 errors and 48224 correct classifications

12692 errors and 47308 correct classifications

14495 errors and 45505 correct classifications

14367 errors and 45633 correct classifications

13459 errors and 46541 correct classifications

16762 errors and 43238 correct classifications

17617 errors and 42383 correct classifications

19210 errors and 40790 correct classifications

17975 errors and 42025 correct classifications

19835 errors and 40165 correct classifications

18769 errors and 41231 correct classifications

17911 errors and 42089 correct classifications

18673 errors and 41327 correct classifications

17891 errors and 42109 correct classifications

17372 errors and 42628 correct classifications

15359 errors and 44641 correct classifications

13994 errors and 46006 correct classifications

12814 errors and 47186 correct classifications

13349 errors and 46651 correct classifications

13346 errors and 46654 correct classifications

12900 errors and 47100 correct classifications

12820 errors and 47180 correct classifications

12753 errors and 47247 correct classifications

13488 errors and 46512 correct classifications

12958 errors and 47042 correct classifications

15714 errors and 44286 correct classifications

14693 errors and 45307 correct classifications

12158 errors and 47842 correct classifications

12173 errors and 47827 correct classifications

12436 errors and 47564 correct classifications

12785 errors and 47215 correct classifications

14191 errors and 45809 correct classifications

12521 errors and 47479 correct classifications

13301 errors and 46699 correct classifications

13829 errors and 46171 correct classifications

12615 errors and 47385 correct classifications

11521 errors and 48479 correct classifications

12883 errors and 47117 correct classifications

13109 errors and 46891 correct classifications

12684 errors and 47316 correct classifications

11514 errors and 48486 correct classifications

10970 errors and 49030 correct classifications

11071 errors and 48929 correct classifications

10802 errors and 49198 correct classifications

11339 errors and 48661 correct classifications

11593 errors and 48407 correct classifications

11794 errors and 48206 correct classifications

11846 errors and 48154 correct classifications

12157 errors and 47843 correct classifications

12842 errors and 47158 correct classifications

13134 errors and 46866 correct classifications

12600 errors and 47400 correct classifications

11256 errors and 48744 correct classifications

10917 errors and 49083 correct classifications

11747 errors and 48253 correct classifications

12317 errors and 47683 correct classifications

12013 errors and 47987 correct classifications

12354 errors and 47646 correct classifications

11948 errors and 48052 correct classifications

14123 errors and 45877 correct classifications

13593 errors and 46407 correct classifications

12736 errors and 47264 correct classifications

12009 errors and 47991 correct classifications

11894 errors and 48106 correct classifications

12535 errors and 47465 correct classifications

14065 errors and 45935 correct classifications

14585 errors and 45415 correct classifications

13744 errors and 46256 correct classifications

12403 errors and 47597 correct classifications

14111 errors and 45889 correct classifications

12751 errors and 47249 correct classifications

10989 errors and 49011 correct classifications

11740 errors and 48260 correct classifications

12517 errors and 47483 correct classifications

11808 errors and 48192 correct classifications

11971 errors and 48029 correct classifications

11918 errors and 48082 correct classifications

11888 errors and 48112 correct classifications

11858 errors and 48142 correct classifications

11739 errors and 48261 correct classifications

11262 errors and 48738 correct classifications

11079 errors and 48921 correct classifications

11073 errors and 48927 correct classifications

10662 errors and 49338 correct classifications

10502 errors and 49498 correct classifications

10441 errors and 49559 correct classifications

10248 errors and 49752 correct classifications

10226 errors and 49774 correct classifications

10251 errors and 49749 correct classifications

10415 errors and 49585 correct classifications

10537 errors and 49463 correct classifications

10362 errors and 49638 correct classifications

10150 errors and 49850 correct classifications

9822 errors and 50178 correct classifications

9713 errors and 50287 correct classifications

9785 errors and 50215 correct classifications

9759 errors and 50241 correct classifications

9757 errors and 50243 correct classifications

9671 errors and 50329 correct classifications

9733 errors and 50267 correct classifications

9799 errors and 50201 correct classifications

9776 errors and 50224 correct classifications

9794 errors and 50206 correct classifications

9824 errors and 50176 correct classifications

9957 errors and 50043 correct classifications

9496 errors and 50504 correct classifications

9341 errors and 50659 correct classifications

9328 errors and 50672 correct classifications

9276 errors and 50724 correct classifications

9379 errors and 50621 correct classifications

9213 errors and 50787 correct classifications

9163 errors and 50837 correct classifications

9207 errors and 50793 correct classifications

9051 errors and 50949 correct classifications

9007 errors and 50993 correct classifications

8891 errors and 51109 correct classifications

8763 errors and 51237 correct classifications

8740 errors and 51260 correct classifications

8663 errors and 51337 correct classifications

8719 errors and 51281 correct classifications

8787 errors and 51213 correct classifications

8665 errors and 51335 correct classifications

8593 errors and 51407 correct classifications

8771 errors and 51229 correct classifications

8810 errors and 51190 correct classifications

8787 errors and 51213 correct classifications

8672 errors and 51328 correct classifications

8676 errors and 51324 correct classifications

8718 errors and 51282 correct classifications

8632 errors and 51368 correct classifications

8540 errors and 51460 correct classifications

8480 errors and 51520 correct classifications

8603 errors and 51397 correct classifications

8570 errors and 51430 correct classifications

8599 errors and 51401 correct classifications

8638 errors and 51362 correct classifications

8460 errors and 51540 correct classifications

8539 errors and 51461 correct classifications


8443 errors and 51557 correct classifications

8435 errors and 51565 correct classifications

8432 errors and 51568 correct classifications

8426 errors and 51574 correct classifications

8437 errors and 51563 correct classifications

8423 errors and 51577 correct classifications

8464 errors and 51536 correct classifications

8423 errors and 51577 correct classifications


8421 errors and 51579 correct classifications

8472 errors and 51528 correct classifications

8449 errors and 51551 correct classifications

8454 errors and 51546 correct classifications

8483 errors and 51517 correct classifications

8423 errors and 51577 correct classifications

8479 errors and 51521 correct classifications

8599 errors and 51401 correct classifications

8551 errors and 51449 correct classifications

8423 errors and 51577 correct classifications

8401 errors and 51599 correct classifications

8350 errors and 51650 correct classifications

8343 errors and 51657 correct classifications

8338 errors and 51662 correct classifications

8297 errors and 51703 correct classifications

8287 errors and 51713 correct classifications

8391 errors and 51609 correct classifications

8432 errors and 51568 correct classifications

8424 errors and 51576 correct classifications

8395 errors and 51605 correct classifications

8410 errors and 51590 correct classifications

8382 errors and 51618 correct classifications

8418 errors and 51582 correct classifications

8454 errors and 51546 correct classifications


8479 errors and 51521 correct classifications

8389 errors and 51611 correct classifications

8572 errors and 51428 correct classifications

8481 errors and 51519 correct classifications

8413 errors and 51587 correct classifications

8505 errors and 51495 correct classifications

8596 errors and 51404 correct classifications

8480 errors and 51520 correct classifications


54566 errors and 5434 correct classifications

54449 errors and 5551 correct classifications

54051 errors and 5949 correct classifications


54051 errors and 5949 correct classifications


54082 errors and 5918 correct classifications

54082 errors and 5918 correct classifications


54093 errors and 5907 correct classifications

54077 errors and 5923 correct classifications


54077 errors and 5923 correct classifications

54068 errors and 5932 correct classifications



53735 errors and 6265 correct classifications

53735 errors and 6265 correct classifications

53735 errors and 6265 correct classifications


53735 errors and 6265 correct classifications

53735 errors and 6265 correct classifications

53735 errors and 6265 correct classifications

53735 errors and 6265 correct classifications

54093 errors and 5907 correct classifications

54077 errors and 5923 correct classifications

54077 errors and 5923 correct classifications

8467 errors and 51533 correct classifications

8388 errors and 51612 correct classifications

8369 errors and 51631 correct classifications

8355 errors and 51645 correct classifications

8299 errors and 51701 correct classifications

8188 errors and 51812 correct classifications

8273 errors and 51727 correct classifications

8253 errors and 51747 correct classifications

8280 errors and 51720 correct classifications


8356 errors and 51644 correct classifications

8243 errors and 51757 correct classifications

8289 errors and 51711 correct classifications

8345 errors and 51655 correct classifications

8381 errors and 51619 correct classifications

8338 errors and 51662 correct classifications


8371 errors and 51629 correct classifications

8451 errors and 51549 correct classifications

8347 errors and 51653 correct classifications

8256 errors and 51744 correct classifications

8280 errors and 51720 correct classifications


9013 errors and 50987 correct classifications

9288 errors and 50712 correct classifications


9796 errors and 50204 correct classifications

9816 errors and 50184 correct classifications

9784 errors and 50216 correct classifications

9913 errors and 50087 correct classifications

9808 errors and 50192 correct classifications

9744 errors and 50256 correct classifications

9638 errors and 50362 correct classifications

9598 errors and 50402 correct classifications

9458 errors and 50542 correct classifications

9375 errors and 50625 correct classifications

9315 errors and 50685 correct classifications

9310 errors and 50690 correct classifications

9270 errors and 50730 correct classifications

9288 errors and 50712 correct classifications

9289 errors and 50711 correct classifications

9203 errors and 50797 correct classifications

9129 errors and 50871 correct classifications

9128 errors and 50872 correct classifications

9123 errors and 50877 correct classifications

9264 errors and 50736 correct classifications

9182 errors and 50818 correct classifications

9044 errors and 50956 correct classifications

8994 errors and 51006 correct classifications

9014 errors and 50986 correct classifications

8984 errors and 51016 correct classifications

8907 errors and 51093 correct classifications

8843 errors and 51157 correct classifications

8733 errors and 51267 correct classifications

8665 errors and 51335 correct classifications

8596 errors and 51404 correct classifications

8626 errors and 51374 correct classifications

8621 errors and 51379 correct classifications

8662 errors and 51338 correct classifications

8626 errors and 51374 correct classifications

8615 errors and 51385 correct classifications

8617 errors and 51383 correct classifications

8643 errors and 51357 correct classifications

8610 errors and 51390 correct classifications

8608 errors and 51392 correct classifications

8613 errors and 51387 correct classifications

8651 errors and 51349 correct classifications

8663 errors and 51337 correct classifications

8675 errors and 51325 correct classifications

8677 errors and 51323 correct classifications

8690 errors and 51310 correct classifications

8617 errors and 51383 correct classifications

8626 errors and 51374 correct classifications

8634 errors and 51366 correct classifications

8610 errors and 51390 correct classifications

8609 errors and 51391 correct classifications

8616 errors and 51384 correct classifications

8717 errors and 51283 correct classifications

8620 errors and 51380 correct classifications

8611 errors and 51389 correct classifications

8625 errors and 51375 correct classifications

8646 errors and 51354 correct classifications

8635 errors and 51365 correct classifications

8687 errors and 51313 correct classifications

8750 errors and 51250 correct classifications

8791 errors and 51209 correct classifications

8780 errors and 51220 correct classifications

8716 errors and 51284 correct classifications

8748 errors and 51252 correct classifications

8790 errors and 51210 correct classifications

8834 errors and 51166 correct classifications

8843 errors and 51157 correct classifications

8865 errors and 51135 correct classifications

8899 errors and 51101 correct classifications

8923 errors and 51077 correct classifications

8896 errors and 51104 correct classifications

8865 errors and 51135 correct classifications

8884 errors and 51116 correct classifications

8853 errors and 51147 correct classifications

8812 errors and 51188 correct classifications

8828 errors and 51172 correct classifications

8814 errors and 51186 correct classifications

8759 errors and 51241 correct classifications

8726 errors and 51274 correct classifications

8711 errors and 51289 correct classifications

8717 errors and 51283 correct classifications

8673 errors and 51327 correct classifications

8683 errors and 51317 correct classifications

8739 errors and 51261 correct classifications

8769 errors and 51231 correct classifications

8767 errors and 51233 correct classifications

8726 errors and 51274 correct classifications

8758 errors and 51242 correct classifications

8790 errors and 51210 correct classifications

8693 errors and 51307 correct classifications

8660 errors and 51340 correct classifications

8713 errors and 51287 correct classifications

8642 errors and 51358 correct classifications

8586 errors and 51414 correct classifications

8611 errors and 51389 correct classifications

8562 errors and 51438 correct classifications

8558 errors and 51442 correct classifications

8550 errors and 51450 correct classifications

8495 errors and 51505 correct classifications

8489 errors and 51511 correct classifications

8508 errors and 51492 correct classifications

8522 errors and 51478 correct classifications

8512 errors and 51488 correct classifications

8521 errors and 51479 correct classifications

8564 errors and 51436 correct classifications

8559 errors and 51441 correct classifications

8527 errors and 51473 correct classifications

8567 errors and 51433 correct classifications

8681 errors and 51319 correct classifications

8802 errors and 51198 correct classifications

8827 errors and 51173 correct classifications

8864 errors and 51136 correct classifications

8884 errors and 51116 correct classifications

8896 errors and 51104 correct classifications

8820 errors and 51180 correct classifications

8761 errors and 51239 correct classifications

8696 errors and 51304 correct classifications

8724 errors and 51276 correct classifications

8722 errors and 51278 correct classifications

8682 errors and 51318 correct classifications

8637 errors and 51363 correct classifications

8613 errors and 51387 correct classifications

8654 errors and 51346 correct classifications

8675 errors and 51325 correct classifications

8616 errors and 51384 correct classifications

8593 errors and 51407 correct classifications

8618 errors and 51382 correct classifications

8611 errors and 51389 correct classifications

8623 errors and 51377 correct classifications

8629 errors and 51371 correct classifications

8644 errors and 51356 correct classifications

8669 errors and 51331 correct classifications

8666 errors and 51334 correct classifications

8643 errors and 51357 correct classifications

8576 errors and 51424 correct classifications

8635 errors and 51365 correct classifications

8557 errors and 51443 correct classifications

8551 errors and 51449 correct classifications

8561 errors and 51439 correct classifications

8541 errors and 51459 correct classifications

8504 errors and 51496 correct classifications

8482 errors and 51518 correct classifications

8476 errors and 51524 correct classifications

8522 errors and 51478 correct classifications

8496 errors and 51504 correct classifications

8466 errors and 51534 correct classifications

8449 errors and 51551 correct classifications

8481 errors and 51519 correct classifications

8433 errors and 51567 correct classifications

8417 errors and 51583 correct classifications

8404 errors and 51596 correct classifications

8391 errors and 51609 correct classifications

8395 errors and 51605 correct classifications

8391 errors and 51609 correct classifications

8386 errors and 51614 correct classifications

8423 errors and 51577 correct classifications

8358 errors and 51642 correct classifications

8360 errors and 51640 correct classifications

8409 errors and 51591 correct classifications

8413 errors and 51587 correct classifications

8392 errors and 51608 correct classifications

8381 errors and 51619 correct classifications

8354 errors and 51646 correct classifications

8356 errors and 51644 correct classifications

8408 errors and 51592 correct classifications

8353 errors and 51647 correct classifications

8321 errors and 51679 correct classifications

8320 errors and 51680 correct classifications

8298 errors and 51702 correct classifications

8304 errors and 51696 correct classifications

8334 errors and 51666 correct classifications

8320 errors and 51680 correct classifications

8341 errors and 51659 correct classifications

8367 errors and 51633 correct classifications

8402 errors and 51598 correct classifications

8423 errors and 51577 correct classifications

8429 errors and 51571 correct classifications

8396 errors and 51604 correct classifications

8426 errors and 51574 correct classifications

8435 errors and 51565 correct classifications

8518 errors and 51482 correct classifications

8479 errors and 51521 correct classifications

8451 errors and 51549 correct classifications

8457 errors and 51543 correct classifications

8451 errors and 51549 correct classifications

8535 errors and 51465 correct classifications

8538 errors and 51462 correct classifications

8552 errors and 51448 correct classifications

8494 errors and 51506 correct classifications

8501 errors and 51499 correct classifications

8455 errors and 51545 correct classifications

8398 errors and 51602 correct classifications

8326 errors and 51674 correct classifications

8284 errors and 51716 correct classifications

8286 errors and 51714 correct classifications

8296 errors and 51704 correct classifications

8295 errors and 51705 correct classifications

8338 errors and 51662 correct classifications

8339 errors and 51661 correct classifications

8304 errors and 51696 correct classifications

8378 errors and 51622 correct classifications

8405 errors and 51595 correct classifications

8380 errors and 51620 correct classifications

8392 errors and 51608 correct classifications

8470 errors and 51530 correct classifications

8454 errors and 51546 correct classifications

8447 errors and 51553 correct classifications

8445 errors and 51555 correct classifications

8469 errors and 51531 correct classifications

8535 errors and 51465 correct classifications

8568 errors and 51432 correct classifications

8519 errors and 51481 correct classifications

8455 errors and 51545 correct classifications

8423 errors and 51577 correct classifications

8358 errors and 51642 correct classifications

8299 errors and 51701 correct classifications

8345 errors and 51655 correct classifications

8371 errors and 51629 correct classifications

8351 errors and 51649 correct classifications

8339 errors and 51661 correct classifications

8290 errors and 51710 correct classifications

8277 errors and 51723 correct classifications

8192 errors and 51808 correct classifications

8196 errors and 51804 correct classifications

8180 errors and 51820 correct classifications

8195 errors and 51805 correct classifications

8247 errors and 51753 correct classifications

8228 errors and 51772 correct classifications

8200 errors and 51800 correct classifications

8219 errors and 51781 correct classifications

8200 errors and 51800 correct classifications

8210 errors and 51790 correct classifications

8231 errors and 51769 correct classifications

8233 errors and 51767 correct classifications

8211 errors and 51789 correct classifications

8226 errors and 51774 correct classifications

8221 errors and 51779 correct classifications

8233 errors and 51767 correct classifications

8192 errors and 51808 correct classifications

8180 errors and 51820 correct classifications

8190 errors and 51810 correct classifications

8210 errors and 51790 correct classifications

8182 errors and 51818 correct classifications

8170 errors and 51830 correct classifications

8171 errors and 51829 correct classifications

8199 errors and 51801 correct classifications

8183 errors and 51817 correct classifications

8237 errors and 51763 correct classifications

8336 errors and 51664 correct classifications

8297 errors and 51703 correct classifications

8246 errors and 51754 correct classifications

8240 errors and 51760 correct classifications

8232 errors and 51768 correct classifications

8246 errors and 51754 correct classifications

8211 errors and 51789 correct classifications

8213 errors and 51787 correct classifications

8208 errors and 51792 correct classifications

8194 errors and 51806 correct classifications

8213 errors and 51787 correct classifications

8233 errors and 51767 correct classifications

8232 errors and 51768 correct classifications

8254 errors and 51746 correct classifications

8243 errors and 51757 correct classifications

8247 errors and 51753 correct classifications

8256 errors and 51744 correct classifications

8252 errors and 51748 correct classifications

8251 errors and 51749 correct classifications

8230 errors and 51770 correct classifications

8339 errors and 51661 correct classifications

8322 errors and 51678 correct classifications

8271 errors and 51729 correct classifications

8250 errors and 51750 correct classifications

8228 errors and 51772 correct classifications

8204 errors and 51796 correct classifications

8217 errors and 51783 correct classifications

8227 errors and 51773 correct classifications

8276 errors and 51724 correct classifications

8258 errors and 51742 correct classifications

8295 errors and 51705 correct classifications

8353 errors and 51647 correct classifications

8341 errors and 51659 correct classifications

8305 errors and 51695 correct classifications

8352 errors and 51648 correct classifications

8320 errors and 51680 correct classifications

8389 errors and 51611 correct classifications

8422 errors and 51578 correct classifications

8417 errors and 51583 correct classifications

8331 errors and 51669 correct classifications


44107 errors and 15893 correct classifications

29601 errors and 30399 correct classifications

25768 errors and 34232 correct classifications

23321 errors and 36679 correct classifications


21540 errors and 38460 correct classifications

19878 errors and 40122 correct classifications

18932 errors and 41068 correct classifications

17736 errors and 42264 correct classifications

16041 errors and 43959 correct classifications

14043 errors and 45957 correct classifications

13518 errors and 46482 correct classifications

13863 errors and 46137 correct classifications

13614 errors and 46386 correct classifications

12774 errors and 47226 correct classifications

12372 errors and 47628 correct classifications

12481 errors and 47519 correct classifications

12142 errors and 47858 correct classifications

11877 errors and 48123 correct classifications

11915 errors and 48085 correct classifications


11694 errors and 48306 correct classifications

11547 errors and 48453 correct classifications

11413 errors and 48587 correct classifications

10788 errors and 49212 correct classifications

10811 errors and 49189 correct classifications

10922 errors and 49078 correct classifications

10695 errors and 49305 correct classifications

10754 errors and 49246 correct classifications

10604 errors and 49396 correct classifications

10230 errors and 49770 correct classifications

10144 errors and 49856 correct classifications

10268 errors and 49732 correct classifications

10358 errors and 49642 correct classifications

10126 errors and 49874 correct classifications

10123 errors and 49877 correct classifications

10223 errors and 49777 correct classifications

9968 errors and 50032 correct classifications

10164 errors and 49836 correct classifications

9945 errors and 50055 correct classifications

10034 errors and 49966 correct classifications

10035 errors and 49965 correct classifications

9867 errors and 50133 correct classifications

9771 errors and 50229 correct classifications

9841 errors and 50159 correct classifications

9923 errors and 50077 correct classifications

9769 errors and 50231 correct classifications

9756 errors and 50244 correct classifications

9753 errors and 50247 correct classifications

9652 errors and 50348 correct classifications

9667 errors and 50333 correct classifications

9503 errors and 50497 correct classifications

9488 errors and 50512 correct classifications

9408 errors and 50592 correct classifications

9374 errors and 50626 correct classifications

9460 errors and 50540 correct classifications

9435 errors and 50565 correct classifications

9342 errors and 50658 correct classifications

9427 errors and 50573 correct classifications

9473 errors and 50527 correct classifications

9640 errors and 50360 correct classifications

9555 errors and 50445 correct classifications

9319 errors and 50681 correct classifications

9211 errors and 50789 correct classifications

9274 errors and 50726 correct classifications

9247 errors and 50753 correct classifications

9202 errors and 50798 correct classifications

9186 errors and 50814 correct classifications

9179 errors and 50821 correct classifications

9129 errors and 50871 correct classifications

9149 errors and 50851 correct classifications

9128 errors and 50872 correct classifications

9196 errors and 50804 correct classifications

9164 errors and 50836 correct classifications

9106 errors and 50894 correct classifications

9157 errors and 50843 correct classifications

9059 errors and 50941 correct classifications

9323 errors and 50677 correct classifications

9364 errors and 50636 correct classifications

9077 errors and 50923 correct classifications

9007 errors and 50993 correct classifications

8987 errors and 51013 correct classifications

8948 errors and 51052 correct classifications

8962 errors and 51038 correct classifications

9028 errors and 50972 correct classifications

8931 errors and 51069 correct classifications

8934 errors and 51066 correct classifications

9011 errors and 50989 correct classifications

8990 errors and 51010 correct classifications

8931 errors and 51069 correct classifications

8890 errors and 51110 correct classifications

8850 errors and 51150 correct classifications

8848 errors and 51152 correct classifications

8819 errors and 51181 correct classifications

8800 errors and 51200 correct classifications

8810 errors and 51190 correct classifications

8780 errors and 51220 correct classifications

8806 errors and 51194 correct classifications

8838 errors and 51162 correct classifications

8775 errors and 51225 correct classifications

8876 errors and 51124 correct classifications

8806 errors and 51194 correct classifications

8760 errors and 51240 correct classifications

8867 errors and 51133 correct classifications

8769 errors and 51231 correct classifications

8801 errors and 51199 correct classifications

8815 errors and 51185 correct classifications

8787 errors and 51213 correct classifications

8782 errors and 51218 correct classifications

8728 errors and 51272 correct classifications

8763 errors and 51237 correct classifications

8707 errors and 51293 correct classifications

8785 errors and 51215 correct classifications

8723 errors and 51277 correct classifications

8622 errors and 51378 correct classifications

8776 errors and 51224 correct classifications

8814 errors and 51186 correct classifications

8695 errors and 51305 correct classifications

8629 errors and 51371 correct classifications

8735 errors and 51265 correct classifications

8701 errors and 51299 correct classifications

8674 errors and 51326 correct classifications

8741 errors and 51259 correct classifications

8597 errors and 51403 correct classifications

8627 errors and 51373 correct classifications

8601 errors and 51399 correct classifications

8582 errors and 51418 correct classifications

8582 errors and 51418 correct classifications

8583 errors and 51417 correct classifications

8715 errors and 51285 correct classifications

8735 errors and 51265 correct classifications

8629 errors and 51371 correct classifications

8564 errors and 51436 correct classifications

8737 errors and 51263 correct classifications

8541 errors and 51459 correct classifications

8525 errors and 51475 correct classifications

8563 errors and 51437 correct classifications

8531 errors and 51469 correct classifications

8447 errors and 51553 correct classifications

8328 errors and 51672 correct classifications

8566 errors and 51434 correct classifications

8415 errors and 51585 correct classifications

8470 errors and 51530 correct classifications

8322 errors and 51678 correct classifications

8390 errors and 51610 correct classifications

8444 errors and 51556 correct classifications

8405 errors and 51595 correct classifications

8443 errors and 51557 correct classifications

8278 errors and 51722 correct classifications

8304 errors and 51696 correct classifications

8315 errors and 51685 correct classifications

8354 errors and 51646 correct classifications

8286 errors and 51714 correct classifications

8184 errors and 51816 correct classifications

8164 errors and 51836 correct classifications

8239 errors and 51761 correct classifications

8327 errors and 51673 correct classifications

8192 errors and 51808 correct classifications

8314 errors and 51686 correct classifications

8264 errors and 51736 correct classifications

8181 errors and 51819 correct classifications

8147 errors and 51853 correct classifications

8129 errors and 51871 correct classifications

8110 errors and 51890 correct classifications

8051 errors and 51949 correct classifications

8092 errors and 51908 correct classifications

8186 errors and 51814 correct classifications

8067 errors and 51933 correct classifications

8163 errors and 51837 correct classifications

8140 errors and 51860 correct classifications

8082 errors and 51918 correct classifications

8021 errors and 51979 correct classifications

8034 errors and 51966 correct classifications

8003 errors and 51997 correct classifications

8050 errors and 51950 correct classifications

8061 errors and 51939 correct classifications

8060 errors and 51940 correct classifications

8185 errors and 51815 correct classifications

8057 errors and 51943 correct classifications

8110 errors and 51890 correct classifications

7989 errors and 52011 correct classifications

7988 errors and 52012 correct classifications

7972 errors and 52028 correct classifications

8095 errors and 51905 correct classifications

8093 errors and 51907 correct classifications

7866 errors and 52134 correct classifications

8005 errors and 51995 correct classifications

7863 errors and 52137 correct classifications

7929 errors and 52071 correct classifications

7918 errors and 52082 correct classifications

8091 errors and 51909 correct classifications

7963 errors and 52037 correct classifications

7928 errors and 52072 correct classifications

7980 errors and 52020 correct classifications

7893 errors and 52107 correct classifications

7868 errors and 52132 correct classifications

7822 errors and 52178 correct classifications

7928 errors and 52072 correct classifications

7971 errors and 52029 correct classifications

7891 errors and 52109 correct classifications

7903 errors and 52097 correct classifications

7915 errors and 52085 correct classifications

7903 errors and 52097 correct classifications

7808 errors and 52192 correct classifications

7835 errors and 52165 correct classifications

7748 errors and 52252 correct classifications

7694 errors and 52306 correct classifications

7721 errors and 52279 correct classifications

7793 errors and 52207 correct classifications

7833 errors and 52167 correct classifications

7739 errors and 52261 correct classifications

7832 errors and 52168 correct classifications

7917 errors and 52083 correct classifications

7853 errors and 52147 correct classifications

7822 errors and 52178 correct classifications

7925 errors and 52075 correct classifications

7960 errors and 52040 correct classifications

7879 errors and 52121 correct classifications

7715 errors and 52285 correct classifications

7711 errors and 52289 correct classifications

7717 errors and 52283 correct classifications

7792 errors and 52208 correct classifications

7857 errors and 52143 correct classifications

7994 errors and 52006 correct classifications

8057 errors and 51943 correct classifications

7840 errors and 52160 correct classifications

7680 errors and 52320 correct classifications

7705 errors and 52295 correct classifications

7718 errors and 52282 correct classifications

7758 errors and 52242 correct classifications

7633 errors and 52367 correct classifications

7659 errors and 52341 correct classifications

7630 errors and 52370 correct classifications

7627 errors and 52373 correct classifications

7632 errors and 52368 correct classifications

7590 errors and 52410 correct classifications

7688 errors and 52312 correct classifications

7759 errors and 52241 correct classifications

7690 errors and 52310 correct classifications

7662 errors and 52338 correct classifications

7702 errors and 52298 correct classifications

7767 errors and 52233 correct classifications

7707 errors and 52293 correct classifications

7801 errors and 52199 correct classifications

7672 errors and 52328 correct classifications

7596 errors and 52404 correct classifications

7654 errors and 52346 correct classifications

7705 errors and 52295 correct classifications

7627 errors and 52373 correct classifications

7598 errors and 52402 correct classifications

7711 errors and 52289 correct classifications

7725 errors and 52275 correct classifications

7596 errors and 52404 correct classifications

7665 errors and 52335 correct classifications

7772 errors and 52228 correct classifications

7940 errors and 52060 correct classifications

7728 errors and 52272 correct classifications

7818 errors and 52182 correct classifications

7720 errors and 52280 correct classifications

7695 errors and 52305 correct classifications

7608 errors and 52392 correct classifications

7587 errors and 52413 correct classifications

7522 errors and 52478 correct classifications

7491 errors and 52509 correct classifications

7492 errors and 52508 correct classifications

7605 errors and 52395 correct classifications

7482 errors and 52518 correct classifications

7583 errors and 52417 correct classifications

7454 errors and 52546 correct classifications

7488 errors and 52512 correct classifications

7469 errors and 52531 correct classifications

7517 errors and 52483 correct classifications

7643 errors and 52357 correct classifications

7577 errors and 52423 correct classifications

7439 errors and 52561 correct classifications

7456 errors and 52544 correct classifications

7426 errors and 52574 correct classifications

7440 errors and 52560 correct classifications

7413 errors and 52587 correct classifications

7355 errors and 52645 correct classifications

7411 errors and 52589 correct classifications

7470 errors and 52530 correct classifications

7432 errors and 52568 correct classifications

7422 errors and 52578 correct classifications

7474 errors and 52526 correct classifications

7517 errors and 52483 correct classifications

7586 errors and 52414 correct classifications

7517 errors and 52483 correct classifications

7504 errors and 52496 correct classifications

7458 errors and 52542 correct classifications

7387 errors and 52613 correct classifications

7429 errors and 52571 correct classifications

7370 errors and 52630 correct classifications

7421 errors and 52579 correct classifications

7473 errors and 52527 correct classifications

7459 errors and 52541 correct classifications

7423 errors and 52577 correct classifications

7504 errors and 52496 correct classifications

7377 errors and 52623 correct classifications

7475 errors and 52525 correct classifications

7436 errors and 52564 correct classifications

7357 errors and 52643 correct classifications

7378 errors and 52622 correct classifications

7499 errors and 52501 correct classifications

7431 errors and 52569 correct classifications

7605 errors and 52395 correct classifications


7400 errors and 52600 correct classifications

7350 errors and 52650 correct classifications

7384 errors and 52616 correct classifications

7365 errors and 52635 correct classifications

7352 errors and 52648 correct classifications

7337 errors and 52663 correct classifications

7293 errors and 52707 correct classifications

7330 errors and 52670 correct classifications

7263 errors and 52737 correct classifications

7259 errors and 52741 correct classifications

7258 errors and 52742 correct classifications

7300 errors and 52700 correct classifications

7249 errors and 52751 correct classifications

7265 errors and 52735 correct classifications

7266 errors and 52734 correct classifications

7293 errors and 52707 correct classifications

7228 errors and 52772 correct classifications

7239 errors and 52761 correct classifications

7243 errors and 52757 correct classifications

7239 errors and 52761 correct classifications

7258 errors and 52742 correct classifications

7303 errors and 52697 correct classifications

7280 errors and 52720 correct classifications

7212 errors and 52788 correct classifications

7170 errors and 52830 correct classifications

7201 errors and 52799 correct classifications

7260 errors and 52740 correct classifications

7180 errors and 52820 correct classifications

7204 errors and 52796 correct classifications

7213 errors and 52787 correct classifications

7236 errors and 52764 correct classifications

7194 errors and 52806 correct classifications

7170 errors and 52830 correct classifications

7205 errors and 52795 correct classifications

7235 errors and 52765 correct classifications

7229 errors and 52771 correct classifications

7241 errors and 52759 correct classifications

7224 errors and 52776 correct classifications

7256 errors and 52744 correct classifications

7322 errors and 52678 correct classifications

7250 errors and 52750 correct classifications

7145 errors and 52855 correct classifications

7142 errors and 52858 correct classifications

7124 errors and 52876 correct classifications

7102 errors and 52898 correct classifications

7121 errors and 52879 correct classifications

7120 errors and 52880 correct classifications

7134 errors and 52866 correct classifications

7070 errors and 52930 correct classifications



7071 errors and 52929 correct classifications

7063 errors and 52937 correct classifications

7050 errors and 52950 correct classifications

7053 errors and 52947 correct classifications

7044 errors and 52956 correct classifications

7040 errors and 52960 correct classifications

7034 errors and 52966 correct classifications

7055 errors and 52945 correct classifications

7051 errors and 52949 correct classifications

7059 errors and 52941 correct classifications

7071 errors and 52929 correct classifications

7085 errors and 52915 correct classifications

7123 errors and 52877 correct classifications

7059 errors and 52941 correct classifications

7022 errors and 52978 correct classifications

7041 errors and 52959 correct classifications

7070 errors and 52930 correct classifications

7058 errors and 52942 correct classifications

7037 errors and 52963 correct classifications

7050 errors and 52950 correct classifications

7064 errors and 52936 correct classifications

7029 errors and 52971 correct classifications

7041 errors and 52959 correct classifications

7023 errors and 52977 correct classifications

7030 errors and 52970 correct classifications

6995 errors and 53005 correct classifications

7026 errors and 52974 correct classifications

7002 errors and 52998 correct classifications

7010 errors and 52990 correct classifications

7018 errors and 52982 correct classifications

6996 errors and 53004 correct classifications

6997 errors and 53003 correct classifications

6998 errors and 53002 correct classifications

6998 errors and 53002 correct classifications

6969 errors and 53031 correct classifications

7014 errors and 52986 correct classifications

7015 errors and 52985 correct classifications

6995 errors and 53005 correct classifications

7016 errors and 52984 correct classifications

7010 errors and 52990 correct classifications

6985 errors and 53015 correct classifications

6993 errors and 53007 correct classifications

6966 errors and 53034 correct classifications

7014 errors and 52986 correct classifications

7063 errors and 52937 correct classifications

7101 errors and 52899 correct classifications

7073 errors and 52927 correct classifications

7102 errors and 52898 correct classifications

7104 errors and 52896 correct classifications

7070 errors and 52930 correct classifications

7057 errors and 52943 correct classifications

7017 errors and 52983 correct classifications

7031 errors and 52969 correct classifications

7038 errors and 52962 correct classifications

7029 errors and 52971 correct classifications

7063 errors and 52937 correct classifications

7011 errors and 52989 correct classifications

7007 errors and 52993 correct classifications

7014 errors and 52986 correct classifications

6992 errors and 53008 correct classifications

6977 errors and 53023 correct classifications

6975 errors and 53025 correct classifications

6976 errors and 53024 correct classifications

6943 errors and 53057 correct classifications

6975 errors and 53025 correct classifications

7036 errors and 52964 correct classifications

7014 errors and 52986 correct classifications

7025 errors and 52975 correct classifications

7055 errors and 52945 correct classifications

7018 errors and 52982 correct classifications

6992 errors and 53008 correct classifications

6986 errors and 53014 correct classifications

6962 errors and 53038 correct classifications

6963 errors and 53037 correct classifications

6959 errors and 53041 correct classifications

6935 errors and 53065 correct classifications

6949 errors and 53051 correct classifications

6929 errors and 53071 correct classifications

6925 errors and 53075 correct classifications

6926 errors and 53074 correct classifications

6934 errors and 53066 correct classifications

6938 errors and 53062 correct classifications

6927 errors and 53073 correct classifications

6952 errors and 53048 correct classifications

6957 errors and 53043 correct classifications

6934 errors and 53066 correct classifications

6932 errors and 53068 correct classifications

6943 errors and 53057 correct classifications

6925 errors and 53075 correct classifications

6941 errors and 53059 correct classifications

6941 errors and 53059 correct classifications

6942 errors and 53058 correct classifications

6958 errors and 53042 correct classifications

6920 errors and 53080 correct classifications

6924 errors and 53076 correct classifications

6914 errors and 53086 correct classifications

6963 errors and 53037 correct classifications

7055 errors and 52945 correct classifications

7008 errors and 52992 correct classifications

6944 errors and 53056 correct classifications

6941 errors and 53059 correct classifications

6914 errors and 53086 correct classifications

6918 errors and 53082 correct classifications

6914 errors and 53086 correct classifications

6908 errors and 53092 correct classifications

6885 errors and 53115 correct classifications

6906 errors and 53094 correct classifications

6896 errors and 53104 correct classifications

6895 errors and 53105 correct classifications

6903 errors and 53097 correct classifications

6922 errors and 53078 correct classifications

6932 errors and 53068 correct classifications

6914 errors and 53086 correct classifications

6893 errors and 53107 correct classifications

6896 errors and 53104 correct classifications

6887 errors and 53113 correct classifications

6887 errors and 53113 correct classifications

6911 errors and 53089 correct classifications

6898 errors and 53102 correct classifications

6890 errors and 53110 correct classifications

6951 errors and 53049 correct classifications

6936 errors and 53064 correct classifications

6909 errors and 53091 correct classifications

6887 errors and 53113 correct classifications

6889 errors and 53111 correct classifications

6883 errors and 53117 correct classifications

6883 errors and 53117 correct classifications

6872 errors and 53128 correct classifications

6891 errors and 53109 correct classifications

6872 errors and 53128 correct classifications

6859 errors and 53141 correct classifications

6862 errors and 53138 correct classifications

6883 errors and 53117 correct classifications

6867 errors and 53133 correct classifications

6867 errors and 53133 correct classifications

6863 errors and 53137 correct classifications

6880 errors and 53120 correct classifications

6877 errors and 53123 correct classifications

6867 errors and 53133 correct classifications

6871 errors and 53129 correct classifications

6866 errors and 53134 correct classifications

6876 errors and 53124 correct classifications

6875 errors and 53125 correct classifications

6865 errors and 53135 correct classifications

6874 errors and 53126 correct classifications

6903 errors and 53097 correct classifications

6927 errors and 53073 correct classifications

6891 errors and 53109 correct classifications

6863 errors and 53137 correct classifications

6866 errors and 53134 correct classifications

6858 errors and 53142 correct classifications

6890 errors and 53110 correct classifications

6890 errors and 53110 correct classifications

6913 errors and 53087 correct classifications

6893 errors and 53107 correct classifications

6864 errors and 53136 correct classifications

6865 errors and 53135 correct classifications

6869 errors and 53131 correct classifications

6849 errors and 53151 correct classifications

6842 errors and 53158 correct classifications

6863 errors and 53137 correct classifications

6871 errors and 53129 correct classifications

6856 errors and 53144 correct classifications

6904 errors and 53096 correct classifications

6858 errors and 53142 correct classifications

6870 errors and 53130 correct classifications

6849 errors and 53151 correct classifications

6855 errors and 53145 correct classifications

6856 errors and 53144 correct classifications

6869 errors and 53131 correct classifications

6836 errors and 53164 correct classifications

6840 errors and 53160 correct classifications

6866 errors and 53134 correct classifications

6850 errors and 53150 correct classifications

6899 errors and 53101 correct classifications

6872 errors and 53128 correct classifications

6853 errors and 53147 correct classifications

6851 errors and 53149 correct classifications

6837 errors and 53163 correct classifications

6836 errors and 53164 correct classifications

6866 errors and 53134 correct classifications

6862 errors and 53138 correct classifications

6831 errors and 53169 correct classifications

6836 errors and 53164 correct classifications

6865 errors and 53135 correct classifications

6839 errors and 53161 correct classifications

6839 errors and 53161 correct classifications

6840 errors and 53160 correct classifications

6830 errors and 53170 correct classifications

6827 errors and 53173 correct classifications

6845 errors and 53155 correct classifications

6835 errors and 53165 correct classifications

6834 errors and 53166 correct classifications

6847 errors and 53153 correct classifications

6837 errors and 53163 correct classifications

6819 errors and 53181 correct classifications

6824 errors and 53176 correct classifications

6817 errors and 53183 correct classifications

6810 errors and 53190 correct classifications

6825 errors and 53175 correct classifications

6843 errors and 53157 correct classifications

6827 errors and 53173 correct classifications

6838 errors and 53162 correct classifications

6830 errors and 53170 correct classifications

6835 errors and 53165 correct classifications

6817 errors and 53183 correct classifications

6828 errors and 53172 correct classifications

6814 errors and 53186 correct classifications

6821 errors and 53179 correct classifications

6820 errors and 53180 correct classifications

6818 errors and 53182 correct classifications

6820 errors and 53180 correct classifications

6814 errors and 53186 correct classifications

6813 errors and 53187 correct classifications

6810 errors and 53190 correct classifications

6820 errors and 53180 correct classifications

6844 errors and 53156 correct classifications

6828 errors and 53172 correct classifications

6806 errors and 53194 correct classifications

6814 errors and 53186 correct classifications

6830 errors and 53170 correct classifications

6812 errors and 53188 correct classifications

6819 errors and 53181 correct classifications

6801 errors and 53199 correct classifications

6807 errors and 53193 correct classifications

6806 errors and 53194 correct classifications

6805 errors and 53195 correct classifications

6812 errors and 53188 correct classifications

6815 errors and 53185 correct classifications

6821 errors and 53179 correct classifications

6849 errors and 53151 correct classifications

6816 errors and 53184 correct classifications

6831 errors and 53169 correct classifications

6843 errors and 53157 correct classifications

6824 errors and 53176 correct classifications

6827 errors and 53173 correct classifications

6815 errors and 53185 correct classifications

6831 errors and 53169 correct classifications

6833 errors and 53167 correct classifications

6827 errors and 53173 correct classifications

6823 errors and 53177 correct classifications

6813 errors and 53187 correct classifications

6825 errors and 53175 correct classifications

6815 errors and 53185 correct classifications

6863 errors and 53137 correct classifications

6844 errors and 53156 correct classifications

6817 errors and 53183 correct classifications

6810 errors and 53190 correct classifications

6816 errors and 53184 correct classifications

6801 errors and 53199 correct classifications

6821 errors and 53179 correct classifications

6805 errors and 53195 correct classifications

6795 errors and 53205 correct classifications

6804 errors and 53196 correct classifications

6817 errors and 53183 correct classifications

6805 errors and 53195 correct classifications

6815 errors and 53185 correct classifications

6800 errors and 53200 correct classifications

6817 errors and 53183 correct classifications

6809 errors and 53191 correct classifications

6795 errors and 53205 correct classifications

6805 errors and 53195 correct classifications

6810 errors and 53190 correct classifications

6791 errors and 53209 correct classifications

6804 errors and 53196 correct classifications

6815 errors and 53185 correct classifications

6806 errors and 53194 correct classifications

6796 errors and 53204 correct classifications

6801 errors and 53199 correct classifications

6831 errors and 53169 correct classifications

6809 errors and 53191 correct classifications

6799 errors and 53201 correct classifications

6864 errors and 53136 correct classifications

6811 errors and 53189 correct classifications

6810 errors and 53190 correct classifications

6805 errors and 53195 correct classifications

6798 errors and 53202 correct classifications

6801 errors and 53199 correct classifications

6817 errors and 53183 correct classifications

6795 errors and 53205 correct classifications

6792 errors and 53208 correct classifications

6790 errors and 53210 correct classifications

6781 errors and 53219 correct classifications

6797 errors and 53203 correct classifications

6797 errors and 53203 correct classifications

6792 errors and 53208 correct classifications

6805 errors and 53195 correct classifications

6791 errors and 53209 correct classifications

6790 errors and 53210 correct classifications

6797 errors and 53203 correct classifications

6804 errors and 53196 correct classifications

6776 errors and 53224 correct classifications

6786 errors and 53214 correct classifications

6785 errors and 53215 correct classifications

6835 errors and 53165 correct classifications

6782 errors and 53218 correct classifications

6784 errors and 53216 correct classifications

6786 errors and 53214 correct classifications

6774 errors and 53226 correct classifications

6789 errors and 53211 correct classifications

6776 errors and 53224 correct classifications

6789 errors and 53211 correct classifications

6785 errors and 53215 correct classifications

6782 errors and 53218 correct classifications

6784 errors and 53216 correct classifications

6770 errors and 53230 correct classifications

6848 errors and 53152 correct classifications

6813 errors and 53187 correct classifications

6787 errors and 53213 correct classifications

6780 errors and 53220 correct classifications

6798 errors and 53202 correct classifications

6802 errors and 53198 correct classifications

6788 errors and 53212 correct classifications

6774 errors and 53226 correct classifications

6769 errors and 53231 correct classifications

6771 errors and 53229 correct classifications

6775 errors and 53225 correct classifications

6778 errors and 53222 correct classifications

6796 errors and 53204 correct classifications

6763 errors and 53237 correct classifications

6780 errors and 53220 correct classifications

6796 errors and 53204 correct classifications

6772 errors and 53228 correct classifications

6776 errors and 53224 correct classifications

6775 errors and 53225 correct classifications

6768 errors and 53232 correct classifications

6780 errors and 53220 correct classifications

6777 errors and 53223 correct classifications

6780 errors and 53220 correct classifications

6762 errors and 53238 correct classifications

6775 errors and 53225 correct classifications

6769 errors and 53231 correct classifications

6769 errors and 53231 correct classifications

6770 errors and 53230 correct classifications

6764 errors and 53236 correct classifications

6780 errors and 53220 correct classifications

6783 errors and 53217 correct classifications

6769 errors and 53231 correct classifications

6768 errors and 53232 correct classifications

6771 errors and 53229 correct classifications

6776 errors and 53224 correct classifications

6779 errors and 53221 correct classifications

6769 errors and 53231 correct classifications

6790 errors and 53210 correct classifications

6759 errors and 53241 correct classifications

6759 errors and 53241 correct classifications

6760 errors and 53240 correct classifications

6780 errors and 53220 correct classifications

6758 errors and 53242 correct classifications

6756 errors and 53244 correct classifications

6752 errors and 53248 correct classifications

6755 errors and 53245 correct classifications

6761 errors and 53239 correct classifications

6793 errors and 53207 correct classifications

6793 errors and 53207 correct classifications

6764 errors and 53236 correct classifications

6768 errors and 53232 correct classifications

6823 errors and 53177 correct classifications

6851 errors and 53149 correct classifications

6815 errors and 53185 correct classifications

6804 errors and 53196 correct classifications

6769 errors and 53231 correct classifications

6771 errors and 53229 correct classifications

6793 errors and 53207 correct classifications

6783 errors and 53217 correct classifications

6781 errors and 53219 correct classifications

6758 errors and 53242 correct classifications

6756 errors and 53244 correct classifications

6757 errors and 53243 correct classifications

6758 errors and 53242 correct classifications

6754 errors and 53246 correct classifications

6761 errors and 53239 correct classifications

6764 errors and 53236 correct classifications

6758 errors and 53242 correct classifications

6785 errors and 53215 correct classifications

6757 errors and 53243 correct classifications

6755 errors and 53245 correct classifications

6751 errors and 53249 correct classifications

6748 errors and 53252 correct classifications

6768 errors and 53232 correct classifications

6754 errors and 53246 correct classifications

6759 errors and 53241 correct classifications

6779 errors and 53221 correct classifications

6769 errors and 53231 correct classifications

6759 errors and 53241 correct classifications

6754 errors and 53246 correct classifications

6774 errors and 53226 correct classifications

6763 errors and 53237 correct classifications

6767 errors and 53233 correct classifications

6757 errors and 53243 correct classifications

6763 errors and 53237 correct classifications

6746 errors and 53254 correct classifications

6746 errors and 53254 correct classifications

6750 errors and 53250 correct classifications

6759 errors and 53241 correct classifications

6778 errors and 53222 correct classifications

6798 errors and 53202 correct classifications

6782 errors and 53218 correct classifications

6753 errors and 53247 correct classifications

6759 errors and 53241 correct classifications

6752 errors and 53248 correct classifications

6759 errors and 53241 correct classifications

6785 errors and 53215 correct classifications

6761 errors and 53239 correct classifications

6760 errors and 53240 correct classifications

6758 errors and 53242 correct classifications

6761 errors and 53239 correct classifications

6753 errors and 53247 correct classifications

6756 errors and 53244 correct classifications

6764 errors and 53236 correct classifications

6751 errors and 53249 correct classifications

6752 errors and 53248 correct classifications

6750 errors and 53250 correct classifications

6746 errors and 53254 correct classifications

6763 errors and 53237 correct classifications

6760 errors and 53240 correct classifications

6758 errors and 53242 correct classifications

6755 errors and 53245 correct classifications

6760 errors and 53240 correct classifications

6755 errors and 53245 correct classifications

6752 errors and 53248 correct classifications

6756 errors and 53244 correct classifications

6749 errors and 53251 correct classifications

6741 errors and 53259 correct classifications

6754 errors and 53246 correct classifications

6751 errors and 53249 correct classifications

6749 errors and 53251 correct classifications

6748 errors and 53252 correct classifications

6742 errors and 53258 correct classifications

6748 errors and 53252 correct classifications

6748 errors and 53252 correct classifications

6747 errors and 53253 correct classifications

6736 errors and 53264 correct classifications

6741 errors and 53259 correct classifications

6760 errors and 53240 correct classifications

6754 errors and 53246 correct classifications

6752 errors and 53248 correct classifications

6743 errors and 53257 correct classifications

6744 errors and 53256 correct classifications

6748 errors and 53252 correct classifications

6760 errors and 53240 correct classifications

6773 errors and 53227 correct classifications

6753 errors and 53247 correct classifications

6778 errors and 53222 correct classifications

6788 errors and 53212 correct classifications

6771 errors and 53229 correct classifications

6751 errors and 53249 correct classifications

6743 errors and 53257 correct classifications

6749 errors and 53251 correct classifications

6751 errors and 53249 correct classifications

6747 errors and 53253 correct classifications

6746 errors and 53254 correct classifications

6756 errors and 53244 correct classifications

6775 errors and 53225 correct classifications

6752 errors and 53248 correct classifications

6748 errors and 53252 correct classifications

6753 errors and 53247 correct classifications

6744 errors and 53256 correct classifications

6761 errors and 53239 correct classifications

6767 errors and 53233 correct classifications

6761 errors and 53239 correct classifications

6750 errors and 53250 correct classifications

6748 errors and 53252 correct classifications

6747 errors and 53253 correct classifications

6764 errors and 53236 correct classifications

6749 errors and 53251 correct classifications

6740 errors and 53260 correct classifications

6737 errors and 53263 correct classifications

6759 errors and 53241 correct classifications

6756 errors and 53244 correct classifications

6750 errors and 53250 correct classifications

6748 errors and 53252 correct classifications

6747 errors and 53253 correct classifications

6751 errors and 53249 correct classifications

6749 errors and 53251 correct classifications

6753 errors and 53247 correct classifications

6761 errors and 53239 correct classifications

6747 errors and 53253 correct classifications

6747 errors and 53253 correct classifications

6750 errors and 53250 correct classifications

6741 errors and 53259 correct classifications

6752 errors and 53248 correct classifications

6750 errors and 53250 correct classifications

6743 errors and 53257 correct classifications

6768 errors and 53232 correct classifications

6776 errors and 53224 correct classifications

6754 errors and 53246 correct classifications

6745 errors and 53255 correct classifications

6750 errors and 53250 correct classifications

6758 errors and 53242 correct classifications

6750 errors and 53250 correct classifications

6752 errors and 53248 correct classifications

6751 errors and 53249 correct classifications

6747 errors and 53253 correct classifications

6752 errors and 53248 correct classifications

6742 errors and 53258 correct classifications

6738 errors and 53262 correct classifications

6739 errors and 53261 correct classifications

6750 errors and 53250 correct classifications

6750 errors and 53250 correct classifications

6759 errors and 53241 correct classifications

6769 errors and 53231 correct classifications

6748 errors and 53252 correct classifications

6758 errors and 53242 correct classifications

6747 errors and 53253 correct classifications

6747 errors and 53253 correct classifications


50563 errors and 9437 correct classifications

44755 errors and 15245 correct classifications

41356 errors and 18644 correct classifications

38130 errors and 21870 correct classifications

37237 errors and 22763 correct classifications

35994 errors and 24006 correct classifications

35051 errors and 24949 correct classifications

33965 errors and 26035 correct classifications

32402 errors and 27598 correct classifications

31340 errors and 28660 correct classifications

30577 errors and 29423 correct classifications

30055 errors and 29945 correct classifications

29303 errors and 30697 correct classifications

28610 errors and 31390 correct classifications

28001 errors and 31999 correct classifications

27276 errors and 32724 correct classifications

26918 errors and 33082 correct classifications

26114 errors and 33886 correct classifications

25259 errors and 34741 correct classifications

24588 errors and 35412 correct classifications

23787 errors and 36213 correct classifications

23264 errors and 36736 correct classifications

22658 errors and 37342 correct classifications

22269 errors and 37731 correct classifications

21941 errors and 38059 correct classifications

21413 errors and 38587 correct classifications

20793 errors and 39207 correct classifications

20370 errors and 39630 correct classifications

19812 errors and 40188 correct classifications

19133 errors and 40867 correct classifications

18235 errors and 41765 correct classifications

17864 errors and 42136 correct classifications

17534 errors and 42466 correct classifications

16070 errors and 43930 correct classifications

16015 errors and 43985 correct classifications

15089 errors and 44911 correct classifications

14771 errors and 45229 correct classifications

14086 errors and 45914 correct classifications

13907 errors and 46093 correct classifications

13807 errors and 46193 correct classifications

13705 errors and 46295 correct classifications

13577 errors and 46423 correct classifications

13410 errors and 46590 correct classifications

13226 errors and 46774 correct classifications

13132 errors and 46868 correct classifications

13039 errors and 46961 correct classifications

12874 errors and 47126 correct classifications

12681 errors and 47319 correct classifications

12558 errors and 47442 correct classifications

12548 errors and 47452 correct classifications

12295 errors and 47705 correct classifications

12064 errors and 47936 correct classifications

12117 errors and 47883 correct classifications

11949 errors and 48051 correct classifications

11917 errors and 48083 correct classifications

11801 errors and 48199 correct classifications

11764 errors and 48236 correct classifications

11655 errors and 48345 correct classifications

11592 errors and 48408 correct classifications

11461 errors and 48539 correct classifications

11305 errors and 48695 correct classifications

11089 errors and 48911 correct classifications

10839 errors and 49161 correct classifications

10325 errors and 49675 correct classifications

10158 errors and 49842 correct classifications

9960 errors and 50040 correct classifications

9933 errors and 50067 correct classifications

9804 errors and 50196 correct classifications

9707 errors and 50293 correct classifications

9651 errors and 50349 correct classifications

9449 errors and 50551 correct classifications

9166 errors and 50834 correct classifications

9062 errors and 50938 correct classifications

8877 errors and 51123 correct classifications

8817 errors and 51183 correct classifications

8769 errors and 51231 correct classifications

8648 errors and 51352 correct classifications

8641 errors and 51359 correct classifications

8298 errors and 51702 correct classifications

7836 errors and 52164 correct classifications

7767 errors and 52233 correct classifications

7559 errors and 52441 correct classifications

7577 errors and 52423 correct classifications

7588 errors and 52412 correct classifications

7444 errors and 52556 correct classifications

7415 errors and 52585 correct classifications

7451 errors and 52549 correct classifications

7346 errors and 52654 correct classifications

7232 errors and 52768 correct classifications

7121 errors and 52879 correct classifications

7192 errors and 52808 correct classifications

7021 errors and 52979 correct classifications

6931 errors and 53069 correct classifications

6860 errors and 53140 correct classifications

6780 errors and 53220 correct classifications

6859 errors and 53141 correct classifications

6770 errors and 53230 correct classifications

6685 errors and 53315 correct classifications

6536 errors and 53464 correct classifications

6566 errors and 53434 correct classifications

6542 errors and 53458 correct classifications

6533 errors and 53467 correct classifications

6566 errors and 53434 correct classifications

6520 errors and 53480 correct classifications

6471 errors and 53529 correct classifications

6397 errors and 53603 correct classifications

6382 errors and 53618 correct classifications

6428 errors and 53572 correct classifications

6412 errors and 53588 correct classifications

6403 errors and 53597 correct classifications

6371 errors and 53629 correct classifications

6327 errors and 53673 correct classifications

6288 errors and 53712 correct classifications

6337 errors and 53663 correct classifications

6283 errors and 53717 correct classifications

6189 errors and 53811 correct classifications

6128 errors and 53872 correct classifications

6275 errors and 53725 correct classifications

6218 errors and 53782 correct classifications

6143 errors and 53857 correct classifications

6143 errors and 53857 correct classifications

6115 errors and 53885 correct classifications

6074 errors and 53926 correct classifications

6125 errors and 53875 correct classifications

6063 errors and 53937 correct classifications

6085 errors and 53915 correct classifications

6088 errors and 53912 correct classifications

6099 errors and 53901 correct classifications

6015 errors and 53985 correct classifications

5959 errors and 54041 correct classifications

6026 errors and 53974 correct classifications

5940 errors and 54060 correct classifications

6003 errors and 53997 correct classifications

5973 errors and 54027 correct classifications

5974 errors and 54026 correct classifications

5953 errors and 54047 correct classifications

5885 errors and 54115 correct classifications

5951 errors and 54049 correct classifications

5971 errors and 54029 correct classifications

5897 errors and 54103 correct classifications

5810 errors and 54190 correct classifications

5816 errors and 54184 correct classifications

5858 errors and 54142 correct classifications

5856 errors and 54144 correct classifications

5747 errors and 54253 correct classifications

5859 errors and 54141 correct classifications

5773 errors and 54227 correct classifications

5763 errors and 54237 correct classifications

5639 errors and 54361 correct classifications

5726 errors and 54274 correct classifications

5613 errors and 54387 correct classifications

5691 errors and 54309 correct classifications

5684 errors and 54316 correct classifications

5677 errors and 54323 correct classifications

5662 errors and 54338 correct classifications

5635 errors and 54365 correct classifications

5561 errors and 54439 correct classifications

5601 errors and 54399 correct classifications

5576 errors and 54424 correct classifications

5528 errors and 54472 correct classifications

5524 errors and 54476 correct classifications

5507 errors and 54493 correct classifications

5526 errors and 54474 correct classifications

5552 errors and 54448 correct classifications

5501 errors and 54499 correct classifications

5585 errors and 54415 correct classifications

5535 errors and 54465 correct classifications

5604 errors and 54396 correct classifications

5504 errors and 54496 correct classifications

5427 errors and 54573 correct classifications

5434 errors and 54566 correct classifications

5460 errors and 54540 correct classifications

5436 errors and 54564 correct classifications

5399 errors and 54601 correct classifications

5428 errors and 54572 correct classifications

5418 errors and 54582 correct classifications

5331 errors and 54669 correct classifications

5367 errors and 54633 correct classifications

5313 errors and 54687 correct classifications

5346 errors and 54654 correct classifications

5281 errors and 54719 correct classifications

5366 errors and 54634 correct classifications

5364 errors and 54636 correct classifications

5252 errors and 54748 correct classifications

5236 errors and 54764 correct classifications

5263 errors and 54737 correct classifications

5245 errors and 54755 correct classifications

5235 errors and 54765 correct classifications

5248 errors and 54752 correct classifications

5275 errors and 54725 correct classifications

5230 errors and 54770 correct classifications

5187 errors and 54813 correct classifications

5184 errors and 54816 correct classifications

5158 errors and 54842 correct classifications

5166 errors and 54834 correct classifications

5145 errors and 54855 correct classifications

5091 errors and 54909 correct classifications

5105 errors and 54895 correct classifications

5129 errors and 54871 correct classifications

5075 errors and 54925 correct classifications

5080 errors and 54920 correct classifications

5100 errors and 54900 correct classifications

4980 errors and 55020 correct classifications

4978 errors and 55022 correct classifications

5040 errors and 54960 correct classifications

5052 errors and 54948 correct classifications

5116 errors and 54884 correct classifications

5060 errors and 54940 correct classifications

5068 errors and 54932 correct classifications

5059 errors and 54941 correct classifications

5004 errors and 54996 correct classifications

5072 errors and 54928 correct classifications

5010 errors and 54990 correct classifications


4992 errors and 55008 correct classifications

4958 errors and 55042 correct classifications

4990 errors and 55010 correct classifications

4963 errors and 55037 correct classifications

4924 errors and 55076 correct classifications

4936 errors and 55064 correct classifications

4965 errors and 55035 correct classifications

4933 errors and 55067 correct classifications

4934 errors and 55066 correct classifications

4912 errors and 55088 correct classifications

4893 errors and 55107 correct classifications

4942 errors and 55058 correct classifications

4859 errors and 55141 correct classifications

4806 errors and 55194 correct classifications

4947 errors and 55053 correct classifications

4819 errors and 55181 correct classifications

4861 errors and 55139 correct classifications

4858 errors and 55142 correct classifications

4950 errors and 55050 correct classifications

4836 errors and 55164 correct classifications

4767 errors and 55233 correct classifications

4887 errors and 55113 correct classifications

4837 errors and 55163 correct classifications

4847 errors and 55153 correct classifications

4756 errors and 55244 correct classifications

4839 errors and 55161 correct classifications

4885 errors and 55115 correct classifications

4815 errors and 55185 correct classifications

4809 errors and 55191 correct classifications

4812 errors and 55188 correct classifications

4792 errors and 55208 correct classifications

4782 errors and 55218 correct classifications

4811 errors and 55189 correct classifications

4770 errors and 55230 correct classifications

4751 errors and 55249 correct classifications

4807 errors and 55193 correct classifications

4770 errors and 55230 correct classifications

4765 errors and 55235 correct classifications

4736 errors and 55264 correct classifications

4729 errors and 55271 correct classifications

4781 errors and 55219 correct classifications

4700 errors and 55300 correct classifications

4752 errors and 55248 correct classifications

4734 errors and 55266 correct classifications

4658 errors and 55342 correct classifications

4740 errors and 55260 correct classifications

4717 errors and 55283 correct classifications

4684 errors and 55316 correct classifications

4735 errors and 55265 correct classifications

4718 errors and 55282 correct classifications

4748 errors and 55252 correct classifications

4743 errors and 55257 correct classifications

4720 errors and 55280 correct classifications

4680 errors and 55320 correct classifications

4651 errors and 55349 correct classifications

4752 errors and 55248 correct classifications

4690 errors and 55310 correct classifications

4737 errors and 55263 correct classifications

4679 errors and 55321 correct classifications

4609 errors and 55391 correct classifications

4593 errors and 55407 correct classifications

4614 errors and 55386 correct classifications

4601 errors and 55399 correct classifications

4638 errors and 55362 correct classifications


4669 errors and 55331 correct classifications

4602 errors and 55398 correct classifications

4618 errors and 55382 correct classifications

4666 errors and 55334 correct classifications

4596 errors and 55404 correct classifications

4544 errors and 55456 correct classifications

4564 errors and 55436 correct classifications

4594 errors and 55406 correct classifications

4564 errors and 55436 correct classifications

4534 errors and 55466 correct classifications

4557 errors and 55443 correct classifications

4539 errors and 55461 correct classifications

4554 errors and 55446 correct classifications

4513 errors and 55487 correct classifications

4482 errors and 55518 correct classifications

4524 errors and 55476 correct classifications

4486 errors and 55514 correct classifications

4534 errors and 55466 correct classifications

4514 errors and 55486 correct classifications

4505 errors and 55495 correct classifications

4489 errors and 55511 correct classifications

4519 errors and 55481 correct classifications

4518 errors and 55482 correct classifications

4436 errors and 55564 correct classifications

4427 errors and 55573 correct classifications

4459 errors and 55541 correct classifications

4483 errors and 55517 correct classifications

4433 errors and 55567 correct classifications

4524 errors and 55476 correct classifications

4454 errors and 55546 correct classifications

4453 errors and 55547 correct classifications

4458 errors and 55542 correct classifications

4531 errors and 55469 correct classifications

4544 errors and 55456 correct classifications

4467 errors and 55533 correct classifications

4455 errors and 55545 correct classifications

4463 errors and 55537 correct classifications

4413 errors and 55587 correct classifications

4429 errors and 55571 correct classifications

4390 errors and 55610 correct classifications

4373 errors and 55627 correct classifications

4356 errors and 55644 correct classifications

4374 errors and 55626 correct classifications

4377 errors and 55623 correct classifications

4302 errors and 55698 correct classifications

4375 errors and 55625 correct classifications

4427 errors and 55573 correct classifications

4418 errors and 55582 correct classifications

4355 errors and 55645 correct classifications

4388 errors and 55612 correct classifications

4356 errors and 55644 correct classifications

4376 errors and 55624 correct classifications

4414 errors and 55586 correct classifications

4333 errors and 55667 correct classifications

4354 errors and 55646 correct classifications

4243 errors and 55757 correct classifications

4319 errors and 55681 correct classifications

4286 errors and 55714 correct classifications

4314 errors and 55686 correct classifications

4286 errors and 55714 correct classifications

4263 errors and 55737 correct classifications

4312 errors and 55688 correct classifications

4283 errors and 55717 correct classifications

4289 errors and 55711 correct classifications

4273 errors and 55727 correct classifications

4308 errors and 55692 correct classifications

4356 errors and 55644 correct classifications

4265 errors and 55735 correct classifications

4229 errors and 55771 correct classifications

4235 errors and 55765 correct classifications

4235 errors and 55765 correct classifications

4177 errors and 55823 correct classifications

4183 errors and 55817 correct classifications

4222 errors and 55778 correct classifications

4184 errors and 55816 correct classifications

4205 errors and 55795 correct classifications

4210 errors and 55790 correct classifications

4240 errors and 55760 correct classifications

4281 errors and 55719 correct classifications

4218 errors and 55782 correct classifications

4106 errors and 55894 correct classifications

4160 errors and 55840 correct classifications

4219 errors and 55781 correct classifications

4247 errors and 55753 correct classifications

4202 errors and 55798 correct classifications

4185 errors and 55815 correct classifications

4203 errors and 55797 correct classifications

4238 errors and 55762 correct classifications

4218 errors and 55782 correct classifications

4195 errors and 55805 correct classifications

4148 errors and 55852 correct classifications

4161 errors and 55839 correct classifications

4090 errors and 55910 correct classifications

4197 errors and 55803 correct classifications

4160 errors and 55840 correct classifications

4188 errors and 55812 correct classifications

4288 errors and 55712 correct classifications

4184 errors and 55816 correct classifications

4190 errors and 55810 correct classifications

4161 errors and 55839 correct classifications

4234 errors and 55766 correct classifications

4092 errors and 55908 correct classifications

4151 errors and 55849 correct classifications

4165 errors and 55835 correct classifications

4160 errors and 55840 correct classifications

4127 errors and 55873 correct classifications

4191 errors and 55809 correct classifications

4115 errors and 55885 correct classifications

4116 errors and 55884 correct classifications

4099 errors and 55901 correct classifications

4057 errors and 55943 correct classifications

4112 errors and 55888 correct classifications

4126 errors and 55874 correct classifications

4082 errors and 55918 correct classifications

4079 errors and 55921 correct classifications

4088 errors and 55912 correct classifications

4097 errors and 55903 correct classifications

4109 errors and 55891 correct classifications

4069 errors and 55931 correct classifications

4057 errors and 55943 correct classifications

4177 errors and 55823 correct classifications

4103 errors and 55897 correct classifications

4069 errors and 55931 correct classifications

4083 errors and 55917 correct classifications

4051 errors and 55949 correct classifications

4059 errors and 55941 correct classifications

4051 errors and 55949 correct classifications

4162 errors and 55838 correct classifications

4083 errors and 55917 correct classifications

4098 errors and 55902 correct classifications

4129 errors and 55871 correct classifications

4018 errors and 55982 correct classifications

4080 errors and 55920 correct classifications

4094 errors and 55906 correct classifications

4064 errors and 55936 correct classifications

4119 errors and 55881 correct classifications

4053 errors and 55947 correct classifications

4053 errors and 55947 correct classifications

4084 errors and 55916 correct classifications

4113 errors and 55887 correct classifications

4056 errors and 55944 correct classifications

4106 errors and 55894 correct classifications

3997 errors and 56003 correct classifications

3990 errors and 56010 correct classifications

4033 errors and 55967 correct classifications

3967 errors and 56033 correct classifications

4023 errors and 55977 correct classifications

4055 errors and 55945 correct classifications

4057 errors and 55943 correct classifications

4021 errors and 55979 correct classifications

4004 errors and 55996 correct classifications

3985 errors and 56015 correct classifications

4004 errors and 55996 correct classifications

3987 errors and 56013 correct classifications

4033 errors and 55967 correct classifications

3994 errors and 56006 correct classifications

4007 errors and 55993 correct classifications

3993 errors and 56007 correct classifications

3974 errors and 56026 correct classifications

4006 errors and 55994 correct classifications

4013 errors and 55987 correct classifications

3995 errors and 56005 correct classifications

3983 errors and 56017 correct classifications

3959 errors and 56041 correct classifications

3930 errors and 56070 correct classifications

3932 errors and 56068 correct classifications

3901 errors and 56099 correct classifications

3910 errors and 56090 correct classifications

3930 errors and 56070 correct classifications

3929 errors and 56071 correct classifications

3989 errors and 56011 correct classifications

3976 errors and 56024 correct classifications

3906 errors and 56094 correct classifications

4021 errors and 55979 correct classifications

3954 errors and 56046 correct classifications

3936 errors and 56064 correct classifications

3920 errors and 56080 correct classifications

4034 errors and 55966 correct classifications

3997 errors and 56003 correct classifications

3886 errors and 56114 correct classifications

3915 errors and 56085 correct classifications

3905 errors and 56095 correct classifications

3929 errors and 56071 correct classifications

3943 errors and 56057 correct classifications

3918 errors and 56082 correct classifications

3928 errors and 56072 correct classifications

3910 errors and 56090 correct classifications

3902 errors and 56098 correct classifications

4011 errors and 55989 correct classifications

3926 errors and 56074 correct classifications

3896 errors and 56104 correct classifications

3953 errors and 56047 correct classifications

3863 errors and 56137 correct classifications

3801 errors and 56199 correct classifications

3886 errors and 56114 correct classifications

3842 errors and 56158 correct classifications

3822 errors and 56178 correct classifications

3836 errors and 56164 correct classifications

3997 errors and 56003 correct classifications

3988 errors and 56012 correct classifications

3950 errors and 56050 correct classifications

3884 errors and 56116 correct classifications

3867 errors and 56133 correct classifications

3831 errors and 56169 correct classifications

3830 errors and 56170 correct classifications

3787 errors and 56213 correct classifications

3826 errors and 56174 correct classifications

3915 errors and 56085 correct classifications

3941 errors and 56059 correct classifications

3827 errors and 56173 correct classifications

3852 errors and 56148 correct classifications

3856 errors and 56144 correct classifications

3839 errors and 56161 correct classifications

3870 errors and 56130 correct classifications

3841 errors and 56159 correct classifications

3900 errors and 56100 correct classifications

3839 errors and 56161 correct classifications

3832 errors and 56168 correct classifications

3815 errors and 56185 correct classifications

3831 errors and 56169 correct classifications

3785 errors and 56215 correct classifications

3804 errors and 56196 correct classifications

3903 errors and 56097 correct classifications

3824 errors and 56176 correct classifications

3806 errors and 56194 correct classifications

3789 errors and 56211 correct classifications

3819 errors and 56181 correct classifications

3806 errors and 56194 correct classifications

3798 errors and 56202 correct classifications

3810 errors and 56190 correct classifications

3874 errors and 56126 correct classifications

3853 errors and 56147 correct classifications

3792 errors and 56208 correct classifications

3846 errors and 56154 correct classifications

3894 errors and 56106 correct classifications

3800 errors and 56200 correct classifications

3788 errors and 56212 correct classifications

3774 errors and 56226 correct classifications

3871 errors and 56129 correct classifications

3814 errors and 56186 correct classifications

3843 errors and 56157 correct classifications

3792 errors and 56208 correct classifications

3823 errors and 56177 correct classifications

3806 errors and 56194 correct classifications

3803 errors and 56197 correct classifications

3806 errors and 56194 correct classifications

3758 errors and 56242 correct classifications

3783 errors and 56217 correct classifications

3728 errors and 56272 correct classifications

3700 errors and 56300 correct classifications

3739 errors and 56261 correct classifications

3732 errors and 56268 correct classifications

3750 errors and 56250 correct classifications

3749 errors and 56251 correct classifications

3779 errors and 56221 correct classifications

3755 errors and 56245 correct classifications

3733 errors and 56267 correct classifications

3765 errors and 56235 correct classifications

3691 errors and 56309 correct classifications

3741 errors and 56259 correct classifications

3714 errors and 56286 correct classifications

3713 errors and 56287 correct classifications

3691 errors and 56309 correct classifications

3764 errors and 56236 correct classifications

3738 errors and 56262 correct classifications

3753 errors and 56247 correct classifications

3700 errors and 56300 correct classifications

3710 errors and 56290 correct classifications

3685 errors and 56315 correct classifications

3672 errors and 56328 correct classifications

3704 errors and 56296 correct classifications

3700 errors and 56300 correct classifications

3699 errors and 56301 correct classifications

3794 errors and 56206 correct classifications

3703 errors and 56297 correct classifications

3750 errors and 56250 correct classifications

3677 errors and 56323 correct classifications

3676 errors and 56324 correct classifications

3682 errors and 56318 correct classifications

3669 errors and 56331 correct classifications

3778 errors and 56222 correct classifications

3704 errors and 56296 correct classifications

3779 errors and 56221 correct classifications

3693 errors and 56307 correct classifications

3669 errors and 56331 correct classifications

3685 errors and 56315 correct classifications

3692 errors and 56308 correct classifications

3678 errors and 56322 correct classifications

3690 errors and 56310 correct classifications

3602 errors and 56398 correct classifications

3649 errors and 56351 correct classifications

3668 errors and 56332 correct classifications

3672 errors and 56328 correct classifications

3692 errors and 56308 correct classifications

3675 errors and 56325 correct classifications

3676 errors and 56324 correct classifications

3618 errors and 56382 correct classifications

3604 errors and 56396 correct classifications

3664 errors and 56336 correct classifications

3633 errors and 56367 correct classifications

3621 errors and 56379 correct classifications

3676 errors and 56324 correct classifications

3655 errors and 56345 correct classifications

3609 errors and 56391 correct classifications

3673 errors and 56327 correct classifications

3614 errors and 56386 correct classifications

3699 errors and 56301 correct classifications

3653 errors and 56347 correct classifications

3639 errors and 56361 correct classifications

3667 errors and 56333 correct classifications

3650 errors and 56350 correct classifications

3573 errors and 56427 correct classifications

3606 errors and 56394 correct classifications

3641 errors and 56359 correct classifications

3740 errors and 56260 correct classifications

3648 errors and 56352 correct classifications

3608 errors and 56392 correct classifications

3603 errors and 56397 correct classifications

3576 errors and 56424 correct classifications

3614 errors and 56386 correct classifications

3593 errors and 56407 correct classifications

3615 errors and 56385 correct classifications

3625 errors and 56375 correct classifications

3688 errors and 56312 correct classifications

3633 errors and 56367 correct classifications

3592 errors and 56408 correct classifications

3659 errors and 56341 correct classifications

3657 errors and 56343 correct classifications

3571 errors and 56429 correct classifications

3543 errors and 56457 correct classifications

3600 errors and 56400 correct classifications

3559 errors and 56441 correct classifications

3575 errors and 56425 correct classifications

3530 errors and 56470 correct classifications

3541 errors and 56459 correct classifications

3571 errors and 56429 correct classifications

3537 errors and 56463 correct classifications

3583 errors and 56417 correct classifications

3591 errors and 56409 correct classifications

3623 errors and 56377 correct classifications

3559 errors and 56441 correct classifications

3560 errors and 56440 correct classifications

3575 errors and 56425 correct classifications

3521 errors and 56479 correct classifications

3551 errors and 56449 correct classifications

3521 errors and 56479 correct classifications

3516 errors and 56484 correct classifications

3517 errors and 56483 correct classifications

3510 errors and 56490 correct classifications

3535 errors and 56465 correct classifications

3595 errors and 56405 correct classifications

3602 errors and 56398 correct classifications

3544 errors and 56456 correct classifications

3492 errors and 56508 correct classifications

3549 errors and 56451 correct classifications

3603 errors and 56397 correct classifications

3533 errors and 56467 correct classifications

3560 errors and 56440 correct classifications

3622 errors and 56378 correct classifications

3513 errors and 56487 correct classifications

3509 errors and 56491 correct classifications

3575 errors and 56425 correct classifications

3590 errors and 56410 correct classifications

3509 errors and 56491 correct classifications

3630 errors and 56370 correct classifications

3534 errors and 56466 correct classifications

3540 errors and 56460 correct classifications

3537 errors and 56463 correct classifications

3493 errors and 56507 correct classifications

3523 errors and 56477 correct classifications

3551 errors and 56449 correct classifications

3428 errors and 56572 correct classifications

3493 errors and 56507 correct classifications

3496 errors and 56504 correct classifications

3564 errors and 56436 correct classifications

3466 errors and 56534 correct classifications

3445 errors and 56555 correct classifications

3463 errors and 56537 correct classifications

3480 errors and 56520 correct classifications

3470 errors and 56530 correct classifications

3499 errors and 56501 correct classifications

3553 errors and 56447 correct classifications

3501 errors and 56499 correct classifications

3505 errors and 56495 correct classifications

3492 errors and 56508 correct classifications

3460 errors and 56540 correct classifications

3463 errors and 56537 correct classifications

3521 errors and 56479 correct classifications

3445 errors and 56555 correct classifications

3421 errors and 56579 correct classifications

3512 errors and 56488 correct classifications

3424 errors and 56576 correct classifications

3496 errors and 56504 correct classifications

3523 errors and 56477 correct classifications

3474 errors and 56526 correct classifications

3458 errors and 56542 correct classifications

3520 errors and 56480 correct classifications

3509 errors and 56491 correct classifications

3510 errors and 56490 correct classifications

3461 errors and 56539 correct classifications

3426 errors and 56574 correct classifications

3440 errors and 56560 correct classifications

3388 errors and 56612 correct classifications

3450 errors and 56550 correct classifications

3461 errors and 56539 correct classifications

3459 errors and 56541 correct classifications

3422 errors and 56578 correct classifications

3468 errors and 56532 correct classifications

3467 errors and 56533 correct classifications

3441 errors and 56559 correct classifications

3457 errors and 56543 correct classifications

3461 errors and 56539 correct classifications

3468 errors and 56532 correct classifications

3426 errors and 56574 correct classifications

3450 errors and 56550 correct classifications

3472 errors and 56528 correct classifications

3439 errors and 56561 correct classifications

3462 errors and 56538 correct classifications

3420 errors and 56580 correct classifications

3405 errors and 56595 correct classifications

3429 errors and 56571 correct classifications

3414 errors and 56586 correct classifications

3423 errors and 56577 correct classifications

3376 errors and 56624 correct classifications

3420 errors and 56580 correct classifications

3405 errors and 56595 correct classifications

3365 errors and 56635 correct classifications

3397 errors and 56603 correct classifications

3370 errors and 56630 correct classifications

3373 errors and 56627 correct classifications

3414 errors and 56586 correct classifications

3335 errors and 56665 correct classifications

3392 errors and 56608 correct classifications

3367 errors and 56633 correct classifications

3394 errors and 56606 correct classifications

3378 errors and 56622 correct classifications

3423 errors and 56577 correct classifications

3381 errors and 56619 correct classifications

3449 errors and 56551 correct classifications

3356 errors and 56644 correct classifications

3401 errors and 56599 correct classifications

3441 errors and 56559 correct classifications

3470 errors and 56530 correct classifications

3379 errors and 56621 correct classifications

3398 errors and 56602 correct classifications

3390 errors and 56610 correct classifications

3352 errors and 56648 correct classifications

3406 errors and 56594 correct classifications

3300 errors and 56700 correct classifications

3345 errors and 56655 correct classifications

3359 errors and 56641 correct classifications

3366 errors and 56634 correct classifications

3376 errors and 56624 correct classifications

3332 errors and 56668 correct classifications

3331 errors and 56669 correct classifications

3349 errors and 56651 correct classifications

3346 errors and 56654 correct classifications

3403 errors and 56597 correct classifications

3383 errors and 56617 correct classifications

3329 errors and 56671 correct classifications

3316 errors and 56684 correct classifications

3345 errors and 56655 correct classifications

3325 errors and 56675 correct classifications

3326 errors and 56674 correct classifications

3355 errors and 56645 correct classifications

3355 errors and 56645 correct classifications

3385 errors and 56615 correct classifications

3312 errors and 56688 correct classifications

3332 errors and 56668 correct classifications

3422 errors and 56578 correct classifications

3447 errors and 56553 correct classifications

3352 errors and 56648 correct classifications

3319 errors and 56681 correct classifications

3362 errors and 56638 correct classifications

3340 errors and 56660 correct classifications

3299 errors and 56701 correct classifications

3318 errors and 56682 correct classifications

3308 errors and 56692 correct classifications

3353 errors and 56647 correct classifications

3324 errors and 56676 correct classifications

3330 errors and 56670 correct classifications

3338 errors and 56662 correct classifications

3370 errors and 56630 correct classifications

3310 errors and 56690 correct classifications

3296 errors and 56704 correct classifications

3364 errors and 56636 correct classifications

3299 errors and 56701 correct classifications

3302 errors and 56698 correct classifications

3318 errors and 56682 correct classifications

3286 errors and 56714 correct classifications

3325 errors and 56675 correct classifications

3324 errors and 56676 correct classifications

3323 errors and 56677 correct classifications

3327 errors and 56673 correct classifications

3298 errors and 56702 correct classifications

3315 errors and 56685 correct classifications


3354 errors and 56646 correct classifications

3288 errors and 56712 correct classifications

3257 errors and 56743 correct classifications

3273 errors and 56727 correct classifications

3286 errors and 56714 correct classifications

3246 errors and 56754 correct classifications

3201 errors and 56799 correct classifications

3224 errors and 56776 correct classifications

3227 errors and 56773 correct classifications

3243 errors and 56757 correct classifications

3189 errors and 56811 correct classifications

3240 errors and 56760 correct classifications

3238 errors and 56762 correct classifications

3205 errors and 56795 correct classifications

3187 errors and 56813 correct classifications

3250 errors and 56750 correct classifications

3227 errors and 56773 correct classifications

3192 errors and 56808 correct classifications

3205 errors and 56795 correct classifications

3169 errors and 56831 correct classifications

3228 errors and 56772 correct classifications


3219 errors and 56781 correct classifications

3167 errors and 56833 correct classifications

3166 errors and 56834 correct classifications

3160 errors and 56840 correct classifications

3125 errors and 56875 correct classifications

3147 errors and 56853 correct classifications

3152 errors and 56848 correct classifications

3168 errors and 56832 correct classifications

3123 errors and 56877 correct classifications

3151 errors and 56849 correct classifications

3104 errors and 56896 correct classifications

3139 errors and 56861 correct classifications

3145 errors and 56855 correct classifications

3105 errors and 56895 correct classifications

3100 errors and 56900 correct classifications

3115 errors and 56885 correct classifications

3143 errors and 56857 correct classifications

3122 errors and 56878 correct classifications

3162 errors and 56838 correct classifications

3156 errors and 56844 correct classifications

3134 errors and 56866 correct classifications

3117 errors and 56883 correct classifications

3115 errors and 56885 correct classifications

3094 errors and 56906 correct classifications

3143 errors and 56857 correct classifications

3142 errors and 56858 correct classifications

3125 errors and 56875 correct classifications

3118 errors and 56882 correct classifications

3137 errors and 56863 correct classifications

3097 errors and 56903 correct classifications

3093 errors and 56907 correct classifications

3090 errors and 56910 correct classifications

3102 errors and 56898 correct classifications

3147 errors and 56853 correct classifications

3087 errors and 56913 correct classifications

3131 errors and 56869 correct classifications


3080 errors and 56920 correct classifications

3185 errors and 56815 correct classifications

3164 errors and 56836 correct classifications

3257 errors and 56743 correct classifications

3164 errors and 56836 correct classifications

3088 errors and 56912 correct classifications

3080 errors and 56920 correct classifications

3105 errors and 56895 correct classifications

3085 errors and 56915 correct classifications

3077 errors and 56923 correct classifications

3151 errors and 56849 correct classifications

3105 errors and 56895 correct classifications

3090 errors and 56910 correct classifications

3062 errors and 56938 correct classifications

3054 errors and 56946 correct classifications

3074 errors and 56926 correct classifications

3058 errors and 56942 correct classifications

3093 errors and 56907 correct classifications

3135 errors and 56865 correct classifications

3060 errors and 56940 correct classifications

3065 errors and 56935 correct classifications

3073 errors and 56927 correct classifications

3116 errors and 56884 correct classifications

3095 errors and 56905 correct classifications

3048 errors and 56952 correct classifications

3089 errors and 56911 correct classifications

3062 errors and 56938 correct classifications

3040 errors and 56960 correct classifications

3038 errors and 56962 correct classifications

3044 errors and 56956 correct classifications

3033 errors and 56967 correct classifications

3034 errors and 56966 correct classifications

3051 errors and 56949 correct classifications

3067 errors and 56933 correct classifications

3067 errors and 56933 correct classifications

3060 errors and 56940 correct classifications

3102 errors and 56898 correct classifications

3077 errors and 56923 correct classifications

3054 errors and 56946 correct classifications

3065 errors and 56935 correct classifications

3054 errors and 56946 correct classifications

3054 errors and 56946 correct classifications

3036 errors and 56964 correct classifications

3050 errors and 56950 correct classifications

3042 errors and 56958 correct classifications

3066 errors and 56934 correct classifications

3036 errors and 56964 correct classifications

3017 errors and 56983 correct classifications

3030 errors and 56970 correct classifications

3033 errors and 56967 correct classifications

3023 errors and 56977 correct classifications

3025 errors and 56975 correct classifications

3019 errors and 56981 correct classifications

3015 errors and 56985 correct classifications

3029 errors and 56971 correct classifications

3036 errors and 56964 correct classifications

3025 errors and 56975 correct classifications

3006 errors and 56994 correct classifications

3031 errors and 56969 correct classifications

3009 errors and 56991 correct classifications

3034 errors and 56966 correct classifications

3005 errors and 56995 correct classifications

3039 errors and 56961 correct classifications

3015 errors and 56985 correct classifications

3003 errors and 56997 correct classifications

3037 errors and 56963 correct classifications

3078 errors and 56922 correct classifications

3057 errors and 56943 correct classifications

3093 errors and 56907 correct classifications

3040 errors and 56960 correct classifications

3044 errors and 56956 correct classifications

3003 errors and 56997 correct classifications

3007 errors and 56993 correct classifications

3023 errors and 56977 correct classifications

3022 errors and 56978 correct classifications

3024 errors and 56976 correct classifications


2995 errors and 57005 correct classifications

2974 errors and 57026 correct classifications

2990 errors and 57010 correct classifications

2976 errors and 57024 correct classifications

2971 errors and 57029 correct classifications

2962 errors and 57038 correct classifications

2962 errors and 57038 correct classifications

2990 errors and 57010 correct classifications

2965 errors and 57035 correct classifications

2953 errors and 57047 correct classifications

2949 errors and 57051 correct classifications

2945 errors and 57055 correct classifications

2946 errors and 57054 correct classifications

2937 errors and 57063 correct classifications

2944 errors and 57056 correct classifications

2943 errors and 57057 correct classifications

2980 errors and 57020 correct classifications

2958 errors and 57042 correct classifications

2954 errors and 57046 correct classifications

2951 errors and 57049 correct classifications

2951 errors and 57049 correct classifications

2931 errors and 57069 correct classifications

2940 errors and 57060 correct classifications

2953 errors and 57047 correct classifications

2958 errors and 57042 correct classifications

2946 errors and 57054 correct classifications

2938 errors and 57062 correct classifications

2946 errors and 57054 correct classifications

2956 errors and 57044 correct classifications

2948 errors and 57052 correct classifications

2930 errors and 57070 correct classifications

2927 errors and 57073 correct classifications

2937 errors and 57063 correct classifications

2966 errors and 57034 correct classifications

2934 errors and 57066 correct classifications

2922 errors and 57078 correct classifications

2928 errors and 57072 correct classifications

2916 errors and 57084 correct classifications

2926 errors and 57074 correct classifications

2924 errors and 57076 correct classifications

2903 errors and 57097 correct classifications

2938 errors and 57062 correct classifications

2916 errors and 57084 correct classifications

2926 errors and 57074 correct classifications

2950 errors and 57050 correct classifications

2928 errors and 57072 correct classifications

2923 errors and 57077 correct classifications

2919 errors and 57081 correct classifications

2920 errors and 57080 correct classifications

2933 errors and 57067 correct classifications

2955 errors and 57045 correct classifications

2939 errors and 57061 correct classifications

2930 errors and 57070 correct classifications

2926 errors and 57074 correct classifications

2931 errors and 57069 correct classifications

2952 errors and 57048 correct classifications

2918 errors and 57082 correct classifications

2906 errors and 57094 correct classifications

2902 errors and 57098 correct classifications

2923 errors and 57077 correct classifications

2920 errors and 57080 correct classifications

2938 errors and 57062 correct classifications

2932 errors and 57068 correct classifications

2919 errors and 57081 correct classifications

2910 errors and 57090 correct classifications

2903 errors and 57097 correct classifications

2912 errors and 57088 correct classifications

2902 errors and 57098 correct classifications

2918 errors and 57082 correct classifications

2932 errors and 57068 correct classifications

2920 errors and 57080 correct classifications

2910 errors and 57090 correct classifications

2902 errors and 57098 correct classifications

2903 errors and 57097 correct classifications

2915 errors and 57085 correct classifications

2920 errors and 57080 correct classifications

2909 errors and 57091 correct classifications

2893 errors and 57107 correct classifications

2902 errors and 57098 correct classifications

2924 errors and 57076 correct classifications

2898 errors and 57102 correct classifications

2900 errors and 57100 correct classifications

2902 errors and 57098 correct classifications

2898 errors and 57102 correct classifications

2907 errors and 57093 correct classifications

2916 errors and 57084 correct classifications

2922 errors and 57078 correct classifications

2906 errors and 57094 correct classifications

2911 errors and 57089 correct classifications

2908 errors and 57092 correct classifications

2916 errors and 57084 correct classifications

2919 errors and 57081 correct classifications

2913 errors and 57087 correct classifications

2902 errors and 57098 correct classifications

2904 errors and 57096 correct classifications

2900 errors and 57100 correct classifications

2900 errors and 57100 correct classifications

2892 errors and 57108 correct classifications

2894 errors and 57106 correct classifications

2900 errors and 57100 correct classifications

2904 errors and 57096 correct classifications

2892 errors and 57108 correct classifications

2889 errors and 57111 correct classifications

2888 errors and 57112 correct classifications

2892 errors and 57108 correct classifications

2888 errors and 57112 correct classifications

2884 errors and 57116 correct classifications

2899 errors and 57101 correct classifications

2898 errors and 57102 correct classifications

2907 errors and 57093 correct classifications

2909 errors and 57091 correct classifications

2899 errors and 57101 correct classifications

2894 errors and 57106 correct classifications

2895 errors and 57105 correct classifications

2905 errors and 57095 correct classifications

2903 errors and 57097 correct classifications

2898 errors and 57102 correct classifications

2903 errors and 57097 correct classifications

2916 errors and 57084 correct classifications

2905 errors and 57095 correct classifications

2898 errors and 57102 correct classifications

2897 errors and 57103 correct classifications

2903 errors and 57097 correct classifications

2897 errors and 57103 correct classifications

2902 errors and 57098 correct classifications

2896 errors and 57104 correct classifications

2889 errors and 57111 correct classifications

2886 errors and 57114 correct classifications

2897 errors and 57103 correct classifications

2893 errors and 57107 correct classifications

2902 errors and 57098 correct classifications

2925 errors and 57075 correct classifications

2923 errors and 57077 correct classifications

2897 errors and 57103 correct classifications

2902 errors and 57098 correct classifications

2886 errors and 57114 correct classifications

2886 errors and 57114 correct classifications

2893 errors and 57107 correct classifications

2885 errors and 57115 correct classifications

2877 errors and 57123 correct classifications

2880 errors and 57120 correct classifications

2890 errors and 57110 correct classifications

2915 errors and 57085 correct classifications

2908 errors and 57092 correct classifications

2904 errors and 57096 correct classifications

2899 errors and 57101 correct classifications

2924 errors and 57076 correct classifications

2908 errors and 57092 correct classifications

2919 errors and 57081 correct classifications

2924 errors and 57076 correct classifications

2905 errors and 57095 correct classifications

2899 errors and 57101 correct classifications

2908 errors and 57092 correct classifications

2882 errors and 57118 correct classifications

2899 errors and 57101 correct classifications

2888 errors and 57112 correct classifications

2897 errors and 57103 correct classifications

2885 errors and 57115 correct classifications

2894 errors and 57106 correct classifications

2882 errors and 57118 correct classifications

2896 errors and 57104 correct classifications

2889 errors and 57111 correct classifications

2904 errors and 57096 correct classifications

2873 errors and 57127 correct classifications

2876 errors and 57124 correct classifications

2883 errors and 57117 correct classifications

2882 errors and 57118 correct classifications

2889 errors and 57111 correct classifications

2880 errors and 57120 correct classifications

2876 errors and 57124 correct classifications

2875 errors and 57125 correct classifications

2876 errors and 57124 correct classifications

2881 errors and 57119 correct classifications

2880 errors and 57120 correct classifications

2886 errors and 57114 correct classifications

2871 errors and 57129 correct classifications

2877 errors and 57123 correct classifications

2875 errors and 57125 correct classifications

2881 errors and 57119 correct classifications

2869 errors and 57131 correct classifications

2872 errors and 57128 correct classifications

2869 errors and 57131 correct classifications

2870 errors and 57130 correct classifications

2863 errors and 57137 correct classifications

2864 errors and 57136 correct classifications

2862 errors and 57138 correct classifications

2866 errors and 57134 correct classifications

2876 errors and 57124 correct classifications

2866 errors and 57134 correct classifications

2883 errors and 57117 correct classifications

2876 errors and 57124 correct classifications

2874 errors and 57126 correct classifications

2863 errors and 57137 correct classifications

2862 errors and 57138 correct classifications

2862 errors and 57138 correct classifications

2880 errors and 57120 correct classifications

2864 errors and 57136 correct classifications

2861 errors and 57139 correct classifications

2872 errors and 57128 correct classifications

2870 errors and 57130 correct classifications

2860 errors and 57140 correct classifications

2860 errors and 57140 correct classifications

2868 errors and 57132 correct classifications

2867 errors and 57133 correct classifications

2874 errors and 57126 correct classifications

2864 errors and 57136 correct classifications

2861 errors and 57139 correct classifications

2863 errors and 57137 correct classifications

2866 errors and 57134 correct classifications

2875 errors and 57125 correct classifications

2861 errors and 57139 correct classifications

2870 errors and 57130 correct classifications

2867 errors and 57133 correct classifications

2874 errors and 57126 correct classifications

2871 errors and 57129 correct classifications

2878 errors and 57122 correct classifications

2878 errors and 57122 correct classifications

2871 errors and 57129 correct classifications

2872 errors and 57128 correct classifications

2865 errors and 57135 correct classifications

2861 errors and 57139 correct classifications

2865 errors and 57135 correct classifications

2864 errors and 57136 correct classifications

2859 errors and 57141 correct classifications

2858 errors and 57142 correct classifications

2858 errors and 57142 correct classifications

2857 errors and 57143 correct classifications

2860 errors and 57140 correct classifications

2871 errors and 57129 correct classifications

2860 errors and 57140 correct classifications

2863 errors and 57137 correct classifications

2855 errors and 57145 correct classifications

2860 errors and 57140 correct classifications

2869 errors and 57131 correct classifications

2856 errors and 57144 correct classifications

2858 errors and 57142 correct classifications

2853 errors and 57147 correct classifications

2856 errors and 57144 correct classifications

2860 errors and 57140 correct classifications

2861 errors and 57139 correct classifications

2861 errors and 57139 correct classifications

2859 errors and 57141 correct classifications

2855 errors and 57145 correct classifications

2859 errors and 57141 correct classifications

2877 errors and 57123 correct classifications

2894 errors and 57106 correct classifications

2865 errors and 57135 correct classifications

2861 errors and 57139 correct classifications

2853 errors and 57147 correct classifications

2854 errors and 57146 correct classifications

2859 errors and 57141 correct classifications

2859 errors and 57141 correct classifications

2871 errors and 57129 correct classifications

2861 errors and 57139 correct classifications

2871 errors and 57129 correct classifications

2852 errors and 57148 correct classifications

2853 errors and 57147 correct classifications

2858 errors and 57142 correct classifications

2853 errors and 57147 correct classifications

2857 errors and 57143 correct classifications

2850 errors and 57150 correct classifications

2849 errors and 57151 correct classifications

2854 errors and 57146 correct classifications

2862 errors and 57138 correct classifications

2858 errors and 57142 correct classifications

2872 errors and 57128 correct classifications

2916 errors and 57084 correct classifications

2891 errors and 57109 correct classifications

2857 errors and 57143 correct classifications

2869 errors and 57131 correct classifications

2855 errors and 57145 correct classifications

2869 errors and 57131 correct classifications

2856 errors and 57144 correct classifications

2862 errors and 57138 correct classifications

2865 errors and 57135 correct classifications

2863 errors and 57137 correct classifications

2855 errors and 57145 correct classifications

2854 errors and 57146 correct classifications

2875 errors and 57125 correct classifications

2867 errors and 57133 correct classifications

2852 errors and 57148 correct classifications

2856 errors and 57144 correct classifications

2857 errors and 57143 correct classifications

2867 errors and 57133 correct classifications

2865 errors and 57135 correct classifications

2860 errors and 57140 correct classifications

2902 errors and 57098 correct classifications

2863 errors and 57137 correct classifications

2858 errors and 57142 correct classifications

2849 errors and 57151 correct classifications

2867 errors and 57133 correct classifications

2863 errors and 57137 correct classifications

2863 errors and 57137 correct classifications

2872 errors and 57128 correct classifications

2870 errors and 57130 correct classifications

2865 errors and 57135 correct classifications

2864 errors and 57136 correct classifications

2873 errors and 57127 correct classifications

2855 errors and 57145 correct classifications

2872 errors and 57128 correct classifications

2863 errors and 57137 correct classifications

2872 errors and 57128 correct classifications

2900 errors and 57100 correct classifications

2885 errors and 57115 correct classifications

2881 errors and 57119 correct classifications

2862 errors and 57138 correct classifications

2871 errors and 57129 correct classifications

2878 errors and 57122 correct classifications

2872 errors and 57128 correct classifications

2861 errors and 57139 correct classifications

2858 errors and 57142 correct classifications

2858 errors and 57142 correct classifications

2860 errors and 57140 correct classifications

2857 errors and 57143 correct classifications

2883 errors and 57117 correct classifications

2881 errors and 57119 correct classifications

2861 errors and 57139 correct classifications

2892 errors and 57108 correct classifications

2872 errors and 57128 correct classifications

2865 errors and 57135 correct classifications

2847 errors and 57153 correct classifications

2868 errors and 57132 correct classifications

2888 errors and 57112 correct classifications

2900 errors and 57100 correct classifications

2868 errors and 57132 correct classifications

2876 errors and 57124 correct classifications

2874 errors and 57126 correct classifications

2868 errors and 57132 correct classifications

2880 errors and 57120 correct classifications

2890 errors and 57110 correct classifications

2859 errors and 57141 correct classifications

2859 errors and 57141 correct classifications

2863 errors and 57137 correct classifications

2862 errors and 57138 correct classifications

2844 errors and 57156 correct classifications

2849 errors and 57151 correct classifications

2859 errors and 57141 correct classifications

2858 errors and 57142 correct classifications

2851 errors and 57149 correct classifications

2871 errors and 57129 correct classifications

2870 errors and 57130 correct classifications

2887 errors and 57113 correct classifications

2870 errors and 57130 correct classifications

2873 errors and 57127 correct classifications

2862 errors and 57138 correct classifications

2860 errors and 57140 correct classifications

2856 errors and 57144 correct classifications

2854 errors and 57146 correct classifications

2863 errors and 57137 correct classifications

2869 errors and 57131 correct classifications

2856 errors and 57144 correct classifications

2857 errors and 57143 correct classifications

2854 errors and 57146 correct classifications

2866 errors and 57134 correct classifications

2860 errors and 57140 correct classifications

2863 errors and 57137 correct classifications

2859 errors and 57141 correct classifications

2856 errors and 57144 correct classifications

2855 errors and 57145 correct classifications

2855 errors and 57145 correct classifications

2854 errors and 57146 correct classifications

2848 errors and 57152 correct classifications

2849 errors and 57151 correct classifications

2849 errors and 57151 correct classifications

2854 errors and 57146 correct classifications

2862 errors and 57138 correct classifications

2863 errors and 57137 correct classifications

2865 errors and 57135 correct classifications

2850 errors and 57150 correct classifications

2855 errors and 57145 correct classifications

2857 errors and 57143 correct classifications

2849 errors and 57151 correct classifications

2853 errors and 57147 correct classifications

2854 errors and 57146 correct classifications

2846 errors and 57154 correct classifications

2861 errors and 57139 correct classifications

2868 errors and 57132 correct classifications

2854 errors and 57146 correct classifications

2857 errors and 57143 correct classifications

2849 errors and 57151 correct classifications

2850 errors and 57150 correct classifications

2842 errors and 57158 correct classifications

2844 errors and 57156 correct classifications

2851 errors and 57149 correct classifications

2847 errors and 57153 correct classifications

2844 errors and 57156 correct classifications

2843 errors and 57157 correct classifications

2845 errors and 57155 correct classifications

2842 errors and 57158 correct classifications

2843 errors and 57157 correct classifications

2846 errors and 57154 correct classifications

2852 errors and 57148 correct classifications

2849 errors and 57151 correct classifications

2858 errors and 57142 correct classifications

2848 errors and 57152 correct classifications

2843 errors and 57157 correct classifications

2842 errors and 57158 correct classifications

2850 errors and 57150 correct classifications

2852 errors and 57148 correct classifications

2845 errors and 57155 correct classifications

2836 errors and 57164 correct classifications

2848 errors and 57152 correct classifications

2838 errors and 57162 correct classifications

2844 errors and 57156 correct classifications

2838 errors and 57162 correct classifications

2847 errors and 57153 correct classifications

2842 errors and 57158 correct classifications

2842 errors and 57158 correct classifications

2839 errors and 57161 correct classifications

2845 errors and 57155 correct classifications

2839 errors and 57161 correct classifications

2855 errors and 57145 correct classifications

2853 errors and 57147 correct classifications

2858 errors and 57142 correct classifications

2859 errors and 57141 correct classifications

2862 errors and 57138 correct classifications

2845 errors and 57155 correct classifications

2848 errors and 57152 correct classifications

2841 errors and 57159 correct classifications

2852 errors and 57148 correct classifications

2839 errors and 57161 correct classifications

2855 errors and 57145 correct classifications

2858 errors and 57142 correct classifications

2855 errors and 57145 correct classifications

2917 errors and 57083 correct classifications

2852 errors and 57148 correct classifications

2846 errors and 57154 correct classifications

2840 errors and 57160 correct classifications

2836 errors and 57164 correct classifications

2850 errors and 57150 correct classifications

2872 errors and 57128 correct classifications

2876 errors and 57124 correct classifications

2848 errors and 57152 correct classifications

2844 errors and 57156 correct classifications

2837 errors and 57163 correct classifications

2840 errors and 57160 correct classifications

2841 errors and 57159 correct classifications

2836 errors and 57164 correct classifications

2836 errors and 57164 correct classifications

2846 errors and 57154 correct classifications

2851 errors and 57149 correct classifications

2860 errors and 57140 correct classifications

2840 errors and 57160 correct classifications

2839 errors and 57161 correct classifications

2833 errors and 57167 correct classifications

2838 errors and 57162 correct classifications

2834 errors and 57166 correct classifications

2837 errors and 57163 correct classifications

2836 errors and 57164 correct classifications

2836 errors and 57164 correct classifications

2834 errors and 57166 correct classifications

2862 errors and 57138 correct classifications

2846 errors and 57154 correct classifications

2845 errors and 57155 correct classifications

2867 errors and 57133 correct classifications

2858 errors and 57142 correct classifications

2840 errors and 57160 correct classifications

2841 errors and 57159 correct classifications

2840 errors and 57160 correct classifications

2868 errors and 57132 correct classifications

2878 errors and 57122 correct classifications

2860 errors and 57140 correct classifications

2864 errors and 57136 correct classifications

2877 errors and 57123 correct classifications

2841 errors and 57159 correct classifications

2842 errors and 57158 correct classifications

2849 errors and 57151 correct classifications

2834 errors and 57166 correct classifications

2838 errors and 57162 correct classifications

2871 errors and 57129 correct classifications

2844 errors and 57156 correct classifications

2842 errors and 57158 correct classifications

2849 errors and 57151 correct classifications

2848 errors and 57152 correct classifications

2864 errors and 57136 correct classifications

2834 errors and 57166 correct classifications

2837 errors and 57163 correct classifications

2833 errors and 57167 correct classifications

2838 errors and 57162 correct classifications

2846 errors and 57154 correct classifications

2837 errors and 57163 correct classifications

2860 errors and 57140 correct classifications

2865 errors and 57135 correct classifications

2861 errors and 57139 correct classifications

2853 errors and 57147 correct classifications

2869 errors and 57131 correct classifications

2838 errors and 57162 correct classifications

2832 errors and 57168 correct classifications

2829 errors and 57171 correct classifications

2828 errors and 57172 correct classifications

2827 errors and 57173 correct classifications

2836 errors and 57164 correct classifications

2840 errors and 57160 correct classifications

2833 errors and 57167 correct classifications

2837 errors and 57163 correct classifications

2830 errors and 57170 correct classifications

2826 errors and 57174 correct classifications

2831 errors and 57169 correct classifications

2831 errors and 57169 correct classifications

2829 errors and 57171 correct classifications

2831 errors and 57169 correct classifications

2833 errors and 57167 correct classifications

2840 errors and 57160 correct classifications

2839 errors and 57161 correct classifications

2837 errors and 57163 correct classifications

2841 errors and 57159 correct classifications

2858 errors and 57142 correct classifications

2838 errors and 57162 correct classifications

2832 errors and 57168 correct classifications

2830 errors and 57170 correct classifications

2829 errors and 57171 correct classifications

2830 errors and 57170 correct classifications

2827 errors and 57173 correct classifications

2825 errors and 57175 correct classifications

2834 errors and 57166 correct classifications

2837 errors and 57163 correct classifications

2836 errors and 57164 correct classifications

2856 errors and 57144 correct classifications

2839 errors and 57161 correct classifications

2839 errors and 57161 correct classifications

2833 errors and 57167 correct classifications

2846 errors and 57154 correct classifications

2850 errors and 57150 correct classifications

2839 errors and 57161 correct classifications

2834 errors and 57166 correct classifications

2835 errors and 57165 correct classifications

2830 errors and 57170 correct classifications

2835 errors and 57165 correct classifications

2831 errors and 57169 correct classifications

2828 errors and 57172 correct classifications

2833 errors and 57167 correct classifications

2832 errors and 57168 correct classifications

2837 errors and 57163 correct classifications

2852 errors and 57148 correct classifications

2850 errors and 57150 correct classifications

2848 errors and 57152 correct classifications

2841 errors and 57159 correct classifications

2837 errors and 57163 correct classifications

2844 errors and 57156 correct classifications

2832 errors and 57168 correct classifications

2824 errors and 57176 correct classifications

2837 errors and 57163 correct classifications

2853 errors and 57147 correct classifications

2892 errors and 57108 correct classifications

2862 errors and 57138 correct classifications

2839 errors and 57161 correct classifications

2845 errors and 57155 correct classifications

2844 errors and 57156 correct classifications

2836 errors and 57164 correct classifications

2840 errors and 57160 correct classifications

2845 errors and 57155 correct classifications

2840 errors and 57160 correct classifications

2845 errors and 57155 correct classifications

2841 errors and 57159 correct classifications

2851 errors and 57149 correct classifications

2862 errors and 57138 correct classifications

2839 errors and 57161 correct classifications

2839 errors and 57161 correct classifications

2834 errors and 57166 correct classifications

2841 errors and 57159 correct classifications

2837 errors and 57163 correct classifications

2831 errors and 57169 correct classifications

2835 errors and 57165 correct classifications

2839 errors and 57161 correct classifications

2838 errors and 57162 correct classifications

2838 errors and 57162 correct classifications

2833 errors and 57167 correct classifications

2829 errors and 57171 correct classifications

2826 errors and 57174 correct classifications

2825 errors and 57175 correct classifications

2822 errors and 57178 correct classifications

2824 errors and 57176 correct classifications

2830 errors and 57170 correct classifications

2822 errors and 57178 correct classifications

2833 errors and 57167 correct classifications

2830 errors and 57170 correct classifications

2821 errors and 57179 correct classifications

2826 errors and 57174 correct classifications

2818 errors and 57182 correct classifications

2825 errors and 57175 correct classifications

2825 errors and 57175 correct classifications

2827 errors and 57173 correct classifications

2822 errors and 57178 correct classifications

2823 errors and 57177 correct classifications

2831 errors and 57169 correct classifications

2835 errors and 57165 correct classifications

2831 errors and 57169 correct classifications

2827 errors and 57173 correct classifications

2824 errors and 57176 correct classifications

2823 errors and 57177 correct classifications

2821 errors and 57179 correct classifications

2819 errors and 57181 correct classifications

2820 errors and 57180 correct classifications

2825 errors and 57175 correct classifications

2820 errors and 57180 correct classifications

2820 errors and 57180 correct classifications

2820 errors and 57180 correct classifications

2825 errors and 57175 correct classifications

2829 errors and 57171 correct classifications

2835 errors and 57165 correct classifications

2820 errors and 57180 correct classifications

2823 errors and 57177 correct classifications

2825 errors and 57175 correct classifications

2826 errors and 57174 correct classifications

2845 errors and 57155 correct classifications

2825 errors and 57175 correct classifications

2838 errors and 57162 correct classifications

2815 errors and 57185 correct classifications

2838 errors and 57162 correct classifications

2826 errors and 57174 correct classifications

2820 errors and 57180 correct classifications

2835 errors and 57165 correct classifications

2830 errors and 57170 correct classifications

2826 errors and 57174 correct classifications

2864 errors and 57136 correct classifications

2837 errors and 57163 correct classifications

2828 errors and 57172 correct classifications

2823 errors and 57177 correct classifications

2842 errors and 57158 correct classifications

2831 errors and 57169 correct classifications

2831 errors and 57169 correct classifications

2824 errors and 57176 correct classifications

2879 errors and 57121 correct classifications

2828 errors and 57172 correct classifications

2836 errors and 57164 correct classifications

2847 errors and 57153 correct classifications

2820 errors and 57180 correct classifications

2820 errors and 57180 correct classifications

2816 errors and 57184 correct classifications

2823 errors and 57177 correct classifications

2819 errors and 57181 correct classifications

2814 errors and 57186 correct classifications

2828 errors and 57172 correct classifications

2823 errors and 57177 correct classifications

2847 errors and 57153 correct classifications

2834 errors and 57166 correct classifications

2821 errors and 57179 correct classifications

2820 errors and 57180 correct classifications

2825 errors and 57175 correct classifications

2817 errors and 57183 correct classifications

2823 errors and 57177 correct classifications

2822 errors and 57178 correct classifications

2826 errors and 57174 correct classifications

2829 errors and 57171 correct classifications

2836 errors and 57164 correct classifications

2830 errors and 57170 correct classifications

2823 errors and 57177 correct classifications

2823 errors and 57177 correct classifications

2822 errors and 57178 correct classifications

2823 errors and 57177 correct classifications

2829 errors and 57171 correct classifications

2827 errors and 57173 correct classifications

2831 errors and 57169 correct classifications

2824 errors and 57176 correct classifications

2814 errors and 57186 correct classifications

2823 errors and 57177 correct classifications

2821 errors and 57179 correct classifications

2819 errors and 57181 correct classifications

2814 errors and 57186 correct classifications

2817 errors and 57183 correct classifications

2816 errors and 57184 correct classifications

2822 errors and 57178 correct classifications

2818 errors and 57182 correct classifications

2817 errors and 57183 correct classifications

2814 errors and 57186 correct classifications

2816 errors and 57184 correct classifications

2815 errors and 57185 correct classifications

2831 errors and 57169 correct classifications

2834 errors and 57166 correct classifications

2834 errors and 57166 correct classifications

2828 errors and 57172 correct classifications

2825 errors and 57175 correct classifications

2824 errors and 57176 correct classifications

2830 errors and 57170 correct classifications

2832 errors and 57168 correct classifications

2826 errors and 57174 correct classifications

2828 errors and 57172 correct classifications

2821 errors and 57179 correct classifications

2830 errors and 57170 correct classifications

2830 errors and 57170 correct classifications

2836 errors and 57164 correct classifications

2861 errors and 57139 correct classifications

2841 errors and 57159 correct classifications

2842 errors and 57158 correct classifications

2828 errors and 57172 correct classifications

2824 errors and 57176 correct classifications

2830 errors and 57170 correct classifications

2828 errors and 57172 correct classifications

2827 errors and 57173 correct classifications

2830 errors and 57170 correct classifications

2831 errors and 57169 correct classifications

2817 errors and 57183 correct classifications

2821 errors and 57179 correct classifications

2823 errors and 57177 correct classifications

2815 errors and 57185 correct classifications

2820 errors and 57180 correct classifications

2817 errors and 57183 correct classifications

2817 errors and 57183 correct classifications

2821 errors and 57179 correct classifications

2824 errors and 57176 correct classifications

2822 errors and 57178 correct classifications

2815 errors and 57185 correct classifications

2822 errors and 57178 correct classifications

2825 errors and 57175 correct classifications

2832 errors and 57168 correct classifications

2823 errors and 57177 correct classifications

2820 errors and 57180 correct classifications

2813 errors and 57187 correct classifications

2814 errors and 57186 correct classifications

2822 errors and 57178 correct classifications

2823 errors and 57177 correct classifications

2819 errors and 57181 correct classifications

2821 errors and 57179 correct classifications

2826 errors and 57174 correct classifications

2844 errors and 57156 correct classifications

2840 errors and 57160 correct classifications

2846 errors and 57154 correct classifications

2823 errors and 57177 correct classifications

2821 errors and 57179 correct classifications

2817 errors and 57183 correct classifications

2827 errors and 57173 correct classifications

2816 errors and 57184 correct classifications

2818 errors and 57182 correct classifications

2821 errors and 57179 correct classifications

2826 errors and 57174 correct classifications

2822 errors and 57178 correct classifications

2814 errors and 57186 correct classifications

2833 errors and 57167 correct classifications

2839 errors and 57161 correct classifications

2824 errors and 57176 correct classifications

2822 errors and 57178 correct classifications

2816 errors and 57184 correct classifications

2825 errors and 57175 correct classifications

2817 errors and 57183 correct classifications

2823 errors and 57177 correct classifications

2816 errors and 57184 correct classifications

2815 errors and 57185 correct classifications

2817 errors and 57183 correct classifications

2824 errors and 57176 correct classifications

2815 errors and 57185 correct classifications

2820 errors and 57180 correct classifications

2831 errors and 57169 correct classifications

2828 errors and 57172 correct classifications

2848 errors and 57152 correct classifications

2836 errors and 57164 correct classifications

2823 errors and 57177 correct classifications

2820 errors and 57180 correct classifications

2823 errors and 57177 correct classifications

2825 errors and 57175 correct classifications

2817 errors and 57183 correct classifications

2818 errors and 57182 correct classifications

2820 errors and 57180 correct classifications

2824 errors and 57176 correct classifications

2817 errors and 57183 correct classifications

2819 errors and 57181 correct classifications

2819 errors and 57181 correct classifications

2816 errors and 57184 correct classifications

2825 errors and 57175 correct classifications

2816 errors and 57184 correct classifications

2815 errors and 57185 correct classifications

2831 errors and 57169 correct classifications

2820 errors and 57180 correct classifications

2830 errors and 57170 correct classifications

2859 errors and 57141 correct classifications

2834 errors and 57166 correct classifications

2829 errors and 57171 correct classifications

2826 errors and 57174 correct classifications

2834 errors and 57166 correct classifications

2831 errors and 57169 correct classifications

2820 errors and 57180 correct classifications

2831 errors and 57169 correct classifications

2822 errors and 57178 correct classifications

2822 errors and 57178 correct classifications

2824 errors and 57176 correct classifications

2815 errors and 57185 correct classifications

2826 errors and 57174 correct classifications

2818 errors and 57182 correct classifications

2814 errors and 57186 correct classifications

2816 errors and 57184 correct classifications

2822 errors and 57178 correct classifications

2820 errors and 57180 correct classifications

2818 errors and 57182 correct classifications

2819 errors and 57181 correct classifications

2834 errors and 57166 correct classifications

2824 errors and 57176 correct classifications

2832 errors and 57168 correct classifications

2818 errors and 57182 correct classifications

2811 errors and 57189 correct classifications

2817 errors and 57183 correct classifications

2818 errors and 57182 correct classifications

2841 errors and 57159 correct classifications

2830 errors and 57170 correct classifications

2836 errors and 57164 correct classifications

2838 errors and 57162 correct classifications

2829 errors and 57171 correct classifications

2844 errors and 57156 correct classifications

2829 errors and 57171 correct classifications

2843 errors and 57157 correct classifications

2823 errors and 57177 correct classifications

2883 errors and 57117 correct classifications

2848 errors and 57152 correct classifications

2835 errors and 57165 correct classifications

2834 errors and 57166 correct classifications

2816 errors and 57184 correct classifications

2821 errors and 57179 correct classifications

2808 errors and 57192 correct classifications

2812 errors and 57188 correct classifications

2808 errors and 57192 correct classifications

2812 errors and 57188 correct classifications

2813 errors and 57187 correct classifications

2815 errors and 57185 correct classifications

2818 errors and 57182 correct classifications

2837 errors and 57163 correct classifications

2825 errors and 57175 correct classifications

2823 errors and 57177 correct classifications

2818 errors and 57182 correct classifications

2814 errors and 57186 correct classifications

2837 errors and 57163 correct classifications

2842 errors and 57158 correct classifications

2823 errors and 57177 correct classifications

2828 errors and 57172 correct classifications

2822 errors and 57178 correct classifications

2815 errors and 57185 correct classifications

2813 errors and 57187 correct classifications

2817 errors and 57183 correct classifications

2810 errors and 57190 correct classifications

2824 errors and 57176 correct classifications

2817 errors and 57183 correct classifications

2823 errors and 57177 correct classifications

2830 errors and 57170 correct classifications

2818 errors and 57182 correct classifications

2819 errors and 57181 correct classifications

2816 errors and 57184 correct classifications

2808 errors and 57192 correct classifications

2810 errors and 57190 correct classifications

2811 errors and 57189 correct classifications

2806 errors and 57194 correct classifications

2809 errors and 57191 correct classifications

2814 errors and 57186 correct classifications

2836 errors and 57164 correct classifications

2816 errors and 57184 correct classifications

2813 errors and 57187 correct classifications

2822 errors and 57178 correct classifications

2815 errors and 57185 correct classifications

2815 errors and 57185 correct classifications

2815 errors and 57185 correct classifications

2818 errors and 57182 correct classifications

2816 errors and 57184 correct classifications

2828 errors and 57172 correct classifications

2838 errors and 57162 correct classifications

2837 errors and 57163 correct classifications

2826 errors and 57174 correct classifications

2826 errors and 57174 correct classifications

2814 errors and 57186 correct classifications

2825 errors and 57175 correct classifications

2870 errors and 57130 correct classifications

2819 errors and 57181 correct classifications

2815 errors and 57185 correct classifications

2810 errors and 57190 correct classifications

2808 errors and 57192 correct classifications

2819 errors and 57181 correct classifications

2810 errors and 57190 correct classifications

2806 errors and 57194 correct classifications

2814 errors and 57186 correct classifications

2811 errors and 57189 correct classifications

2815 errors and 57185 correct classifications

2808 errors and 57192 correct classifications

2809 errors and 57191 correct classifications

2810 errors and 57190 correct classifications

2815 errors and 57185 correct classifications

2809 errors and 57191 correct classifications

2807 errors and 57193 correct classifications

2812 errors and 57188 correct classifications

2808 errors and 57192 correct classifications

2806 errors and 57194 correct classifications

2808 errors and 57192 correct classifications

2812 errors and 57188 correct classifications

2810 errors and 57190 correct classifications

2811 errors and 57189 correct classifications

2816 errors and 57184 correct classifications

2803 errors and 57197 correct classifications

2805 errors and 57195 correct classifications

2821 errors and 57179 correct classifications

2842 errors and 57158 correct classifications

2868 errors and 57132 correct classifications

2843 errors and 57157 correct classifications

2850 errors and 57150 correct classifications

2825 errors and 57175 correct classifications

2811 errors and 57189 correct classifications

2816 errors and 57184 correct classifications

2821 errors and 57179 correct classifications

2822 errors and 57178 correct classifications

2814 errors and 57186 correct classifications

2808 errors and 57192 correct classifications

2810 errors and 57190 correct classifications

2808 errors and 57192 correct classifications

2806 errors and 57194 correct classifications

2807 errors and 57193 correct classifications

2810 errors and 57190 correct classifications

2809 errors and 57191 correct classifications

2806 errors and 57194 correct classifications

2814 errors and 57186 correct classifications

2806 errors and 57194 correct classifications

2817 errors and 57183 correct classifications

2823 errors and 57177 correct classifications

2815 errors and 57185 correct classifications

2809 errors and 57191 correct classifications

2810 errors and 57190 correct classifications

2807 errors and 57193 correct classifications

2804 errors and 57196 correct classifications

2809 errors and 57191 correct classifications

2805 errors and 57195 correct classifications

2809 errors and 57191 correct classifications

2802 errors and 57198 correct classifications

2803 errors and 57197 correct classifications

2803 errors and 57197 correct classifications

2804 errors and 57196 correct classifications

2801 errors and 57199 correct classifications

2805 errors and 57195 correct classifications

2809 errors and 57191 correct classifications

2805 errors and 57195 correct classifications

2811 errors and 57189 correct classifications

2803 errors and 57197 correct classifications

2805 errors and 57195 correct classifications

2815 errors and 57185 correct classifications

2830 errors and 57170 correct classifications

2813 errors and 57187 correct classifications

2819 errors and 57181 correct classifications

2810 errors and 57190 correct classifications

2814 errors and 57186 correct classifications

2817 errors and 57183 correct classifications

2810 errors and 57190 correct classifications

2804 errors and 57196 correct classifications

2814 errors and 57186 correct classifications

2802 errors and 57198 correct classifications

2805 errors and 57195 correct classifications

2802 errors and 57198 correct classifications

2823 errors and 57177 correct classifications


52510 errors and 7490 correct classifications

54142 errors and 5858 correct classifications

54142 errors and 5858 correct classifications